 win32_handmade

 Timestamp is 5b677ffd (Sun Aug  5 18:53:49 2018)

 Preferred load address is 0000000140000000

 Start         Length     Name                   Class
 0001:00000000 00038d60H .text$mn                CODE
 0001:00038d60 00000020H .text$mn$00             CODE
 0001:00038d80 0000061dH .text$x                 CODE
 0002:00000000 00000360H .idata$5                DATA
 0002:00000360 00000010H .00cfg                  DATA
 0002:00000370 00000008H .CRT$XCA                DATA
 0002:00000378 00000008H .CRT$XCAA               DATA
 0002:00000380 00000008H .CRT$XCZ                DATA
 0002:00000388 00000008H .CRT$XIA                DATA
 0002:00000390 00000008H .CRT$XIAA               DATA
 0002:00000398 00000008H .CRT$XIAC               DATA
 0002:000003a0 00000018H .CRT$XIC                DATA
 0002:000003b8 00000008H .CRT$XIZ                DATA
 0002:000003c0 00000008H .CRT$XPA                DATA
 0002:000003c8 00000010H .CRT$XPX                DATA
 0002:000003d8 00000008H .CRT$XPXA               DATA
 0002:000003e0 00000008H .CRT$XPZ                DATA
 0002:000003e8 00000008H .CRT$XTA                DATA
 0002:000003f0 00000010H .CRT$XTZ                DATA
 0002:000003f8 00000000H .gfids$y                DATA
 0002:00000400 00010160H .rdata                  DATA
 0002:00010560 0000016cH .rdata$r                DATA
 0002:000106cc 0000033cH .rdata$zzzdbg           DATA
 0002:00010a08 00000008H .rtc$IAA                DATA
 0002:00010a10 00000008H .rtc$IZZ                DATA
 0002:00010a18 00000008H .rtc$TAA                DATA
 0002:00010a20 00000010H .rtc$TZZ                DATA
 0002:00010a30 00001140H .xdata                  DATA
 0002:00011b70 00000084H .xdata$x                DATA
 0002:00011bf4 00000000H .edata                  DATA
 0002:00011bf4 00000050H .idata$2                DATA
 0002:00011c44 00000014H .idata$3                DATA
 0002:00011c58 00000360H .idata$4                DATA
 0002:00011fb8 0000077aH .idata$6                DATA
 0003:00000000 00000950H .data                   DATA
 0003:00000950 00000070H .data$r                 DATA
 0003:000009c0 000018c0H .bss                    DATA
 0004:00000000 00002dccH .pdata                  DATA

  Address         Publics by Value              Rva+Base               Lib:Object

 0000:00000000       __dynamic_value_reloc_table 0000000000000000     <absolute>
 0000:00000000       __guard_iat_count          0000000000000000     <absolute>
 0000:00000000       __hybrid_code_map          0000000000000000     <absolute>
 0000:00000000       __hybrid_code_map_count    0000000000000000     <absolute>
 0000:00000000       __hybrid_auxiliary_iat     0000000000000000     <absolute>
 0000:00000000       __guard_iat_table          0000000000000000     <absolute>
 0000:00000000       __guard_fids_count         0000000000000000     <absolute>
 0000:00000000       __enclave_config           0000000000000000     <absolute>
 0000:00000000       __guard_longjmp_table      0000000000000000     <absolute>
 0000:00000000       ___safe_se_handler_table   0000000000000000     <absolute>
 0000:00000000       __guard_longjmp_count      0000000000000000     <absolute>
 0000:00000000       ___safe_se_handler_count   0000000000000000     <absolute>
 0000:00000000       __guard_fids_table         0000000000000000     <absolute>
 0000:00000100       __guard_flags              0000000000000100     <absolute>
 0000:00000000       __ImageBase                0000000140000000     <linker-defined>
 0001:00000000       WinMain                    0000000140001000 f   win32_handmade.obj
 0001:00001790       ?XInputGetStateStub@@YAKKPEAU_XINPUT_STATE@@@Z 0000000140002790 f   win32_handmade.obj
 0001:000017b0       ?XInputSetStateStub@@YAKKPEAU_XINPUT_VIBRATION@@@Z 00000001400027b0 f   win32_handmade.obj
 0001:00001a30       ?DEBUGPlatformFreeFileMemory@@YAXPEAUthread_context@@PEAX@Z 0000000140002a30 f   win32_handmade.obj
 0001:00001a70       ?DEBUGPlatformReadEntireFile@@YA?AUdebug_read_file_result@@PEAUthread_context@@PEAD@Z 0000000140002a70 f   win32_handmade.obj
 0001:00001bc0       ?DEBUGPlatformWriteEntireFile@@YAHPEAUthread_context@@PEADIPEAX@Z 0000000140002bc0 f   win32_handmade.obj
 0001:000031f0       ?GetController@@YAPEAUgame_controller_input@@PEAUgame_input@@I@Z 00000001400041f0 f i win32_handmade.obj
 0001:00003240       ?SafeTruncateUInt64@@YAI_K@Z 0000000140004240 f i win32_handmade.obj
 0001:00003270       ?Win32GetLastWriteTime@@YA?AU_FILETIME@@PEAD@Z 0000000140004270 f i win32_handmade.obj
 0001:000032e0       ?Win32GetSecondsElapsed@@YAMT_LARGE_INTEGER@@0@Z 00000001400042e0 f i win32_handmade.obj
 0001:00003320       ?Win32GetWallClock@@YA?AT_LARGE_INTEGER@@XZ 0000000140004320 f i win32_handmade.obj
 0001:00003340       __GSHandlerCheck           0000000140004340 f   LIBCMTD:_gshandler_.obj
 0001:00003380       __GSHandlerCheckCommon     0000000140004380 f   LIBCMTD:_gshandler_.obj
 0001:00003490       _alloca_probe              0000000140004490 f   LIBCMTD:_chkstk_.obj
 0001:00003490       __chkstk                   0000000140004490 f   LIBCMTD:_chkstk_.obj
 0001:00003500       __security_check_cookie    0000000140004500 f   LIBCMTD:_amdsecgs_.obj
 0001:000037c0       ?configure_argv@__scrt_narrow_argv_policy@@SAHXZ 00000001400047c0 f i LIBCMTD:exe_winmain.obj
 0001:000037e0       ?initialize_environment@__scrt_narrow_environment_policy@@SAHXZ 00000001400047e0 f i LIBCMTD:exe_winmain.obj
 0001:00003830       ?set_app_type@__scrt_winmain_policy@@SAXXZ 0000000140004830 f i LIBCMTD:exe_winmain.obj
 0001:00003850       ?set_commode@__scrt_file_policy@@SAXXZ 0000000140004850 f i LIBCMTD:exe_winmain.obj
 0001:00003870       ?set_fmode@__scrt_file_policy@@SAXXZ 0000000140004870 f i LIBCMTD:exe_winmain.obj
 0001:00003890       WinMainCRTStartup          0000000140004890 f   LIBCMTD:exe_winmain.obj
 0001:000038a0       __raise_securityfailure    00000001400048a0 f   LIBCMTD:gs_report.obj
 0001:000038e0       __report_gsfailure         00000001400048e0 f   LIBCMTD:gs_report.obj
 0001:000039c0       __report_rangecheckfailure 00000001400049c0 f   LIBCMTD:gs_report.obj
 0001:000039e0       __report_securityfailure   00000001400049e0 f   LIBCMTD:gs_report.obj
 0001:00003be0       ??$__crt_fast_decode_pointer@P6AXH@Z@@YAP6AXH@ZQ6AXH@Z@Z 0000000140004be0 f i libucrtd:signal.obj
 0001:00003be0       ??$__crt_fast_decode_pointer@P6AXPEAXK0@Z@@YAP6AXPEAXK0@ZQ6AX0K0@Z@Z 0000000140004be0 f i libucrtd:exit.obj
 0001:00003be0       ??$__crt_fast_decode_pointer@P6AHPEAU_exception@@@Z@@YAP6AHPEAU_exception@@@ZQ6AH0@Z@Z 0000000140004be0 f i libucrtd:matherr.obj
 0001:00003be0       ??$__crt_fast_decode_pointer@P6AXPEB_W00I_K@Z@@YAP6AXPEB_W00I_K@ZQ6AX000I1@Z@Z 0000000140004be0 f i libucrtd:invalid_parameter.obj
 0001:00003be0       ??$__crt_fast_decode_pointer@PEAX@@YAPEAXQEAX@Z 0000000140004be0 f i libvcruntimed:winapi_downlevel.obj
 0001:00003be0       ??$__crt_fast_decode_pointer@P6AH_K@Z@@YAP6AH_K@ZQ6AH0@Z@Z 0000000140004be0 f i libucrtd:new_handler.obj
 0001:00003be0       ??$__crt_fast_decode_pointer@P6AXXZ@@YAP6AXXZQ6AXXZ@Z 0000000140004be0 f i libvcruntimed:purevirt.obj
 0001:00003be0       ??$__crt_fast_decode_pointer@PEAP6AXXZ@@YAPEAP6AXXZQEAP6AXXZ@Z 0000000140004be0 f i LIBCMTD:utility.obj
 0001:00003c20       ??$__crt_fast_encode_pointer@P6AXPEAXK0@Z@@YAP6AXPEAXK0@ZQ6AX0K0@Z@Z 0000000140004c20 f i libucrtd:exit.obj
 0001:00003c20       ??$__crt_fast_encode_pointer@P6AXXZ@@YAP6AXXZQ6AXXZ@Z 0000000140004c20 f i libvcruntimed:purevirt_data.obj
 0001:00003c20       ??$__crt_fast_encode_pointer@P6AHXZ@@YAP6AHXZQ6AHXZ@Z 0000000140004c20 f i libucrtd:onexit.obj
 0001:00003c20       ??$__crt_fast_encode_pointer@PEAP6AXXZ@@YAPEAP6AXXZQEAP6AXXZ@Z 0000000140004c20 f i LIBCMTD:utility.obj
 0001:00003c20       ??$__crt_fast_encode_pointer@P6AXH@Z@@YAP6AXH@ZQ6AXH@Z@Z 0000000140004c20 f i libucrtd:signal.obj
 0001:00003c20       ??$__crt_fast_encode_pointer@P6AHPEAU_exception@@@Z@@YAP6AHPEAU_exception@@@ZQ6AH0@Z@Z 0000000140004c20 f i libucrtd:matherr.obj
 0001:00003c20       ??$__crt_fast_encode_pointer@PEAX@@YAPEAXQEAX@Z 0000000140004c20 f i libvcruntimed:winapi_downlevel.obj
 0001:00003c60       ?__crt_rotate_pointer_value@@YA_K_KH@Z 0000000140004c60 f i LIBCMTD:utility.obj
 0001:00003de0       NtCurrentTeb               0000000140004de0 f i LIBCMTD:utility.obj
 0001:00003df0       __scrt_acquire_startup_lock 0000000140004df0 f   LIBCMTD:utility.obj
 0001:00003e60       __scrt_initialize_crt      0000000140004e60 f   LIBCMTD:utility.obj
 0001:00003eb0       __scrt_initialize_onexit_tables 0000000140004eb0 f   LIBCMTD:utility.obj
 0001:00003fc0       __scrt_is_nonwritable_in_current_image 0000000140004fc0 f   LIBCMTD:utility.obj
 0001:00004050       __scrt_release_startup_lock 0000000140005050 f   LIBCMTD:utility.obj
 0001:00004080       __scrt_uninitialize_crt    0000000140005080 f   LIBCMTD:utility.obj
 0001:000040c0       _onexit                    00000001400050c0 f   LIBCMTD:utility.obj
 0001:00004150       atexit                     0000000140005150 f   LIBCMTD:utility.obj
 0001:00004250       __security_init_cookie     0000000140005250 f   LIBCMTD:gs_support.obj
 0001:000042d0       ?get_current_state_index@__crt_state_management@@YA_KAEBV__crt_scoped_get_last_error_reset@@@Z 00000001400052d0 f   libucrtd:per_thread_data.obj
 0001:000042d0       _matherr                   00000001400052d0 f   LIBCMTD:matherr.obj
 0001:000042e0       _get_startup_argv_mode     00000001400052e0 f   LIBCMTD:argv_mode.obj
 0001:000042f0       __scrt_initialize_winrt    00000001400052f0 f   LIBCMTD:utility_desktop.obj
 0001:000042f0       ?get_current_state_index@__crt_state_management@@YA_KXZ 00000001400052f0 f   libucrtd:matherr.obj
 0001:000042f0       _get_startup_thread_locale_mode 00000001400052f0 f   LIBCMTD:thread_locale.obj
 0001:000042f0       _get_startup_new_mode      00000001400052f0 f   LIBCMTD:new_mode.obj
 0001:000042f0       _get_startup_commit_mode   00000001400052f0 f   LIBCMTD:commit_mode.obj
 0001:000042f0       ?get_invalid_value@__crt_hmodule_traits@@SAPEAUHINSTANCE__@@XZ 00000001400052f0 f   libucrtd:exit.obj
 0001:00004300       _get_startup_file_mode     0000000140005300 f   LIBCMTD:file_mode.obj
 0001:00004310       ?__scrt_initialize_type_info@@YAXXZ 0000000140005310 f   LIBCMTD:tncleanup.obj
 0001:00004330       _should_initialize_environment 0000000140005330 f   LIBCMTD:env_mode.obj
 0001:00004340       _initialize_denormal_control 0000000140005340 f   LIBCMTD:denormal_control.obj
 0001:00004340       _initialize_invalid_parameter_handler 0000000140005340 f   LIBCMTD:invalid_parameter_handler.obj
 0001:00004350       __local_stdio_printf_options 0000000140005350 f i LIBCMTD:default_local_stdio_options.obj
 0001:00004360       __local_stdio_scanf_options 0000000140005360 f i LIBCMTD:default_local_stdio_options.obj
 0001:00004370       __scrt_initialize_default_local_stdio_options 0000000140005370 f   LIBCMTD:default_local_stdio_options.obj
 0001:000043c0       __scrt_is_user_matherr_present 00000001400053c0 f   LIBCMTD:matherr_detection.obj
 0001:000043f0       __scrt_get_dyn_tls_init_callback 00000001400053f0 f   LIBCMTD:dyn_tls_init.obj
 0001:00004400       __scrt_get_dyn_tls_dtor_callback 0000000140005400 f   LIBCMTD:dyn_tls_dtor.obj
 0001:00004410       __crt_debugger_hook        0000000140005410 f   LIBCMTD:utility_desktop.obj
 0001:00004420       __scrt_fastfail            0000000140005420 f   LIBCMTD:utility_desktop.obj
 0001:000045c0       __scrt_get_show_window_mode 00000001400055c0 f   LIBCMTD:utility_desktop.obj
 0001:00004620       __scrt_is_managed_app      0000000140005620 f   LIBCMTD:utility_desktop.obj
 0001:000046d0       __scrt_set_unhandled_exception_filter 00000001400056d0 f   LIBCMTD:utility_desktop.obj
 0001:000046f0       __scrt_unhandled_exception_filter 00000001400056f0 f   LIBCMTD:utility_desktop.obj
 0001:00004770       _RTC_Initialize            0000000140005770 f   LIBCMTD:_initsect_.obj
 0001:000047c0       _RTC_Terminate             00000001400057c0 f   LIBCMTD:_initsect_.obj
 0001:00004810       ??1?$__crt_simd_cleanup_guard@$0A@@@QEAA@XZ 0000000140005810 f i libucrtd:strnlen.obj
 0001:00004810       ??1scoped_global_state_reset@__crt_state_management@@QEAA@XZ 0000000140005810 f i libucrtd:onexit.obj
 0001:00004810       _guard_check_icall_nop     0000000140005810 f i LIBCMTD:guard_support.obj
 0001:00004820       ?__crt_interlocked_read_64@@YA_JPED_J@Z 0000000140005820 f i libvcruntimed:std_type_info.obj
 0001:00004820       ReadNoFence64              0000000140005820 f i LIBCMTD:guard_support.obj
 0001:00004840       ??$__crt_interlocked_read_pointer@UHINSTANCE__@@@@YAPEAUHINSTANCE__@@PEDSEAU0@@Z 0000000140005840 f i libvcruntimed:winapi_downlevel.obj
 0001:00004840       ??$__crt_interlocked_read_pointer@X@@YAPEAXPEDSEAX@Z 0000000140005840 f i libvcruntimed:winapi_downlevel.obj
 0001:00004840       ReadPointerNoFence         0000000140005840 f i LIBCMTD:guard_support.obj
 0001:00004860       _guard_icall_checks_enforced 0000000140005860 f i LIBCMTD:guard_support.obj
 0001:000048a0       __isa_available_init       00000001400058a0 f   LIBCMTD:_cpu_disp_.obj
 0001:00004c10       __scrt_is_ucrt_dll_in_use  0000000140005c10 f   LIBCMTD:ucrt_detection.obj
 0001:00004c40       IsProcessorFeaturePresent  0000000140005c40 f   kernel32:KERNEL32.dll
 0001:00004c50       __C_specific_handler       0000000140005c50 f   libvcruntimed:_riscchandler_.obj
 0001:00005090       __vcrt_initialize          0000000140006090 f   libvcruntimed:initialization.obj
 0001:000050d0       __vcrt_uninitialize        00000001400060d0 f   libvcruntimed:initialization.obj
 0001:00005100       ??$?RU__vcrt_ptd@@@__crt_internal_free_policy@@QEBAXQEBU__vcrt_ptd@@@Z 0000000140006100 f i libvcruntimed:per_thread_data.obj
 0001:00005100       ??$?RPEAD@__crt_internal_free_policy@@QEBAXQEBQEAD@Z 0000000140006100 f i libucrtd:argv_parsing.obj
 0001:00005100       ??$?RPEAU__crt_stdio_stream_data@@@__crt_internal_free_policy@@QEBAXQEBQEAU__crt_stdio_stream_data@@@Z 0000000140006100 f i libucrtd:_file.obj
 0001:00005100       ??$?RD@__crt_internal_free_policy@@QEBAXQEBD@Z 0000000140006100 f i libvcruntimed:std_type_info.obj
 0001:00005100       ??$?RE@__crt_internal_free_policy@@QEBAXQEBE@Z 0000000140006100 f i libucrtd:argv_parsing.obj
 0001:00005100       ??$?RP6AXXZ@__crt_internal_free_policy@@QEBAXQEBQ6AXXZ@Z 0000000140006100 f i libucrtd:onexit.obj
 0001:00005100       ??$?RU__crt_lowio_handle_data@@@__crt_internal_free_policy@@QEBAXQEBU__crt_lowio_handle_data@@@Z 0000000140006100 f i libucrtd:osfinfo.obj
 0001:00005100       ??$?RU__acrt_ptd@@@__crt_internal_free_policy@@QEBAXQEBU__acrt_ptd@@@Z 0000000140006100 f i libucrtd:per_thread_data.obj
 0001:00005100       ??$?RU__crt_multibyte_data@@@__crt_internal_free_policy@@QEBAXQEBU__crt_multibyte_data@@@Z 0000000140006100 f i libucrtd:wsetlocale.obj
 0001:00005130       ??0?$__crt_unique_handle_t@U__crt_hmodule_traits@@@@QEAA@QEAUHINSTANCE__@@@Z 0000000140006130 f i libucrtd:exit.obj
 0001:00005130       ??0?$string_output_adapter@_W@__crt_stdio_output@@QEAA@QEAU?$string_output_adapter_context@_W@1@@Z 0000000140006130 f i libucrtd:output.obj
 0001:00005130       ??0?$__crt_scoped_stack_ptr@_W@@QEAA@U?$__crt_scoped_stack_ptr_tag@_W@@@Z 0000000140006130 f i libucrtd:getstringtypea.obj
 0001:00005130       ??0?$__crt_unique_heap_ptr@U__vcrt_ptd@@U__crt_internal_free_policy@@@@QEAA@QEAU__vcrt_ptd@@@Z 0000000140006130 f i libvcruntimed:per_thread_data.obj
 0001:00005130       ??0?$__crt_unique_heap_ptr@EU__crt_internal_free_policy@@@@QEAA@QEAE@Z 0000000140006130 f i libucrtd:argv_parsing.obj
 0001:00005130       ??0?$__crt_unique_heap_ptr@DU__crt_internal_free_policy@@@@QEAA@QEAD@Z 0000000140006130 f i libvcruntimed:std_type_info.obj
 0001:00005130       ??0__crt_stdio_stream@@QEAA@QEAU__crt_stdio_stream_data@@@Z 0000000140006130 f i libucrtd:fflush.obj
 0001:00005130       ??0?$__crt_unique_handle_t@U__crt_findfile_traits@@@@QEAA@QEAX@Z 0000000140006130 f i libucrtd:argv_wildcards.obj
 0001:00005130       ??0?$__crt_unique_heap_ptr@U__acrt_ptd@@U__crt_internal_free_policy@@@@QEAA@QEAU__acrt_ptd@@@Z 0000000140006130 f i libucrtd:per_thread_data.obj
 0001:00005130       ??0?$__crt_unique_heap_ptr@PEADU__crt_internal_free_policy@@@@QEAA@QEAPEAD@Z 0000000140006130 f i libucrtd:argv_parsing.obj
 0001:00005130       ??0?$__crt_unique_heap_ptr@U__crt_multibyte_data@@U__crt_internal_free_policy@@@@QEAA@QEAU__crt_multibyte_data@@@Z 0000000140006130 f i libucrtd:wsetlocale.obj
 0001:00005130       ??0?$__crt_unique_heap_ptr@PEAU__crt_stdio_stream_data@@U__crt_internal_free_policy@@@@QEAA@QEAPEAU__crt_stdio_stream_data@@@Z 0000000140006130 f i libucrtd:_file.obj
 0001:00005130       ??0?$__crt_scoped_stack_ptr_tag@_W@@QEAA@QEA_W@Z 0000000140006130 f i libucrtd:getstringtypea.obj
 0001:00005130       ??0?$__crt_unique_heap_ptr@P6AXXZU__crt_internal_free_policy@@@@QEAA@QEAP6AXXZ@Z 0000000140006130 f i libucrtd:onexit.obj
 0001:00005130       ??0?$string_output_adapter@D@__crt_stdio_output@@QEAA@QEAU?$string_output_adapter_context@D@1@@Z 0000000140006130 f i libucrtd:output.obj
 0001:00005130       ??0?$__crt_unique_heap_ptr@U__crt_lowio_handle_data@@U__crt_internal_free_policy@@@@QEAA@QEAU__crt_lowio_handle_data@@@Z 0000000140006130 f i libucrtd:osfinfo.obj
 0001:00005130       ??0?$__crt_unique_heap_ptr@DU__crt_public_free_policy@@@@QEAA@QEAD@Z 0000000140006130 f i libvcruntimed:std_exception.obj
 0001:00005130       ??0__crt_stdio_stream@@QEAA@QEAU_iobuf@@@Z 0000000140006130 f i libucrtd:output.obj
 0001:00005150       ??1?$__crt_unique_heap_ptr@PEAU__crt_stdio_stream_data@@U__crt_internal_free_policy@@@@QEAA@XZ 0000000140006150 f i libucrtd:_file.obj
 0001:00005150       ??1?$__crt_unique_heap_ptr@U__crt_multibyte_data@@U__crt_internal_free_policy@@@@QEAA@XZ 0000000140006150 f i libucrtd:wsetlocale.obj
 0001:00005150       ??1?$__crt_unique_heap_ptr@U__vcrt_ptd@@U__crt_internal_free_policy@@@@QEAA@XZ 0000000140006150 f i libvcruntimed:per_thread_data.obj
 0001:00005150       ??1?$__crt_unique_heap_ptr@EU__crt_internal_free_policy@@@@QEAA@XZ 0000000140006150 f i libucrtd:argv_parsing.obj
 0001:00005150       ??1?$__crt_unique_heap_ptr@U__crt_lowio_handle_data@@U__crt_internal_free_policy@@@@QEAA@XZ 0000000140006150 f i libucrtd:osfinfo.obj
 0001:00005150       ??1?$__crt_unique_heap_ptr@P6AXXZU__crt_internal_free_policy@@@@QEAA@XZ 0000000140006150 f i libucrtd:onexit.obj
 0001:00005150       ??1?$__crt_unique_heap_ptr@U__acrt_ptd@@U__crt_internal_free_policy@@@@QEAA@XZ 0000000140006150 f i libucrtd:per_thread_data.obj
 0001:00005150       ??1?$__crt_unique_heap_ptr@DU__crt_internal_free_policy@@@@QEAA@XZ 0000000140006150 f i libvcruntimed:std_type_info.obj
 0001:00005150       ??1?$__crt_unique_heap_ptr@PEADU__crt_internal_free_policy@@@@QEAA@XZ 0000000140006150 f i libucrtd:argv_parsing.obj
 0001:00005170       ??B?$__crt_unique_heap_ptr@U__vcrt_ptd@@U__crt_internal_free_policy@@@@QEBA_NXZ 0000000140006170 f i libvcruntimed:per_thread_data.obj
 0001:00005170       ??B?$__crt_unique_heap_ptr@DU__crt_public_free_policy@@@@QEBA_NXZ 0000000140006170 f i libvcruntimed:std_exception.obj
 0001:00005170       ??B?$__crt_unique_heap_ptr@EU__crt_internal_free_policy@@@@QEBA_NXZ 0000000140006170 f i libucrtd:argv_parsing.obj
 0001:00005170       ??B?$__crt_unique_heap_ptr@U__crt_multibyte_data@@U__crt_internal_free_policy@@@@QEBA_NXZ 0000000140006170 f i libucrtd:wsetlocale.obj
 0001:00005170       ??B?$__crt_unique_heap_ptr@U__acrt_ptd@@U__crt_internal_free_policy@@@@QEBA_NXZ 0000000140006170 f i libucrtd:per_thread_data.obj
 0001:00005170       ??B?$__crt_unique_heap_ptr@DU__crt_internal_free_policy@@@@QEBA_NXZ 0000000140006170 f i libvcruntimed:std_type_info.obj
 0001:00005170       ??B?$__crt_unique_heap_ptr@U__crt_lowio_handle_data@@U__crt_internal_free_policy@@@@QEBA_NXZ 0000000140006170 f i libucrtd:osfinfo.obj
 0001:00005190       ?get@?$__crt_unique_handle_t@U__crt_hmodule_traits@@@@QEBAPEAUHINSTANCE__@@XZ 0000000140006190 f i libucrtd:exit.obj
 0001:00005190       ?get@?$__crt_unique_heap_ptr@U__vcrt_ptd@@U__crt_internal_free_policy@@@@QEBAPEAU__vcrt_ptd@@XZ 0000000140006190 f i libvcruntimed:per_thread_data.obj
 0001:00005190       ?get@?$__crt_unique_heap_ptr@U__crt_multibyte_data@@U__crt_internal_free_policy@@@@QEBAPEAU__crt_multibyte_data@@XZ 0000000140006190 f i libucrtd:wsetlocale.obj
 0001:00005190       ?get@?$__crt_unique_heap_ptr@PEADU__crt_internal_free_policy@@@@QEBAPEAPEADXZ 0000000140006190 f i libucrtd:argv_parsing.obj
 0001:00005190       ?get@?$__crt_scoped_stack_ptr@_W@@QEBAPEA_WXZ 0000000140006190 f i libucrtd:getstringtypea.obj
 0001:00005190       ?get@?$__crt_unique_heap_ptr@U__acrt_ptd@@U__crt_internal_free_policy@@@@QEBAPEAU__acrt_ptd@@XZ 0000000140006190 f i libucrtd:per_thread_data.obj
 0001:00005190       ?get@?$__crt_unique_heap_ptr@U__crt_lowio_handle_data@@U__crt_internal_free_policy@@@@QEBAPEAU__crt_lowio_handle_data@@XZ 0000000140006190 f i libucrtd:osfinfo.obj
 0001:00005190       ?get@?$__crt_unique_handle_t@U__crt_findfile_traits@@@@QEBAPEAXXZ 0000000140006190 f i libucrtd:argv_wildcards.obj
 0001:00005190       ??C__crt_stdio_stream@@QEBAPEAU__crt_stdio_stream_data@@XZ 0000000140006190 f i libucrtd:output.obj
 0001:00005190       ?save_state@?$c_string_character_source@_W@__crt_strtox@@QEBAPEB_WXZ 0000000140006190 f i libucrtd:atox.obj
 0001:00005190       ?save_state@?$c_string_character_source@D@__crt_strtox@@QEBAPEBDXZ 0000000140006190 f i libucrtd:atox.obj
 0001:00005190       ?get@?$__crt_unique_heap_ptr@DU__crt_internal_free_policy@@@@QEBAPEADXZ 0000000140006190 f i libvcruntimed:std_type_info.obj
 0001:00005190       ?get@?$__crt_unique_heap_ptr@DU__crt_public_free_policy@@@@QEBAPEADXZ 0000000140006190 f i libvcruntimed:std_exception.obj
 0001:00005190       ?public_stream@__crt_stdio_stream@@QEBAPEAU_iobuf@@XZ 0000000140006190 f i libucrtd:output.obj
 0001:00005190       ?get@?$__crt_unique_heap_ptr@EU__crt_internal_free_policy@@@@QEBAPEAEXZ 0000000140006190 f i libucrtd:argv_parsing.obj
 0001:000051a0       ??B?$__crt_scoped_stack_ptr@_W@@QEBA_NXZ 00000001400061a0 f i libucrtd:lcmapstringa.obj
 0001:000051a0       ?is_valid@?$__crt_unique_heap_ptr@U__vcrt_ptd@@U__crt_internal_free_policy@@@@QEBA_NXZ 00000001400061a0 f i libvcruntimed:per_thread_data.obj
 0001:000051a0       ?is_valid@?$__crt_unique_heap_ptr@U__crt_lowio_handle_data@@U__crt_internal_free_policy@@@@QEBA_NXZ 00000001400061a0 f i libucrtd:osfinfo.obj
 0001:000051a0       ?valid@__crt_stdio_stream@@QEBA_NXZ 00000001400061a0 f i libucrtd:output.obj
 0001:000051a0       ?is_valid@?$__crt_unique_heap_ptr@DU__crt_internal_free_policy@@@@QEBA_NXZ 00000001400061a0 f i libvcruntimed:std_type_info.obj
 0001:000051a0       ?is_valid@?$__crt_unique_heap_ptr@DU__crt_public_free_policy@@@@QEBA_NXZ 00000001400061a0 f i libvcruntimed:std_exception.obj
 0001:000051a0       ?is_valid@?$__crt_unique_heap_ptr@U__acrt_ptd@@U__crt_internal_free_policy@@@@QEBA_NXZ 00000001400061a0 f i libucrtd:per_thread_data.obj
 0001:000051a0       ?is_valid@?$__crt_unique_heap_ptr@U__crt_multibyte_data@@U__crt_internal_free_policy@@@@QEBA_NXZ 00000001400061a0 f i libucrtd:wsetlocale.obj
 0001:000051a0       ?is_valid@?$__crt_unique_heap_ptr@EU__crt_internal_free_policy@@@@QEBA_NXZ 00000001400061a0 f i libucrtd:argv_parsing.obj
 0001:000051d0       ?release@?$__crt_unique_heap_ptr@EU__crt_internal_free_policy@@@@QEAAXXZ 00000001400061d0 f i libucrtd:argv_parsing.obj
 0001:000051d0       ?release@?$__crt_unique_heap_ptr@U__crt_lowio_handle_data@@U__crt_internal_free_policy@@@@QEAAXXZ 00000001400061d0 f i libucrtd:osfinfo.obj
 0001:000051d0       ?release@?$__crt_unique_heap_ptr@DU__crt_internal_free_policy@@@@QEAAXXZ 00000001400061d0 f i libvcruntimed:std_type_info.obj
 0001:000051d0       ?release@?$__crt_unique_heap_ptr@P6AXXZU__crt_internal_free_policy@@@@QEAAXXZ 00000001400061d0 f i libucrtd:onexit.obj
 0001:000051d0       ?release@?$__crt_unique_heap_ptr@U__acrt_ptd@@U__crt_internal_free_policy@@@@QEAAXXZ 00000001400061d0 f i libucrtd:per_thread_data.obj
 0001:000051d0       ?release@?$__crt_unique_heap_ptr@U__crt_multibyte_data@@U__crt_internal_free_policy@@@@QEAAXXZ 00000001400061d0 f i libucrtd:wsetlocale.obj
 0001:000051d0       ?release@?$__crt_unique_heap_ptr@PEADU__crt_internal_free_policy@@@@QEAAXXZ 00000001400061d0 f i libucrtd:argv_parsing.obj
 0001:000051d0       ?release@?$__crt_unique_heap_ptr@U__vcrt_ptd@@U__crt_internal_free_policy@@@@QEAAXXZ 00000001400061d0 f i libvcruntimed:per_thread_data.obj
 0001:000051d0       ?release@?$__crt_unique_heap_ptr@PEAU__crt_stdio_stream_data@@U__crt_internal_free_policy@@@@QEAAXXZ 00000001400061d0 f i libucrtd:_file.obj
 0001:00005200       __std_type_info_compare    0000000140006200 f   libvcruntimed:std_type_info.obj
 0001:00005250       _local_unwind              0000000140006250 f   libvcruntimed:_jmpuwind_.obj
 0001:00005280       _NLG_Notify                0000000140006280 f   libvcruntimed:_jmpuwind_.obj
 0001:000052a0       __NLG_Dispatch2            00000001400062a0 f   libvcruntimed:_jmpuwind_.obj
 0001:000052b0       __NLG_Return2              00000001400062b0 f   libvcruntimed:_jmpuwind_.obj
 0001:000052c0       __except_validate_context_record 00000001400062c0 f   libvcruntimed:jbcxrval.obj
 0001:00005360       ?detach@?$__crt_unique_heap_ptr@DU__crt_public_free_policy@@@@QEAAPEADXZ 0000000140006360 f i libvcruntimed:std_exception.obj
 0001:00005360       ?detach@?$__crt_unique_heap_ptr@U__crt_multibyte_data@@U__crt_internal_free_policy@@@@QEAAPEAU__crt_multibyte_data@@XZ 0000000140006360 f i libucrtd:wsetlocale.obj
 0001:00005360       ?detach@?$__crt_unique_heap_ptr@U__vcrt_ptd@@U__crt_internal_free_policy@@@@QEAAPEAU__vcrt_ptd@@XZ 0000000140006360 f i libvcruntimed:per_thread_data.obj
 0001:00005360       ?detach@?$__crt_unique_heap_ptr@EU__crt_internal_free_policy@@@@QEAAPEAEXZ 0000000140006360 f i libucrtd:argv_parsing.obj
 0001:00005360       ?detach@?$__crt_unique_heap_ptr@PEADU__crt_internal_free_policy@@@@QEAAPEAPEADXZ 0000000140006360 f i libucrtd:argv_parsing.obj
 0001:00005360       ?detach@?$__crt_unique_heap_ptr@PEAU__crt_stdio_stream_data@@U__crt_internal_free_policy@@@@QEAAPEAPEAU__crt_stdio_stream_data@@XZ 0000000140006360 f i libucrtd:_file.obj
 0001:00005360       ?detach@?$__crt_unique_heap_ptr@U__crt_lowio_handle_data@@U__crt_internal_free_policy@@@@QEAAPEAU__crt_lowio_handle_data@@XZ 0000000140006360 f i libucrtd:osfinfo.obj
 0001:00005360       ?detach@?$__crt_unique_heap_ptr@P6AXXZU__crt_internal_free_policy@@@@QEAAPEAP6AXXZXZ 0000000140006360 f i libucrtd:onexit.obj
 0001:00005360       ?detach@?$__crt_unique_heap_ptr@U__acrt_ptd@@U__crt_internal_free_policy@@@@QEAAPEAU__acrt_ptd@@XZ 0000000140006360 f i libucrtd:per_thread_data.obj
 0001:000053c0       __vcrt_freefls             00000001400063c0 f   libvcruntimed:per_thread_data.obj
 0001:00005400       __vcrt_getptd              0000000140006400 f   libvcruntimed:per_thread_data.obj
 0001:00005430       __vcrt_getptd_noexit       0000000140006430 f   libvcruntimed:per_thread_data.obj
 0001:000055d0       __vcrt_initialize_ptd      00000001400065d0 f   libvcruntimed:per_thread_data.obj
 0001:00005620       __vcrt_uninitialize_ptd    0000000140006620 f   libvcruntimed:per_thread_data.obj
 0001:00005650       __vcrt_initialize_locks    0000000140006650 f   libvcruntimed:locks.obj
 0001:000056c0       __vcrt_uninitialize_locks  00000001400066c0 f   libvcruntimed:locks.obj
 0001:00005720       ??$?B$$A6AXPEAXK0@Z@__crt_fast_encoded_nullptr_t@@QEBAP6AXPEAXK0@ZXZ 0000000140006720 f i libucrtd:exit.obj
 0001:00005720       ??$?BP6AXXZ@__crt_fast_encoded_nullptr_t@@QEBAPEAP6AXXZXZ 0000000140006720 f i libucrtd:onexit.obj
 0001:00005720       ??$?BX@__crt_fast_encoded_nullptr_t@@QEBAPEAXXZ 0000000140006720 f i libvcruntimed:winapi_downlevel.obj
 0001:00005720       ??$?B$$A6AXXZ@__crt_fast_encoded_nullptr_t@@QEBAP6AXXZXZ 0000000140006720 f i libvcruntimed:purevirt_data.obj
 0001:00005720       ??$?B$$A6AXH@Z@__crt_fast_encoded_nullptr_t@@QEBAP6AXH@ZXZ 0000000140006720 f i libucrtd:signal.obj
 0001:00005740       ??$__crt_interlocked_exchange_pointer@UHINSTANCE__@@PEAX@@YAPEAUHINSTANCE__@@PEDSEAU0@QEAX@Z 0000000140006740 f i libvcruntimed:winapi_downlevel.obj
 0001:00005740       ??$__crt_interlocked_exchange_pointer@UHINSTANCE__@@PEAU1@@@YAPEAUHINSTANCE__@@PEDSEAU0@QEAU0@@Z 0000000140006740 f i libvcruntimed:winapi_downlevel.obj
 0001:00005740       ??$__crt_interlocked_exchange_pointer@XPEAX@@YAPEAXPEDSEAXQEAX@Z 0000000140006740 f i libvcruntimed:winapi_downlevel.obj
 0001:00005760       ?__crt_fast_encode_pointer@@YA?AU__crt_fast_encoded_nullptr_t@@$$T@Z 0000000140006760 f i libvcruntimed:winapi_downlevel.obj
 0001:00005780       ?get_invalid_value@__crt_findfile_traits@@SAPEAXXZ 0000000140006780 f   libucrtd:argv_wildcards.obj
 0001:00005cc0       __vcrt_FlsAlloc            0000000140006cc0 f   libvcruntimed:winapi_downlevel.obj
 0001:00005d10       __vcrt_FlsFree             0000000140006d10 f   libvcruntimed:winapi_downlevel.obj
 0001:00005d60       __vcrt_FlsGetValue         0000000140006d60 f   libvcruntimed:winapi_downlevel.obj
 0001:00005db0       __vcrt_FlsSetValue         0000000140006db0 f   libvcruntimed:winapi_downlevel.obj
 0001:00005e10       __vcrt_InitializeCriticalSectionEx 0000000140006e10 f   libvcruntimed:winapi_downlevel.obj
 0001:00005e70       __vcrt_initialize_winapi_thunks 0000000140006e70 f   libvcruntimed:winapi_downlevel.obj
 0001:00005ef0       __vcrt_uninitialize_winapi_thunks 0000000140006ef0 f   libvcruntimed:winapi_downlevel.obj
 0001:00005f90       __vcrt_initialize_pure_virtual_call_handler 0000000140006f90 f   libvcruntimed:purevirt_data.obj
 0001:00005fc0       _vsprintf_s_l              0000000140006fc0 f i libvcruntimed:undname.obj
 0001:00006030       sprintf_s                  0000000140007030 f i libvcruntimed:undname.obj
 0001:000060a0       memmove                    00000001400070a0 f   libvcruntimed:memcpy.obj
 0001:000060a0       memcpy                     00000001400070a0 f   libvcruntimed:memcpy.obj
 0001:00006580       ?_ExecutionInCatch@@YAHPEAU_xDISPATCHER_CONTEXT@@PEBU_s_FuncInfo@@@Z 0000000140007580 f   libvcruntimed:risctrnsctrl.obj
 0001:000065d0       ?_GetEstablisherFrame@@YAPEA_KPEA_KPEAU_xDISPATCHER_CONTEXT@@PEBU_s_FuncInfo@@0@Z 00000001400075d0 f   libvcruntimed:risctrnsctrl.obj
 0001:00006740       ?_GetRangeOfTrysToCheck@@YAPEBU_s_TryBlockMapEntry@@PEA_KPEBU_s_FuncInfo@@HHPEAI2PEAU_xDISPATCHER_CONTEXT@@@Z 0000000140007740 f   libvcruntimed:risctrnsctrl.obj
 0001:00006960       ?__FrameUnwindToEmptyState@@YAXPEA_KPEAU_xDISPATCHER_CONTEXT@@PEBU_s_FuncInfo@@@Z 0000000140007960 f   libvcruntimed:risctrnsctrl.obj
 0001:00006ab0       _CallSETranslator          0000000140007ab0 f   libvcruntimed:risctrnsctrl.obj
 0001:00006b30       _CreateFrameInfo           0000000140007b30 f   libvcruntimed:risctrnsctrl.obj
 0001:00006ba0       _FindAndUnlinkFrame        0000000140007ba0 f   libvcruntimed:risctrnsctrl.obj
 0001:00006c20       _GetImageBase              0000000140007c20 f   libvcruntimed:risctrnsctrl.obj
 0001:00006c40       _GetThrowImageBase         0000000140007c40 f   libvcruntimed:risctrnsctrl.obj
 0001:00006c60       _SetImageBase              0000000140007c60 f   libvcruntimed:risctrnsctrl.obj
 0001:00006c80       _SetThrowImageBase         0000000140007c80 f   libvcruntimed:risctrnsctrl.obj
 0001:00006ca0       _UnwindNestedFrames        0000000140007ca0 f   libvcruntimed:risctrnsctrl.obj
 0001:00006e10       __CxxFrameHandler3         0000000140007e10 f   libvcruntimed:risctrnsctrl.obj
 0001:00006ed0       ?__GetCurrentState@@YAHPEA_KPEAU_xDISPATCHER_CONTEXT@@PEBU_s_FuncInfo@@@Z 0000000140007ed0 f   libvcruntimed:riscehstate.obj
 0001:00006f30       ?__GetUnwindTryBlock@@YAHPEA_KPEAU_xDISPATCHER_CONTEXT@@PEBU_s_FuncInfo@@@Z 0000000140007f30 f   libvcruntimed:riscehstate.obj
 0001:00006f80       ?__SetState@@YAXPEA_KPEAU_xDISPATCHER_CONTEXT@@PEBU_s_FuncInfo@@H@Z 0000000140007f80 f   libvcruntimed:riscehstate.obj
 0001:00006fb0       ?__SetUnwindTryBlock@@YAXPEA_KPEAU_xDISPATCHER_CONTEXT@@PEBU_s_FuncInfo@@H@Z 0000000140007fb0 f   libvcruntimed:riscehstate.obj
 0001:00007020       ?__StateFromControlPc@@YAHPEBU_s_FuncInfo@@PEAU_xDISPATCHER_CONTEXT@@@Z 0000000140008020 f   libvcruntimed:riscehstate.obj
 0001:00007060       ?__StateFromIp@@YAHPEBU_s_FuncInfo@@PEAU_xDISPATCHER_CONTEXT@@_K@Z 0000000140008060 f   libvcruntimed:riscehstate.obj
 0001:00007140       ??0bad_exception@std@@QEAA@AEBV01@@Z 0000000140008140 f i libvcruntimed:frame.obj
 0001:00007180       ??0bad_exception@std@@QEAA@XZ 0000000140008180 f i libvcruntimed:frame.obj
 0001:000071c0       ??0exception@std@@QEAA@AEBV01@@Z 00000001400081c0 f i libvcruntimed:frame.obj
 0001:00007220       ??0exception@std@@QEAA@QEBDH@Z 0000000140008220 f i libvcruntimed:frame.obj
 0001:00007270       ??1bad_exception@std@@UEAA@XZ 0000000140008270 f i libvcruntimed:frame.obj
 0001:00007290       ??1exception@std@@UEAA@XZ  0000000140008290 f i libvcruntimed:frame.obj
 0001:000072c0       ??8type_info@@QEBA_NAEBV0@@Z 00000001400082c0 f i libvcruntimed:frame.obj
 0001:00007310       ??_Gbad_exception@std@@UEAAPEAXI@Z 0000000140008310 f i libvcruntimed:frame.obj
 0001:00007310       ??_Ebad_exception@std@@UEAAPEAXI@Z 0000000140008310 f i libvcruntimed:frame.obj
 0001:00007350       ??_Gexception@std@@UEAAPEAXI@Z 0000000140008350 f i libvcruntimed:frame.obj
 0001:00007350       ??_Eexception@std@@UEAAPEAXI@Z 0000000140008350 f i libvcruntimed:frame.obj
 0001:000082e0       ?_CallMemberFunction1@@YAXQEAX00@Z 00000001400092e0 f i libvcruntimed:frame.obj
 0001:00008310       ?_CallMemberFunction2@@YAXQEAX00H@Z 0000000140009310 f i libvcruntimed:frame.obj
 0001:00008350       ?_ValidateExecute@@YA_NP6A_JXZ@Z 0000000140009350 f i libvcruntimed:frame.obj
 0001:00008370       ?_ValidateWrite@@YA_NPEAXI@Z 0000000140009370 f i libvcruntimed:frame.obj
 0001:00008370       ?_ValidateRead@@YA_NPEBXI@Z 0000000140009370 f i libvcruntimed:frame.obj
 0001:000083d0       ?what@exception@std@@UEBAPEBDXZ 00000001400093d0 f i libvcruntimed:frame.obj
 0001:00008410       __BuildCatchObject         0000000140009410 f   libvcruntimed:frame.obj
 0001:00008550       __BuildCatchObjectHelper   0000000140009550 f   libvcruntimed:frame.obj
 0001:000089d0       __CxxCallCatchBlock        00000001400099d0 f   libvcruntimed:frame.obj
 0001:00008c30       __FrameUnwindToState       0000000140009c30 f   libvcruntimed:frame.obj
 0001:00008e80       __InternalCxxFrameHandler  0000000140009e80 f   libvcruntimed:frame.obj
 0001:000092f0       __TypeMatch                000000014000a2f0 f   libvcruntimed:frame.obj
 0001:000094e0       __vcrt_EncodePointer       000000014000a4e0 f i libvcruntimed:frame.obj
 0001:00009510       _CallSettingFrame          000000014000a510 f   libvcruntimed:handlers.obj
 0001:00009550       __DestructExceptionObject  000000014000a550 f   libvcruntimed:ehhelpers.obj
 0001:00009650       ?_CallMemberFunction0@@YAXQEAX0@Z 000000014000a650 f i libvcruntimed:ehhelpers.obj
 0001:00009680       _IsExceptionObjectToBeDestroyed 000000014000a680 f   libvcruntimed:ehhelpers.obj
 0001:000096d0       __AdjustPointer            000000014000a6d0 f   libvcruntimed:ehhelpers.obj
 0001:00009750       __FrameUnwindFilter        000000014000a750 f   libvcruntimed:ehhelpers.obj
 0001:000097e0       ??$?RD@__crt_public_free_policy@@QEBAXQEBD@Z 000000014000a7e0 f i libvcruntimed:std_exception.obj
 0001:00009800       ??1?$__crt_unique_heap_ptr@DU__crt_public_free_policy@@@@QEAA@XZ 000000014000a800 f i libvcruntimed:std_exception.obj
 0001:00009820       ?release@?$__crt_unique_heap_ptr@DU__crt_public_free_policy@@@@QEAAXXZ 000000014000a820 f i libvcruntimed:std_exception.obj
 0001:00009850       __std_exception_copy       000000014000a850 f   libvcruntimed:std_exception.obj
 0001:00009980       __std_exception_destroy    000000014000a980 f   libvcruntimed:std_exception.obj
 0001:000099c0       _CxxThrowException         000000014000a9c0 f   libvcruntimed:throw.obj
 0001:00009b70       _seh_filter_exe            000000014000ab70 f   libucrtd:exception_filter.obj
 0001:00009fe0       __acrt_report_runtime_error 000000014000afe0 f   libucrtd:report_runtime_error.obj
 0001:0000a260       _invoke_watson_if_error    000000014000b260 f i libucrtd:report_runtime_error.obj
 0001:0000a2b0       _query_app_type            000000014000b2b0 f   libucrtd:report_runtime_error.obj
 0001:0000a2c0       _set_app_type              000000014000b2c0 f   libucrtd:report_runtime_error.obj
 0001:0000a2d0       ?initialize@?$dual_state_global@P6AXH@Z@__crt_state_management@@QEAAXQ6AXH@Z@Z 000000014000b2d0 f i libucrtd:signal.obj
 0001:0000a2d0       ?initialize@?$dual_state_global@PEAU__crt_locale_data@@@__crt_state_management@@QEAAXQEAU__crt_locale_data@@@Z 000000014000b2d0 f i libucrtd:initialization.obj
 0001:0000a2d0       ?initialize@?$dual_state_global@PEAU__crt_multibyte_data@@@__crt_state_management@@QEAAXQEAU__crt_multibyte_data@@@Z 000000014000b2d0 f i libucrtd:mbctype.obj
 0001:0000a2d0       ?initialize@?$dual_state_global@P6AHPEAU_exception@@@Z@__crt_state_management@@QEAAXQ6AHPEAU_exception@@@Z@Z 000000014000b2d0 f i libucrtd:matherr.obj
 0001:0000a2d0       ?initialize@?$dual_state_global@P6AH_K@Z@__crt_state_management@@QEAAXQ6AH_K@Z@Z 000000014000b2d0 f i libucrtd:new_handler.obj
 0001:0000a320       ?value@?$dual_state_global@P6AXPEB_W00I_K@Z@__crt_state_management@@QEAAAEAP6AXPEB_W00I_K@ZXZ 000000014000b320 f i libucrtd:invalid_parameter.obj
 0001:0000a320       ?value@?$dual_state_global@P6AXH@Z@__crt_state_management@@QEAAAEAP6AXH@ZXZ 000000014000b320 f i libucrtd:signal.obj
 0001:0000a320       ?value@?$dual_state_global@P6AH_K@Z@__crt_state_management@@QEAAAEAP6AH_K@ZXZ 000000014000b320 f i libucrtd:new_handler.obj
 0001:0000a320       ?value@?$dual_state_global@PEAU__crt_locale_data@@@__crt_state_management@@QEAAAEAPEAU__crt_locale_data@@XZ 000000014000b320 f i libucrtd:wsetlocale.obj
 0001:0000a320       ?value@?$dual_state_global@PEAE@__crt_state_management@@QEAAAEAPEAEXZ 000000014000b320 f i libucrtd:mbctype.obj
 0001:0000a320       ?value@?$dual_state_global@P6AHPEAU_exception@@@Z@__crt_state_management@@QEAAAEAP6AHPEAU_exception@@@ZXZ 000000014000b320 f i libucrtd:matherr.obj
 0001:0000a320       ?value@?$dual_state_global@PEAU__crt_multibyte_data@@@__crt_state_management@@QEAAAEAPEAU__crt_multibyte_data@@XZ 000000014000b320 f i libucrtd:mbctype.obj
 0001:0000a340       __acrt_has_user_matherr    000000014000b340 f   libucrtd:matherr.obj
 0001:0000a380       __acrt_initialize_user_matherr 000000014000b380 f   libucrtd:matherr.obj
 0001:0000a3a0       __acrt_invoke_user_matherr 000000014000b3a0 f   libucrtd:matherr.obj
 0001:0000a3f0       __setusermatherr           000000014000b3f0 f   libucrtd:matherr.obj
 0001:0000a7c0       ??$get_module_file_name@AEAPEAUHINSTANCE__@@AEAY0BAF@DK@?$__crt_char_traits@D@@SAKAEAPEAUHINSTANCE__@@AEAY0BAF@D$$QEAK@Z 000000014000b7c0 f i libucrtd:dbgrpt.obj
 0001:0000a7c0       ??$get_module_file_name@$$TAEAY0BAF@DH@?$__crt_char_traits@D@@SAK$$QEA$$TAEAY0BAF@D$$QEAH@Z 000000014000b7c0 f i libucrtd:argv_parsing.obj
 0001:0000ac90       ??$set_program_name@PEAD@?$__crt_char_traits@D@@SAX$$QEAPEAD@Z 000000014000bc90 f i libucrtd:argv_parsing.obj
 0001:0000ad60       ?get_address_of@?$__crt_unique_heap_ptr@PEADU__crt_internal_free_policy@@@@QEAAPEAPEAPEADXZ 000000014000bd60 f i libucrtd:argv_parsing.obj
 0001:0000ad60       ?debug_info@?$__crt_win32_buffer@_WU__crt_win32_buffer_internal_dynamic_resizing@@@@QEBAAEBV__crt_win32_buffer_empty_debug_info@@XZ 000000014000bd60 f i libucrtd:findfirstfileexa.obj
 0001:0000ad60       ?dangerous_get_state_array@?$dual_state_global@P6AXPEB_W00I_K@Z@__crt_state_management@@QEAAPEAP6AXPEB_W00I_K@ZXZ 000000014000bd60 f i libucrtd:invalid_parameter.obj
 0001:0000ad60       ?get_address_of@?$__crt_unique_handle_t@U__crt_hmodule_traits@@@@QEAAPEAPEAUHINSTANCE__@@XZ 000000014000bd60 f i libucrtd:exit.obj
 0001:0000ad60       ?dangerous_get_state_array@?$dual_state_global@PEAE@__crt_state_management@@QEAAPEAPEAEXZ 000000014000bd60 f i libucrtd:mbctype.obj
 0001:0000ad60       ?dangerous_get_state_array@?$dual_state_global@PEAU__crt_multibyte_data@@@__crt_state_management@@QEAAPEAPEAU__crt_multibyte_data@@XZ 000000014000bd60 f i libucrtd:mbctype.obj
 0001:0000ad60       ?dangerous_get_state_array@?$dual_state_global@PEAU__crt_locale_data@@@__crt_state_management@@QEAAPEAPEAU__crt_locale_data@@XZ 000000014000bd60 f i libucrtd:per_thread_data.obj
 0001:0000ad60       ?debug_info@?$__crt_win32_buffer@DU__crt_win32_buffer_no_resizing@@@@QEBAAEBV__crt_win32_buffer_empty_debug_info@@XZ 000000014000bd60 f i libucrtd:findnextfilea.obj
 0001:0000add0       __acrt_allocate_buffer_for_argv 000000014000bdd0 f   libucrtd:argv_parsing.obj
 0001:0000aef0       _configure_narrow_argv     000000014000bef0 f   libucrtd:argv_parsing.obj
 0001:0000af10       _set_pgmptr                000000014000bf10 f i libucrtd:argv_parsing.obj
 0001:0000b140       ??$tcslen@AEAPEAD@?$__crt_char_traits@D@@SA_KAEAPEAD@Z 000000014000c140 f i libucrtd:environment_initialization.obj
 0001:0000b18c       ??B?$__crt_unique_heap_ptr@PEADU__crt_internal_free_policy@@@@QEBA_NXZ 000000014000c18c f i libucrtd:environment_initialization.obj
 0001:0000b194       ?detach@?$__crt_unique_heap_ptr@DU__crt_internal_free_policy@@@@QEAAPEADXZ 000000014000c194 f i libucrtd:environment_initialization.obj
 0001:0000b19c       __dcrt_uninitialize_environments_nolock 000000014000c19c f   libucrtd:environment_initialization.obj
 0001:0000b1d4       _initialize_narrow_environment 000000014000c1d4 f   libucrtd:environment_initialization.obj
 0001:0000b320       _get_narrow_winmain_command_line 000000014000c320 f   libucrtd:argv_winmain.obj
 0001:0000b330       _initterm                  000000014000c330 f   libucrtd:initterm.obj
 0001:0000b390       _initterm_e                000000014000c390 f   libucrtd:initterm.obj
 0001:0000b4a0       ??$__crt_get_proc_address@P6AXI@Z@@YAP6AXI@ZQEAUHINSTANCE__@@QEBD@Z 000000014000c4a0 f i libucrtd:exit.obj
 0001:0000b4d0       ??$__crt_interlocked_read@J@@YAJPEDJ@Z 000000014000c4d0 f i libucrtd:exit.obj
 0001:0000b560       ??1?$__crt_unique_handle_t@U__crt_hmodule_traits@@@@QEAA@XZ 000000014000c560 f i libucrtd:exit.obj
 0001:0000b6c0       ?__acrt_select_exit_lock@@YA?AW4__acrt_lock_id@@XZ 000000014000c6c0 f i libucrtd:exit.obj
 0001:0000b6d0       ?__crt_interlocked_read_32@@YAHPEDH@Z 000000014000c6d0 f i libucrtd:exit.obj
 0001:0000b710       ?close@?$__crt_unique_handle_t@U__crt_hmodule_traits@@@@QEAAXXZ 000000014000c710 f i libucrtd:exit.obj
 0001:0000b750       ?close@__crt_hmodule_traits@@SA_NPEAUHINSTANCE__@@@Z 000000014000c750 f i libucrtd:exit.obj
 0001:0000ba10       __acrt_initialize_thread_local_exit_callback 000000014000ca10 f   libucrtd:exit.obj
 0001:0000ba30       _c_exit                    000000014000ca30 f   libucrtd:exit.obj
 0001:0000ba50       _cexit                     000000014000ca50 f   libucrtd:exit.obj
 0001:0000ba70       _exit                      000000014000ca70 f   libucrtd:exit.obj
 0001:0000ba90       _register_thread_local_exe_atexit_callback 000000014000ca90 f   libucrtd:exit.obj
 0001:0000bae0       exit                       000000014000cae0 f   libucrtd:exit.obj
 0001:0000bb00       ?value@?$dual_state_global@J@__crt_state_management@@QEAAAEAJXZ 000000014000cb00 f i libucrtd:new_mode.obj
 0001:0000bb00       ?value@?$dual_state_global@H@__crt_state_management@@QEAAAEAHXZ 000000014000cb00 f i libucrtd:setmode.obj
 0001:0000bb20       _set_fmode                 000000014000cb20 f   libucrtd:setmode.obj
 0001:0000bd60       __acrt_set_locale_changed  000000014000cd60 f   libucrtd:wsetlocale.obj
 0001:0000bd70       __acrt_uninitialize_locale 000000014000cd70 f   libucrtd:wsetlocale.obj
 0001:0000bda0       _configthreadlocale        000000014000cda0 f   libucrtd:wsetlocale.obj
 0001:0000bf00       _query_new_mode            000000014000cf00 f   libucrtd:new_mode.obj
 0001:0000bf20       _set_new_mode              000000014000cf20 f   libucrtd:new_mode.obj
 0001:0000bff0       __p__commode               000000014000cff0 f   libucrtd:ncommode.obj
 0001:0000c6b0       _crt_atexit                000000014000d6b0 f   libucrtd:onexit.obj
 0001:0000c6d0       _execute_onexit_table      000000014000d6d0 f   libucrtd:onexit.obj
 0001:0000c710       _initialize_onexit_table   000000014000d710 f   libucrtd:onexit.obj
 0001:0000c790       _register_onexit_function  000000014000d790 f   libucrtd:onexit.obj
 0001:0000c820       __acrt_uninitialize_command_line 000000014000d820 f   libucrtd:argv_data.obj
 0001:0000ca80       __acrt_initialize          000000014000da80 f   libucrtd:initialization.obj
 0001:0000cab0       __acrt_uninitialize        000000014000dab0 f   libucrtd:initialization.obj
 0001:0000cae0       terminate                  000000014000dae0 f   libucrtd:terminate.obj
 0001:0000cb20       ??$__vcrt_va_start_verify_argument_type@QEBD@@YAXXZ 000000014000db20 f i libucrtd:debug_heap.obj
 0001:0000cb20       ??$__vcrt_va_start_verify_argument_type@QEB_W@@YAXXZ 000000014000db20 f i libucrtd:dbgrpt.obj
 0001:0000cb30       ??0_LocaleUpdate@@QEAA@QEAU__crt_locale_pointers@@@Z 000000014000db30 f i libucrtd:debug_heap.obj
 0001:0000cc50       ??1_LocaleUpdate@@QEAA@XZ  000000014000dc50 f i libucrtd:debug_heap.obj
 0001:0000cc90       ?GetLocaleT@_LocaleUpdate@@QEAAPEAU__crt_locale_pointers@@XZ 000000014000dc90 f i libucrtd:debug_heap.obj
 0001:0000ec60       _CrtCheckMemory            000000014000fc60 f   libucrtd:debug_heap.obj
 0001:0000edf0       _CrtDumpMemoryLeaks        000000014000fdf0 f   libucrtd:debug_heap.obj
 0001:0000eeb0       _CrtIsValidHeapPointer     000000014000feb0 f   libucrtd:debug_heap.obj
 0001:0000eef0       _CrtIsValidPointer         000000014000fef0 f   libucrtd:debug_heap.obj
 0001:0000ef30       _CrtMemCheckpoint          000000014000ff30 f   libucrtd:debug_heap.obj
 0001:0000f1b0       _CrtMemDumpAllObjectsSince 00000001400101b0 f   libucrtd:debug_heap.obj
 0001:0000f210       _CrtSetDbgFlag             0000000140010210 f   libucrtd:debug_heap.obj
 0001:0000f370       _CrtSetDumpClient          0000000140010370 f   libucrtd:debug_heap.obj
 0001:0000f3a0       __acrt_get_locale_data_prefix 00000001400103a0 f i libucrtd:debug_heap.obj
 0001:0000f3c0       __acrt_locale_changed      00000001400103c0 f i libucrtd:debug_heap.obj
 0001:0000f3f0       _calloc_dbg                00000001400103f0 f   libucrtd:debug_heap.obj
 0001:0000f490       _chvalidchk_l              0000000140010490 f i libucrtd:debug_heap.obj
 0001:0000f4c0       _free_dbg                  00000001400104c0 f   libucrtd:debug_heap.obj
 0001:0000f530       _invoke_watson_if_oneof    0000000140010530 f i libucrtd:debug_heap.obj
 0001:0000f590       _ischartype_l              0000000140010590 f i libucrtd:debug_heap.obj
 0001:0000f5f0       _malloc_dbg                00000001400105f0 f   libucrtd:debug_heap.obj
 0001:0000f630       _msize_dbg                 0000000140010630 f   libucrtd:debug_heap.obj
 0001:0000f7d0       _realloc_dbg               00000001400107d0 f   libucrtd:debug_heap.obj
 0001:0000f840       _recalloc_dbg              0000000140010840 f   libucrtd:debug_heap.obj
 0001:0000fe10       strcpy_s                   0000000140010e10 f   libucrtd:strcpy_s.obj
 0001:0000fe50       strcmp                     0000000140010e50 f   libucrtd:strcmp.obj
 0001:0000fed0       strlen                     0000000140010ed0 f   libucrtd:strlen.obj
 0001:0000ff80       abort                      0000000140010f80 f   libucrtd:abort.obj
 0001:00010db0       ??$get_module_file_name@AEAPEAUHINSTANCE__@@AEAY0BAF@_WK@?$__crt_char_traits@_W@@SAKAEAPEAUHINSTANCE__@@AEAY0BAF@_W$$QEAK@Z 0000000140011db0 f i libucrtd:dbgrpt.obj
 0001:00010df0       ??$tcscpy_s@AEAY0BAF@D_KPEBD@?$__crt_char_traits@D@@SAHAEAY0BAF@D$$QEA_K$$QEAPEBD@Z 0000000140011df0 f i libucrtd:dbgrpt.obj
 0001:00010e30       ??$tcscpy_s@AEAY0BAF@_W_KPEB_W@?$__crt_char_traits@_W@@SAHAEAY0BAF@_W$$QEA_K$$QEAPEB_W@Z 0000000140011e30 f i libucrtd:dbgrpt.obj
 0001:00010e70       ??$tcslen@AEAY0BAF@D@?$__crt_char_traits@D@@SA_KAEAY0BAF@D@Z 0000000140011e70 f i libucrtd:dbgrpt.obj
 0001:00010e90       ??$tcslen@AEAY0BAF@_W@?$__crt_char_traits@_W@@SA_KAEAY0BAF@_W@Z 0000000140011e90 f i libucrtd:dbgrpt.obj
 0001:00010eb0       ??$tcslen@AEBQEBD@?$__crt_char_traits@D@@SA_KAEBQEBD@Z 0000000140011eb0 f i libucrtd:dbgrpt.obj
 0001:00010ed0       ??$tcslen@AEBQEB_W@?$__crt_char_traits@_W@@SA_KAEBQEB_W@Z 0000000140011ed0 f i libucrtd:dbgrpt.obj
 0001:00010f30       _CrtDbgReport              0000000140011f30 f   libucrtd:dbgrpt.obj
 0001:00010fb0       _CrtDbgReportW             0000000140011fb0 f   libucrtd:dbgrpt.obj
 0001:00011030       __acrt_MessageWindowA      0000000140012030 f   libucrtd:dbgrpt.obj
 0001:00011080       __acrt_MessageWindowW      0000000140012080 f   libucrtd:dbgrpt.obj
 0001:000110d0       _snwprintf_s               00000001400120d0 f i libucrtd:dbgrpt.obj
 0001:00011140       _vsnwprintf_s_l            0000000140012140 f i libucrtd:dbgrpt.obj
 0001:000111c0       wcsncmp                    00000001400121c0 f   libucrtd:wcsncmp.obj
 0001:00011250       ??$?0AEBV?$string_output_adapter@D@__crt_stdio_output@@AEB_KAEBQEBDAEBQEAU__crt_locale_pointers@@AEBQEAD@?$format_validation_base@DV?$string_output_adapter@D@__crt_stdio_output@@@__crt_stdio_output@@IEAA@AEBV?$string_output_adapter@D@1@AEB_KAEBQEBDAEBQEAU__crt_locale_pointers@@AEBQEAD@Z 0000000140012250 f i libucrtd:output.obj
 0001:000112a0       ??$?0AEBV?$string_output_adapter@D@__crt_stdio_output@@AEB_KAEBQEBDAEBQEAU__crt_locale_pointers@@AEBQEAD@?$standard_base@DV?$string_output_adapter@D@__crt_stdio_output@@@__crt_stdio_output@@IEAA@AEBV?$string_output_adapter@D@1@AEB_KAEBQEBDAEBQEAU__crt_locale_pointers@@AEBQEAD@Z 00000001400122a0 f i libucrtd:output.obj
 0001:00011310       ??$?0AEBV?$string_output_adapter@_W@__crt_stdio_output@@AEB_KAEBQEB_WAEBQEAU__crt_locale_pointers@@AEBQEAD@?$format_validation_base@_WV?$string_output_adapter@_W@__crt_stdio_output@@@__crt_stdio_output@@IEAA@AEBV?$string_output_adapter@_W@1@AEB_KAEBQEB_WAEBQEAU__crt_locale_pointers@@AEBQEAD@Z 0000000140012310 f i libucrtd:output.obj
 0001:00011360       ??$?0AEBV?$string_output_adapter@_W@__crt_stdio_output@@AEB_KAEBQEB_WAEBQEAU__crt_locale_pointers@@AEBQEAD@?$standard_base@_WV?$string_output_adapter@_W@__crt_stdio_output@@@__crt_stdio_output@@IEAA@AEBV?$string_output_adapter@_W@1@AEB_KAEBQEB_WAEBQEAU__crt_locale_pointers@@AEBQEAD@Z 0000000140012360 f i libucrtd:output.obj
 0001:00012ce0       ??$count@D@formatting_buffer@__crt_stdio_output@@QEBA_KXZ 0000000140013ce0 f i libucrtd:output.obj
 0001:00012d30       ??$count@_W@formatting_buffer@__crt_stdio_output@@QEBA_KXZ 0000000140013d30 f i libucrtd:output.obj
 0001:00012d80       ??$data@_W@formatting_buffer@__crt_stdio_output@@QEAAPEA_WXZ 0000000140013d80 f i libucrtd:output.obj
 0001:00012d80       ??$data@D@formatting_buffer@__crt_stdio_output@@QEAAPEADXZ 0000000140013d80 f i libucrtd:output.obj
 0001:00012dd0       ??$ensure_buffer_is_big_enough@D@formatting_buffer@__crt_stdio_output@@QEAA_N_K@Z 0000000140013dd0 f i libucrtd:output.obj
 0001:00012f00       ??$ensure_buffer_is_big_enough@_W@formatting_buffer@__crt_stdio_output@@QEAA_N_K@Z 0000000140013f00 f i libucrtd:output.obj
 0001:00013030       ??$extract_argument_from_va_list@C_J@?$standard_base@_WV?$string_output_adapter@_W@__crt_stdio_output@@@__crt_stdio_output@@IEAA_NAEA_J@Z 0000000140014030 f i libucrtd:output.obj
 0001:00013030       ??$extract_argument_from_va_list@C_J@?$standard_base@DV?$string_output_adapter@D@__crt_stdio_output@@@__crt_stdio_output@@IEAA_NAEA_J@Z 0000000140014030 f i libucrtd:output.obj
 0001:00013070       ??$extract_argument_from_va_list@E_J@?$standard_base@DV?$string_output_adapter@D@__crt_stdio_output@@@__crt_stdio_output@@IEAA_NAEA_J@Z 0000000140014070 f i libucrtd:output.obj
 0001:00013070       ??$extract_argument_from_va_list@E_J@?$standard_base@_WV?$string_output_adapter@_W@__crt_stdio_output@@@__crt_stdio_output@@IEAA_NAEA_J@Z 0000000140014070 f i libucrtd:output.obj
 0001:000130b0       ??$extract_argument_from_va_list@F_J@?$standard_base@DV?$string_output_adapter@D@__crt_stdio_output@@@__crt_stdio_output@@IEAA_NAEA_J@Z 00000001400140b0 f i libucrtd:output.obj
 0001:000130b0       ??$extract_argument_from_va_list@F_J@?$standard_base@_WV?$string_output_adapter@_W@__crt_stdio_output@@@__crt_stdio_output@@IEAA_NAEA_J@Z 00000001400140b0 f i libucrtd:output.obj
 0001:000130f0       ??$extract_argument_from_va_list@GD@?$standard_base@DV?$string_output_adapter@D@__crt_stdio_output@@@__crt_stdio_output@@IEAA_NAEAD@Z 00000001400140f0 f i libucrtd:output.obj
 0001:00013120       ??$extract_argument_from_va_list@G_J@?$standard_base@_WV?$string_output_adapter@_W@__crt_stdio_output@@@__crt_stdio_output@@IEAA_NAEA_J@Z 0000000140014120 f i libucrtd:output.obj
 0001:00013120       ??$extract_argument_from_va_list@G_J@?$standard_base@DV?$string_output_adapter@D@__crt_stdio_output@@@__crt_stdio_output@@IEAA_NAEA_J@Z 0000000140014120 f i libucrtd:output.obj
 0001:00013160       ??$extract_argument_from_va_list@H_J@?$standard_base@_WV?$string_output_adapter@_W@__crt_stdio_output@@@__crt_stdio_output@@IEAA_NAEA_J@Z 0000000140014160 f i libucrtd:output.obj
 0001:00013160       ??$extract_argument_from_va_list@H_J@?$standard_base@DV?$string_output_adapter@D@__crt_stdio_output@@@__crt_stdio_output@@IEAA_NAEA_J@Z 0000000140014160 f i libucrtd:output.obj
 0001:00013190       ??$extract_argument_from_va_list@I_J@?$standard_base@DV?$string_output_adapter@D@__crt_stdio_output@@@__crt_stdio_output@@IEAA_NAEA_J@Z 0000000140014190 f i libucrtd:output.obj
 0001:00013190       ??$extract_argument_from_va_list@I_J@?$standard_base@_WV?$string_output_adapter@_W@__crt_stdio_output@@@__crt_stdio_output@@IEAA_NAEA_J@Z 0000000140014190 f i libucrtd:output.obj
 0001:000131c0       ??$extract_argument_from_va_list@PEAXPEAX@?$standard_base@_WV?$string_output_adapter@_W@__crt_stdio_output@@@__crt_stdio_output@@IEAA_NAEAPEAX@Z 00000001400141c0 f i libucrtd:output.obj
 0001:000131c0       ??$extract_argument_from_va_list@_J_J@?$standard_base@_WV?$string_output_adapter@_W@__crt_stdio_output@@@__crt_stdio_output@@IEAA_NAEA_J@Z 00000001400141c0 f i libucrtd:output.obj
 0001:000131c0       ??$extract_argument_from_va_list@PEADPEAD@?$standard_base@_WV?$string_output_adapter@_W@__crt_stdio_output@@@__crt_stdio_output@@IEAA_NAEAPEAD@Z 00000001400141c0 f i libucrtd:output.obj
 0001:000131c0       ??$extract_argument_from_va_list@_K_J@?$standard_base@_WV?$string_output_adapter@_W@__crt_stdio_output@@@__crt_stdio_output@@IEAA_NAEA_J@Z 00000001400141c0 f i libucrtd:output.obj
 0001:000131c0       ??$extract_argument_from_va_list@PEADPEAD@?$standard_base@DV?$string_output_adapter@D@__crt_stdio_output@@@__crt_stdio_output@@IEAA_NAEAPEAD@Z 00000001400141c0 f i libucrtd:output.obj
 0001:000131c0       ??$extract_argument_from_va_list@_K_J@?$standard_base@DV?$string_output_adapter@D@__crt_stdio_output@@@__crt_stdio_output@@IEAA_NAEA_J@Z 00000001400141c0 f i libucrtd:output.obj
 0001:000131c0       ??$extract_argument_from_va_list@_J_J@?$standard_base@DV?$string_output_adapter@D@__crt_stdio_output@@@__crt_stdio_output@@IEAA_NAEA_J@Z 00000001400141c0 f i libucrtd:output.obj
 0001:000131c0       ??$extract_argument_from_va_list@PEAXPEAX@?$standard_base@DV?$string_output_adapter@D@__crt_stdio_output@@@__crt_stdio_output@@IEAA_NAEAPEAX@Z 00000001400141c0 f i libucrtd:output.obj
 0001:00013220       ??$extract_argument_from_va_list@U_CRT_DOUBLE@@U1@@?$standard_base@_WV?$string_output_adapter@_W@__crt_stdio_output@@@__crt_stdio_output@@IEAA_NAEAU_CRT_DOUBLE@@@Z 0000000140014220 f i libucrtd:output.obj
 0001:00013220       ??$extract_argument_from_va_list@U_CRT_DOUBLE@@U1@@?$standard_base@DV?$string_output_adapter@D@__crt_stdio_output@@@__crt_stdio_output@@IEAA_NAEAU_CRT_DOUBLE@@@Z 0000000140014220 f i libucrtd:output.obj
 0001:00013270       ??$extract_argument_from_va_list@_W_W@?$standard_base@_WV?$string_output_adapter@_W@__crt_stdio_output@@@__crt_stdio_output@@IEAA_NAEA_W@Z 0000000140014270 f i libucrtd:output.obj
 0001:00013270       ??$extract_argument_from_va_list@_W_W@?$standard_base@DV?$string_output_adapter@D@__crt_stdio_output@@@__crt_stdio_output@@IEAA_NAEA_W@Z 0000000140014270 f i libucrtd:output.obj
 0001:000132a0       ??$is_wide_character_specifier@D@__crt_stdio_output@@YA_N_KDW4length_modifier@0@@Z 00000001400142a0 f i libucrtd:output.obj
 0001:00013340       ??$is_wide_character_specifier@_W@__crt_stdio_output@@YA_N_K_WW4length_modifier@0@@Z 0000000140014340 f i libucrtd:output.obj
 0001:00013410       ??$read_va_arg@E@__crt_stdio_output@@YAEAEAPEAD@Z 0000000140014410 f i libucrtd:output.obj
 0001:00013410       ??$read_va_arg@C@__crt_stdio_output@@YACAEAPEAD@Z 0000000140014410 f i libucrtd:output.obj
 0001:00013480       ??$read_va_arg@F@__crt_stdio_output@@YAFAEAPEAD@Z 0000000140014480 f i libucrtd:output.obj
 0001:00013480       ??$read_va_arg@_W@__crt_stdio_output@@YA_WAEAPEAD@Z 0000000140014480 f i libucrtd:output.obj
 0001:00013480       ??$read_va_arg@G@__crt_stdio_output@@YAGAEAPEAD@Z 0000000140014480 f i libucrtd:output.obj
 0001:000134f0       ??$read_va_arg@H@__crt_stdio_output@@YAHAEAPEAD@Z 00000001400144f0 f i libucrtd:output.obj
 0001:000134f0       ??$read_va_arg@I@__crt_stdio_output@@YAIAEAPEAD@Z 00000001400144f0 f i libucrtd:output.obj
 0001:00013550       ??$read_va_arg@PEAX@__crt_stdio_output@@YAPEAXAEAPEAD@Z 0000000140014550 f i libucrtd:output.obj
 0001:00013550       ??$read_va_arg@_J@__crt_stdio_output@@YA_JAEAPEAD@Z 0000000140014550 f i libucrtd:output.obj
 0001:00013550       ??$read_va_arg@_K@__crt_stdio_output@@YA_KAEAPEAD@Z 0000000140014550 f i libucrtd:output.obj
 0001:00013550       ??$read_va_arg@U_CRT_DOUBLE@@@__crt_stdio_output@@YA?AU_CRT_DOUBLE@@AEAPEAD@Z 0000000140014550 f i libucrtd:output.obj
 0001:00013550       ??$read_va_arg@PEAD@__crt_stdio_output@@YAPEADAEAPEAD@Z 0000000140014550 f i libucrtd:output.obj
 0001:00013630       ??$scratch_count@D@formatting_buffer@__crt_stdio_output@@QEBA_KXZ 0000000140014630 f i libucrtd:output.obj
 0001:00013650       ??$scratch_data@D@formatting_buffer@__crt_stdio_output@@QEAAPEADXZ 0000000140014650 f i libucrtd:output.obj
 0001:000136c0       ??$tcstol@PEBDPEAPEADH@?$__crt_char_traits@D@@SAJ$$QEAPEBD$$QEAPEAPEAD$$QEAH@Z 00000001400146c0 f i libucrtd:output.obj
 0001:00013700       ??$tcstol@PEB_WPEAPEA_WH@?$__crt_char_traits@_W@@SAJ$$QEAPEB_W$$QEAPEAPEA_W$$QEAH@Z 0000000140014700 f i libucrtd:output.obj
 0001:00013740       ??$type_case_integer_parse_into_buffer@I@?$output_processor@DV?$string_output_adapter@D@__crt_stdio_output@@V?$format_validation_base@DV?$string_output_adapter@D@__crt_stdio_output@@@2@@__crt_stdio_output@@AEAAXII_N@Z 0000000140014740 f i libucrtd:output.obj
 0001:00013870       ??$type_case_integer_parse_into_buffer@I@?$output_processor@_WV?$string_output_adapter@_W@__crt_stdio_output@@V?$format_validation_base@_WV?$string_output_adapter@_W@__crt_stdio_output@@@2@@__crt_stdio_output@@AEAAXII_N@Z 0000000140014870 f i libucrtd:output.obj
 0001:000139b0       ??$type_case_integer_parse_into_buffer@_K@?$output_processor@DV?$string_output_adapter@D@__crt_stdio_output@@V?$format_validation_base@DV?$string_output_adapter@D@__crt_stdio_output@@@2@@__crt_stdio_output@@AEAAX_KI_N@Z 00000001400149b0 f i libucrtd:output.obj
 0001:00013b00       ??$type_case_integer_parse_into_buffer@_K@?$output_processor@_WV?$string_output_adapter@_W@__crt_stdio_output@@V?$format_validation_base@_WV?$string_output_adapter@_W@__crt_stdio_output@@@2@@__crt_stdio_output@@AEAAX_KI_N@Z 0000000140014b00 f i libucrtd:output.obj
 0001:00013c60       ??$write_multiple_characters@V?$string_output_adapter@D@__crt_stdio_output@@D@__crt_stdio_output@@YAXAEBV?$string_output_adapter@D@0@DHQEAH@Z 0000000140014c60 f i libucrtd:output.obj
 0001:00013cc0       ??$write_multiple_characters@V?$string_output_adapter@_W@__crt_stdio_output@@D@__crt_stdio_output@@YAXAEBV?$string_output_adapter@_W@0@DHQEAH@Z 0000000140014cc0 f i libucrtd:output.obj
 0001:00013d20       ??0?$common_data@D@__crt_stdio_output@@IEAA@XZ 0000000140014d20 f i libucrtd:output.obj
 0001:00013df0       ??0?$common_data@_W@__crt_stdio_output@@IEAA@XZ 0000000140014df0 f i libucrtd:output.obj
 0001:00013ec0       ??0?$output_adapter_data@DV?$string_output_adapter@D@__crt_stdio_output@@@__crt_stdio_output@@IEAA@AEBV?$string_output_adapter@D@1@_KQEBDQEAU__crt_locale_pointers@@QEAD@Z 0000000140014ec0 f i libucrtd:output.obj
 0001:00013f40       ??0?$output_adapter_data@_WV?$string_output_adapter@_W@__crt_stdio_output@@@__crt_stdio_output@@IEAA@AEBV?$string_output_adapter@_W@1@_KQEB_WQEAU__crt_locale_pointers@@QEAD@Z 0000000140014f40 f i libucrtd:output.obj
 0001:00013fc0       ??0?$output_processor@DV?$string_output_adapter@D@__crt_stdio_output@@V?$format_validation_base@DV?$string_output_adapter@D@__crt_stdio_output@@@2@@__crt_stdio_output@@QEAA@AEBV?$string_output_adapter@D@1@_KQEBDQEAU__crt_locale_pointers@@QEAD@Z 0000000140014fc0 f i libucrtd:output.obj
 0001:00014010       ??0?$output_processor@_WV?$string_output_adapter@_W@__crt_stdio_output@@V?$format_validation_base@_WV?$string_output_adapter@_W@__crt_stdio_output@@@2@@__crt_stdio_output@@QEAA@AEBV?$string_output_adapter@_W@1@_KQEB_WQEAU__crt_locale_pointers@@QEAD@Z 0000000140015010 f i libucrtd:output.obj
 0001:00014060       ??0__crt_deferred_errno_cache@@QEAA@XZ 0000000140015060 f i libucrtd:output.obj
 0001:00014080       ??0__crt_errno_guard@@QEAA@QEAH@Z 0000000140015080 f i libucrtd:output.obj
 0001:000140c0       ??0formatting_buffer@__crt_stdio_output@@QEAA@XZ 00000001400150c0 f i libucrtd:output.obj
 0001:00014100       ??1?$common_data@_W@__crt_stdio_output@@QEAA@XZ 0000000140015100 f i libucrtd:output.obj
 0001:00014100       ??1?$common_data@D@__crt_stdio_output@@QEAA@XZ 0000000140015100 f i libucrtd:output.obj
 0001:00014120       ??1?$format_validation_base@_WV?$string_output_adapter@_W@__crt_stdio_output@@@__crt_stdio_output@@QEAA@XZ 0000000140015120 f i libucrtd:output.obj
 0001:00014120       ??1?$format_validation_base@DV?$string_output_adapter@D@__crt_stdio_output@@@__crt_stdio_output@@QEAA@XZ 0000000140015120 f i libucrtd:output.obj
 0001:00014140       ??1?$output_adapter_data@_WV?$string_output_adapter@_W@__crt_stdio_output@@@__crt_stdio_output@@QEAA@XZ 0000000140015140 f i libucrtd:output.obj
 0001:00014140       ??1?$output_adapter_data@DV?$string_output_adapter@D@__crt_stdio_output@@@__crt_stdio_output@@QEAA@XZ 0000000140015140 f i libucrtd:output.obj
 0001:00014160       ??1?$output_processor@_WV?$string_output_adapter@_W@__crt_stdio_output@@V?$format_validation_base@_WV?$string_output_adapter@_W@__crt_stdio_output@@@2@@__crt_stdio_output@@QEAA@XZ 0000000140015160 f i libucrtd:output.obj
 0001:00014160       ??1?$output_processor@DV?$string_output_adapter@D@__crt_stdio_output@@V?$format_validation_base@DV?$string_output_adapter@D@__crt_stdio_output@@@2@@__crt_stdio_output@@QEAA@XZ 0000000140015160 f i libucrtd:output.obj
 0001:00014180       ??1?$standard_base@DV?$string_output_adapter@D@__crt_stdio_output@@@__crt_stdio_output@@QEAA@XZ 0000000140015180 f i libucrtd:output.obj
 0001:00014180       ??1?$standard_base@_WV?$string_output_adapter@_W@__crt_stdio_output@@@__crt_stdio_output@@QEAA@XZ 0000000140015180 f i libucrtd:output.obj
 0001:000141a0       ??1__crt_errno_guard@@QEAA@XZ 00000001400151a0 f i libucrtd:output.obj
 0001:000141d0       ??1formatting_buffer@__crt_stdio_output@@QEAA@XZ 00000001400151d0 f i libucrtd:output.obj
 0001:00014200       ??4?$__crt_unique_heap_ptr@DU__crt_internal_free_policy@@@@QEAAAEAV0@$$QEAV0@@Z 0000000140015200 f i libucrtd:output.obj
 0001:00014240       ?adjust_hexit@?$output_processor@DV?$string_output_adapter@D@__crt_stdio_output@@V?$format_validation_base@DV?$string_output_adapter@D@__crt_stdio_output@@@2@@__crt_stdio_output@@CADH_N@Z 0000000140015240 f i libucrtd:output.obj
 0001:00014240       ?adjust_hexit@?$output_processor@_WV?$string_output_adapter@_W@__crt_stdio_output@@V?$format_validation_base@_WV?$string_output_adapter@_W@__crt_stdio_output@@@2@@__crt_stdio_output@@CADH_N@Z 0000000140015240 f i libucrtd:output.obj
 0001:00014290       ?advance_to_next_pass@?$standard_base@_WV?$string_output_adapter@_W@__crt_stdio_output@@@__crt_stdio_output@@IEAA_NXZ 0000000140015290 f i libucrtd:output.obj
 0001:00014290       ?advance_to_next_pass@?$standard_base@DV?$string_output_adapter@D@__crt_stdio_output@@@__crt_stdio_output@@IEAA_NXZ 0000000140015290 f i libucrtd:output.obj
 0001:000142e0       ?crop_zeroes@__crt_stdio_output@@YAXPEADQEAU__crt_locale_pointers@@@Z 00000001400152e0 f i libucrtd:output.obj
 0001:00014420       ?find_next_state@?$output_processor@DV?$string_output_adapter@D@__crt_stdio_output@@V?$format_validation_base@DV?$string_output_adapter@D@__crt_stdio_output@@@2@@__crt_stdio_output@@AEBA?AW4state@2@DW432@@Z 0000000140015420 f i libucrtd:output.obj
 0001:000144c0       ?find_next_state@?$output_processor@_WV?$string_output_adapter@_W@__crt_stdio_output@@V?$format_validation_base@_WV?$string_output_adapter@_W@__crt_stdio_output@@@2@@__crt_stdio_output@@AEBA?AW4state@2@_WW432@@Z 00000001400154c0 f i libucrtd:output.obj
 0001:00014560       ?force_decimal_point@__crt_stdio_output@@YAXPEADQEAU__crt_locale_pointers@@@Z 0000000140015560 f i libucrtd:output.obj
 0001:00014640       ?get@__crt_deferred_errno_cache@@QEAAAEAHXZ 0000000140015640 f i libucrtd:output.obj
 0001:00014670       ?get_flags@__crt_stdio_stream@@QEBAJXZ 0000000140015670 f i libucrtd:output.obj
 0001:000146a0       ?has_flag@?$output_processor@_WV?$string_output_adapter@_W@__crt_stdio_output@@V?$format_validation_base@_WV?$string_output_adapter@_W@__crt_stdio_output@@@2@@__crt_stdio_output@@AEBA_NI@Z 00000001400156a0 f i libucrtd:output.obj
 0001:000146a0       ?has_flag@?$output_processor@DV?$string_output_adapter@D@__crt_stdio_output@@V?$format_validation_base@DV?$string_output_adapter@D@__crt_stdio_output@@@2@@__crt_stdio_output@@AEBA_NI@Z 00000001400156a0 f i libucrtd:output.obj
 0001:000146e0       ?is_string_backed@__crt_stdio_stream@@QEBA_NXZ 00000001400156e0 f i libucrtd:output.obj
 0001:00014720       ?narrow_null_string@?$output_processor@_WV?$string_output_adapter@_W@__crt_stdio_output@@V?$format_validation_base@_WV?$string_output_adapter@_W@__crt_stdio_output@@@2@@__crt_stdio_output@@CAPEADXZ 0000000140015720 f i libucrtd:output.obj
 0001:00014720       ?narrow_null_string@?$output_processor@DV?$string_output_adapter@D@__crt_stdio_output@@V?$format_validation_base@DV?$string_output_adapter@D@__crt_stdio_output@@@2@@__crt_stdio_output@@CAPEADXZ 0000000140015720 f i libucrtd:output.obj
 0001:00014730       ?parse_int_from_format_string@?$output_processor@DV?$string_output_adapter@D@__crt_stdio_output@@V?$format_validation_base@DV?$string_output_adapter@D@__crt_stdio_output@@@2@@__crt_stdio_output@@AEAA_NQEAH@Z 0000000140015730 f i libucrtd:output.obj
 0001:00014820       ?parse_int_from_format_string@?$output_processor@_WV?$string_output_adapter@_W@__crt_stdio_output@@V?$format_validation_base@_WV?$string_output_adapter@_W@__crt_stdio_output@@@2@@__crt_stdio_output@@AEAA_NQEAH@Z 0000000140015820 f i libucrtd:output.obj
 0001:00014910       ?process@?$output_processor@DV?$string_output_adapter@D@__crt_stdio_output@@V?$format_validation_base@DV?$string_output_adapter@D@__crt_stdio_output@@@2@@__crt_stdio_output@@QEAAHXZ 0000000140015910 f i libucrtd:output.obj
 0001:00014c70       ?process@?$output_processor@_WV?$string_output_adapter@_W@__crt_stdio_output@@V?$format_validation_base@_WV?$string_output_adapter@_W@__crt_stdio_output@@@2@@__crt_stdio_output@@QEAAHXZ 0000000140015c70 f i libucrtd:output.obj
 0001:00014fd0       ?set_flag@?$output_processor@_WV?$string_output_adapter@_W@__crt_stdio_output@@V?$format_validation_base@_WV?$string_output_adapter@_W@__crt_stdio_output@@@2@@__crt_stdio_output@@AEAAXI@Z 0000000140015fd0 f i libucrtd:output.obj
 0001:00014fd0       ?set_flag@?$output_processor@DV?$string_output_adapter@D@__crt_stdio_output@@V?$format_validation_base@DV?$string_output_adapter@D@__crt_stdio_output@@@2@@__crt_stdio_output@@AEAAXI@Z 0000000140015fd0 f i libucrtd:output.obj
 0001:00014ff0       ?validate_state_for_type_case_a@?$standard_base@DV?$string_output_adapter@D@__crt_stdio_output@@@__crt_stdio_output@@IEBA_NXZ 0000000140015ff0 f i libucrtd:output.obj
 0001:00014ff0       ?validate_and_update_state_at_beginning_of_format_character@?$standard_base@_WV?$string_output_adapter@_W@__crt_stdio_output@@@__crt_stdio_output@@IEAA_NXZ 0000000140015ff0 f i libucrtd:output.obj
 0001:00014ff0       ?validate_state_for_type_case_a@?$standard_base@_WV?$string_output_adapter@_W@__crt_stdio_output@@@__crt_stdio_output@@IEBA_NXZ 0000000140015ff0 f i libucrtd:output.obj
 0001:00014ff0       ?should_format@?$standard_base@DV?$string_output_adapter@D@__crt_stdio_output@@@__crt_stdio_output@@IEAA_NXZ 0000000140015ff0 f i libucrtd:output.obj
 0001:00014ff0       ?should_format@?$standard_base@_WV?$string_output_adapter@_W@__crt_stdio_output@@@__crt_stdio_output@@IEAA_NXZ 0000000140015ff0 f i libucrtd:output.obj
 0001:00014ff0       ?validate_and_update_state_at_beginning_of_format_character@?$standard_base@DV?$string_output_adapter@D@__crt_stdio_output@@@__crt_stdio_output@@IEAA_NXZ 0000000140015ff0 f i libucrtd:output.obj
 0001:00015000       ?should_skip_type_state_output@?$standard_base@_WV?$string_output_adapter@_W@__crt_stdio_output@@@__crt_stdio_output@@IEBA_NXZ 0000000140016000 f i libucrtd:output.obj
 0001:00015000       ?should_skip_type_state_output@?$standard_base@DV?$string_output_adapter@D@__crt_stdio_output@@@__crt_stdio_output@@IEBA_NXZ 0000000140016000 f i libucrtd:output.obj
 0001:00015000       ?should_skip_normal_state_processing@?$standard_base@DV?$string_output_adapter@D@__crt_stdio_output@@@__crt_stdio_output@@IEAA_NXZ 0000000140016000 f i libucrtd:output.obj
 0001:00015000       ?should_skip_normal_state_processing@?$standard_base@_WV?$string_output_adapter@_W@__crt_stdio_output@@@__crt_stdio_output@@IEAA_NXZ 0000000140016000 f i libucrtd:output.obj
 0001:00015010       ?state_case_dot@?$output_processor@_WV?$string_output_adapter@_W@__crt_stdio_output@@V?$format_validation_base@_WV?$string_output_adapter@_W@__crt_stdio_output@@@2@@__crt_stdio_output@@AEAA_NXZ 0000000140016010 f i libucrtd:output.obj
 0001:00015010       ?state_case_dot@?$output_processor@DV?$string_output_adapter@D@__crt_stdio_output@@V?$format_validation_base@DV?$string_output_adapter@D@__crt_stdio_output@@@2@@__crt_stdio_output@@AEAA_NXZ 0000000140016010 f i libucrtd:output.obj
 0001:00015030       ?state_case_flag@?$output_processor@DV?$string_output_adapter@D@__crt_stdio_output@@V?$format_validation_base@DV?$string_output_adapter@D@__crt_stdio_output@@@2@@__crt_stdio_output@@AEAA_NXZ 0000000140016030 f i libucrtd:output.obj
 0001:000150d0       ?state_case_flag@?$output_processor@_WV?$string_output_adapter@_W@__crt_stdio_output@@V?$format_validation_base@_WV?$string_output_adapter@_W@__crt_stdio_output@@@2@@__crt_stdio_output@@AEAA_NXZ 00000001400160d0 f i libucrtd:output.obj
 0001:00015170       ?state_case_normal@?$output_processor@DV?$string_output_adapter@D@__crt_stdio_output@@V?$format_validation_base@DV?$string_output_adapter@D@__crt_stdio_output@@@2@@__crt_stdio_output@@AEAA_NXZ 0000000140016170 f i libucrtd:output.obj
 0001:00015250       ?state_case_normal@?$output_processor@_WV?$string_output_adapter@_W@__crt_stdio_output@@V?$format_validation_base@_WV?$string_output_adapter@_W@__crt_stdio_output@@@2@@__crt_stdio_output@@AEAA_NXZ 0000000140016250 f i libucrtd:output.obj
 0001:00015330       ?state_case_normal_common@?$output_processor@DV?$string_output_adapter@D@__crt_stdio_output@@V?$format_validation_base@DV?$string_output_adapter@D@__crt_stdio_output@@@2@@__crt_stdio_output@@AEAA_NXZ 0000000140016330 f i libucrtd:output.obj
 0001:00015380       ?state_case_normal_common@?$output_processor@_WV?$string_output_adapter@_W@__crt_stdio_output@@V?$format_validation_base@_WV?$string_output_adapter@_W@__crt_stdio_output@@@2@@__crt_stdio_output@@AEAA_NXZ 0000000140016380 f i libucrtd:output.obj
 0001:000153d0       ?state_case_normal_tchar@?$output_processor@DV?$string_output_adapter@D@__crt_stdio_output@@V?$format_validation_base@DV?$string_output_adapter@D@__crt_stdio_output@@@2@@__crt_stdio_output@@AEAA_ND@Z 00000001400163d0 f i libucrtd:output.obj
 0001:00015510       ?state_case_normal_tchar@?$output_processor@_WV?$string_output_adapter@_W@__crt_stdio_output@@V?$format_validation_base@_WV?$string_output_adapter@_W@__crt_stdio_output@@@2@@__crt_stdio_output@@AEAA_N_W@Z 0000000140016510 f i libucrtd:output.obj
 0001:00015530       ?state_case_percent@?$output_processor@_WV?$string_output_adapter@_W@__crt_stdio_output@@V?$format_validation_base@_WV?$string_output_adapter@_W@__crt_stdio_output@@@2@@__crt_stdio_output@@AEAA_NXZ 0000000140016530 f i libucrtd:output.obj
 0001:00015530       ?state_case_percent@?$output_processor@DV?$string_output_adapter@D@__crt_stdio_output@@V?$format_validation_base@DV?$string_output_adapter@D@__crt_stdio_output@@@2@@__crt_stdio_output@@AEAA_NXZ 0000000140016530 f i libucrtd:output.obj
 0001:00015580       ?state_case_precision@?$output_processor@DV?$string_output_adapter@D@__crt_stdio_output@@V?$format_validation_base@DV?$string_output_adapter@D@__crt_stdio_output@@@2@@__crt_stdio_output@@AEAA_NXZ 0000000140016580 f i libucrtd:output.obj
 0001:00015600       ?state_case_precision@?$output_processor@_WV?$string_output_adapter@_W@__crt_stdio_output@@V?$format_validation_base@_WV?$string_output_adapter@_W@__crt_stdio_output@@@2@@__crt_stdio_output@@AEAA_NXZ 0000000140016600 f i libucrtd:output.obj
 0001:00015680       ?state_case_size@?$output_processor@DV?$string_output_adapter@D@__crt_stdio_output@@V?$format_validation_base@DV?$string_output_adapter@D@__crt_stdio_output@@@2@@__crt_stdio_output@@AEAA_NXZ 0000000140016680 f i libucrtd:output.obj
 0001:00015b00       ?state_case_size@?$output_processor@_WV?$string_output_adapter@_W@__crt_stdio_output@@V?$format_validation_base@_WV?$string_output_adapter@_W@__crt_stdio_output@@@2@@__crt_stdio_output@@AEAA_NXZ 0000000140016b00 f i libucrtd:output.obj
 0001:00015f80       ?state_case_type@?$output_processor@DV?$string_output_adapter@D@__crt_stdio_output@@V?$format_validation_base@DV?$string_output_adapter@D@__crt_stdio_output@@@2@@__crt_stdio_output@@AEAA_NXZ 0000000140016f80 f i libucrtd:output.obj
 0001:00016420       ?state_case_type@?$output_processor@_WV?$string_output_adapter@_W@__crt_stdio_output@@V?$format_validation_base@_WV?$string_output_adapter@_W@__crt_stdio_output@@@2@@__crt_stdio_output@@AEAA_NXZ 0000000140017420 f i libucrtd:output.obj
 0001:00016980       ?state_case_width@?$output_processor@DV?$string_output_adapter@D@__crt_stdio_output@@V?$format_validation_base@DV?$string_output_adapter@D@__crt_stdio_output@@@2@@__crt_stdio_output@@AEAA_NXZ 0000000140017980 f i libucrtd:output.obj
 0001:00016a10       ?state_case_width@?$output_processor@_WV?$string_output_adapter@_W@__crt_stdio_output@@V?$format_validation_base@_WV?$string_output_adapter@_W@__crt_stdio_output@@@2@@__crt_stdio_output@@AEAA_NXZ 0000000140017a10 f i libucrtd:output.obj
 0001:00016aa0       ?state_count@?$format_validation_base@_WV?$string_output_adapter@_W@__crt_stdio_output@@@__crt_stdio_output@@KAIXZ 0000000140017aa0 f i libucrtd:output.obj
 0001:00016aa0       ?state_count@?$format_validation_base@DV?$string_output_adapter@D@__crt_stdio_output@@@__crt_stdio_output@@KAIXZ 0000000140017aa0 f i libucrtd:output.obj
 0001:00016ab0       ?state_transition_table@?$format_validation_base@_WV?$string_output_adapter@_W@__crt_stdio_output@@@__crt_stdio_output@@KAPEBEXZ 0000000140017ab0 f i libucrtd:output.obj
 0001:00016ab0       ?state_transition_table@?$format_validation_base@DV?$string_output_adapter@D@__crt_stdio_output@@@__crt_stdio_output@@KAPEBEXZ 0000000140017ab0 f i libucrtd:output.obj
 0001:00016ac0       ?tchar_string@?$common_data@D@__crt_stdio_output@@IEAAAEAPEADD@Z 0000000140017ac0 f i libucrtd:output.obj
 0001:00016ae0       ?tchar_string@?$common_data@D@__crt_stdio_output@@IEAAAEAPEADXZ 0000000140017ae0 f i libucrtd:output.obj
 0001:00016b00       ?tchar_string@?$common_data@_W@__crt_stdio_output@@IEAAAEAPEA_WXZ 0000000140017b00 f i libucrtd:output.obj
 0001:00016b20       ?tchar_string@?$common_data@_W@__crt_stdio_output@@IEAAAEAPEA_W_W@Z 0000000140017b20 f i libucrtd:output.obj
 0001:00016b40       ?to_integer_size@__crt_stdio_output@@YA_KW4length_modifier@1@@Z 0000000140017b40 f i libucrtd:output.obj
 0001:00016bf0       ?type_case_X@?$output_processor@DV?$string_output_adapter@D@__crt_stdio_output@@V?$format_validation_base@DV?$string_output_adapter@D@__crt_stdio_output@@@2@@__crt_stdio_output@@AEAA_NXZ 0000000140017bf0 f i libucrtd:output.obj
 0001:00016c10       ?type_case_X@?$output_processor@_WV?$string_output_adapter@_W@__crt_stdio_output@@V?$format_validation_base@_WV?$string_output_adapter@_W@__crt_stdio_output@@@2@@__crt_stdio_output@@AEAA_NXZ 0000000140017c10 f i libucrtd:output.obj
 0001:00016c30       ?type_case_Z@?$output_processor@DV?$string_output_adapter@D@__crt_stdio_output@@V?$format_validation_base@DV?$string_output_adapter@D@__crt_stdio_output@@@2@@__crt_stdio_output@@AEAA_NXZ 0000000140017c30 f i libucrtd:output.obj
 0001:00016d50       ?type_case_Z@?$output_processor@_WV?$string_output_adapter@_W@__crt_stdio_output@@V?$format_validation_base@_WV?$string_output_adapter@_W@__crt_stdio_output@@@2@@__crt_stdio_output@@AEAA_NXZ 0000000140017d50 f i libucrtd:output.obj
 0001:00016e70       ?type_case_a@?$output_processor@DV?$string_output_adapter@D@__crt_stdio_output@@V?$format_validation_base@DV?$string_output_adapter@D@__crt_stdio_output@@@2@@__crt_stdio_output@@AEAA_NXZ 0000000140017e70 f i libucrtd:output.obj
 0001:00017230       ?type_case_a@?$output_processor@_WV?$string_output_adapter@_W@__crt_stdio_output@@V?$format_validation_base@_WV?$string_output_adapter@_W@__crt_stdio_output@@@2@@__crt_stdio_output@@AEAA_NXZ 0000000140018230 f i libucrtd:output.obj
 0001:00017600       ?type_case_c@?$output_processor@DV?$string_output_adapter@D@__crt_stdio_output@@V?$format_validation_base@DV?$string_output_adapter@D@__crt_stdio_output@@@2@@__crt_stdio_output@@AEAA_NXZ 0000000140018600 f i libucrtd:output.obj
 0001:00017620       ?type_case_c@?$output_processor@_WV?$string_output_adapter@_W@__crt_stdio_output@@V?$format_validation_base@_WV?$string_output_adapter@_W@__crt_stdio_output@@@2@@__crt_stdio_output@@AEAA_NXZ 0000000140018620 f i libucrtd:output.obj
 0001:00017640       ?type_case_c_tchar@?$output_processor@DV?$string_output_adapter@D@__crt_stdio_output@@V?$format_validation_base@DV?$string_output_adapter@D@__crt_stdio_output@@@2@@__crt_stdio_output@@AEAA_ND@Z 0000000140018640 f i libucrtd:output.obj
 0001:00017790       ?type_case_c_tchar@?$output_processor@_WV?$string_output_adapter@_W@__crt_stdio_output@@V?$format_validation_base@_WV?$string_output_adapter@_W@__crt_stdio_output@@@2@@__crt_stdio_output@@AEAA_N_W@Z 0000000140018790 f i libucrtd:output.obj
 0001:000178c0       ?type_case_d@?$output_processor@DV?$string_output_adapter@D@__crt_stdio_output@@V?$format_validation_base@DV?$string_output_adapter@D@__crt_stdio_output@@@2@@__crt_stdio_output@@AEAA_NXZ 00000001400188c0 f i libucrtd:output.obj
[...]
 0004:000026e8       $pdata$_wcstombs_s_l       00000001400536e8     libucrtd:wcstombs.obj
 0004:000026f4       $pdata$_wcstombs_l         00000001400536f4     libucrtd:wcstombs.obj
 0004:00002700       $pdata$?wcsncnt@@YA_KPEB_W_K@Z 0000000140053700     libucrtd:wcstombs.obj
 0004:0000270c       $pdata$?_wcstombs_l_helper@@YA_KPEADPEB_W_KPEAU__crt_locale_pointers@@@Z 000000014005370c     libucrtd:wcstombs.obj
 0004:00002718       $pdata$?dtor$0@?0??_wcstombs_l_helper@@YA_KPEADPEB_W_KPEAU__crt_locale_pointers@@@Z@4HA 0000000140053718     libucrtd:wcstombs.obj
 0004:00002724       $pdata$strcat_s            0000000140053724     libucrtd:strcat_s.obj
 0004:00002730       $pdata$??$common_tcscat_s@D@@YAHQEAD_KQEBD@Z 0000000140053730     libucrtd:strcat_s.obj
 0004:0000273c       $pdata$?__mbrtowc_utf8@__crt_mbstring@@YA_KPEA_WPEBD_KPEAU_Mbstatet@@@Z 000000014005373c     libucrtd:mbrtowc.obj
 0004:00002748       $pdata$?__mbsrtowcs_utf8@__crt_mbstring@@YA_KPEA_WPEAPEBD_KPEAU_Mbstatet@@@Z 0000000140053748     libucrtd:mbrtowc.obj
 0004:00002754       $pdata$__acrt_fp_strflt_to_string 0000000140053754     libucrtd:_fptostr.obj
 0004:00002760       $pdata$__acrt_fltout       0000000140053760     libucrtd:cfout.obj
 0004:0000276c       $pdata$??0big_integer@__crt_strtox@@QEAA@XZ 000000014005376c     libucrtd:cfout.obj
 0004:00002778       $pdata$??0big_integer@__crt_strtox@@QEAA@AEBU01@@Z 0000000140053778     libucrtd:cfout.obj
 0004:00002778       $pdata$??4big_integer@__crt_strtox@@QEAAAEAU01@AEBU01@@Z 0000000140053778     libucrtd:cfout.obj
 0004:00002784       $pdata$??8__crt_strtox@@YA_NAEBUbig_integer@0@0@Z 0000000140053784     libucrtd:cfout.obj
 0004:00002790       $pdata$??9__crt_strtox@@YA_NAEBUbig_integer@0@0@Z 0000000140053790     libucrtd:cfout.obj
 0004:0000279c       $pdata$?make_big_integer@__crt_strtox@@YA?AUbig_integer@1@_K@Z 000000014005379c     libucrtd:cfout.obj
 0004:000027a8       $pdata$?make_big_integer_power_of_two@__crt_strtox@@YA?AUbig_integer@1@I@Z 00000001400537a8     libucrtd:cfout.obj
 0004:000027b4       $pdata$?is_zero@__crt_strtox@@YA_NAEBUbig_integer@1@@Z 00000001400537b4     libucrtd:cfout.obj
 0004:000027c0       $pdata$?bit_scan_reverse@__crt_strtox@@YAII@Z 00000001400537c0     libucrtd:cfout.obj
 0004:000027cc       $pdata$?shift_left@__crt_strtox@@YA_NAEAUbig_integer@1@I@Z 00000001400537cc     libucrtd:cfout.obj
 0004:000027d8       $pdata$?add_carry@__crt_strtox@@YAIAEAIII@Z 00000001400537d8     libucrtd:cfout.obj
 0004:000027e4       $pdata$?add_multiply_carry@__crt_strtox@@YAIAEAIIII@Z 00000001400537e4     libucrtd:cfout.obj
 0004:000027f0       $pdata$?multiply_core@__crt_strtox@@YAIQEAIII@Z 00000001400537f0     libucrtd:cfout.obj
 0004:000027fc       $pdata$?multiply@__crt_strtox@@YA_NAEAUbig_integer@1@I@Z 00000001400537fc     libucrtd:cfout.obj
 0004:00002808       $pdata$?multiply@__crt_strtox@@YA_NAEAUbig_integer@1@AEBU21@@Z 0000000140053808     libucrtd:cfout.obj
 0004:00002814       $pdata$?multiply_by_power_of_ten@__crt_strtox@@YA_NAEAUbig_integer@1@I@Z 0000000140053814     libucrtd:cfout.obj
 0004:00002820       $pdata$?count_sequential_high_zeroes@__crt_strtox@@YAII@Z 0000000140053820     libucrtd:cfout.obj
 0004:0000282c       $pdata$?divide@__crt_strtox@@YA_KAEAUbig_integer@1@AEBU21@@Z 000000014005382c     libucrtd:cfout.obj
 0004:00002838       $pdata$??0scoped_fp_state_reset@?A0x71ca7cfb@@QEAA@XZ 0000000140053838     libucrtd:cfout.obj
 0004:00002844       $pdata$??1scoped_fp_state_reset@?A0x71ca7cfb@@QEAA@XZ 0000000140053844     libucrtd:cfout.obj
 0004:00002850       $pdata$??$convert_to_fos_high_precision@N@@YAXNIQEAHQEAD_K@Z 0000000140053850     libucrtd:cfout.obj
 0004:0000285c       $pdata$_fcloseall          000000014005385c     libucrtd:closeall.obj
 0004:00002868       $pdata$_fcloseall$fin$0    0000000140053868     libucrtd:closeall.obj
 0004:00002874       $pdata$?is_in_use@__crt_stdio_stream@@QEBA_NXZ 0000000140053874     libucrtd:closeall.obj
 0004:00002880       $pdata$?has_crt_buffer@__crt_stdio_stream@@QEBA_NXZ 0000000140053880     libucrtd:_freebuf.obj
 0004:0000288c       $pdata$__acrt_stdio_free_buffer_nolock 000000014005388c     libucrtd:_freebuf.obj
 0004:00002898       $pdata$__acrt_GetStringTypeW 0000000140053898     libucrtd:getstringtypew.obj
 0004:000028a4       $pdata$__strncnt           00000001400538a4     libucrtd:strncnt.obj
 0004:000028b0       $pdata$_commit             00000001400538b0     libucrtd:commit.obj
 0004:000028bc       $pdata$??R<lambda_5533cddd4bda0037814beee657757329>@@QEBAHXZ 00000001400538bc     libucrtd:commit.obj
 0004:000028c8       $pdata$??$__acrt_lowio_lock_fh_and_call@V<lambda_5533cddd4bda0037814beee657757329>@@@@YAHH$$QEAV<lambda_5533cddd4bda0037814beee657757329>@@@Z 00000001400538c8     libucrtd:commit.obj
 0004:000028d4       $pdata$??R<lambda_4e3dbe6921bc0b5a1a6bc6573fdc859e>@@QEBAXXZ 00000001400538d4     libucrtd:commit.obj
 0004:000028d4       $pdata$??R<lambda_53fc7fc888e23d815d7080162c0aeeb2>@@QEBAXXZ 00000001400538d4     libucrtd:close.obj
 0004:000028e0       $pdata$??R<lambda_8ddc48ad9d26c778cb15812d1d88fc8a>@@QEBAXXZ 00000001400538e0     libucrtd:close.obj
 0004:000028e0       $pdata$??R<lambda_47cffbaa968af5c721c38a4a6f8da44d>@@QEBAXXZ 00000001400538e0     libucrtd:commit.obj
 0004:000028ec       $pdata$??$?RV<lambda_4e3dbe6921bc0b5a1a6bc6573fdc859e>@@AEAV<lambda_5533cddd4bda0037814beee657757329>@@V<lambda_47cffbaa968af5c721c38a4a6f8da44d>@@@?$__crt_seh_guarded_call@H@@QEAAH$$QEAV<lambda_4e3dbe6921bc0b5a1a6bc6573fdc859e>@@AEAV<lambda_5533cddd4bda0037814beee657757329>@@$$QEAV<lambda_47cffbaa968af5c721c38a4a6f8da44d>@@@Z 00000001400538ec     libucrtd:commit.obj
 0004:000028f8       $pdata$?fin$0@?0???$?RV<lambda_53fc7fc888e23d815d7080162c0aeeb2>@@AEAV<lambda_4e7105787b7b0e0227fbf2b2d883fa65>@@V<lambda_8ddc48ad9d26c778cb15812d1d88fc8a>@@@?$__crt_seh_guarded_call@H@@QEAAH$$QEAV<lambda_53fc7fc888e23d815d7080162c0aeeb2>@@AEAV<lambda_4e7105787b7b0e0227fbf2b2d883fa65>@@$$QEAV<lambda_8ddc48ad9d26c778cb15812d1d88fc8a>@@@Z@4HA 00000001400538f8     libucrtd:close.obj
 0004:000028f8       $pdata$?fin$0@?0???$?RV<lambda_4e3dbe6921bc0b5a1a6bc6573fdc859e>@@AEAV<lambda_5533cddd4bda0037814beee657757329>@@V<lambda_47cffbaa968af5c721c38a4a6f8da44d>@@@?$__crt_seh_guarded_call@H@@QEAAH$$QEAV<lambda_4e3dbe6921bc0b5a1a6bc6573fdc859e>@@AEAV<lambda_5533cddd4bda0037814beee657757329>@@$$QEAV<lambda_47cffbaa968af5c721c38a4a6f8da44d>@@@Z@4HA 00000001400538f8     libucrtd:commit.obj
 0004:00002904       $pdata$_write              0000000140053904     libucrtd:write.obj
 0004:00002910       $pdata$_write$fin$0        0000000140053910     libucrtd:write.obj
 0004:0000291c       $pdata$_write_nolock       000000014005391c     libucrtd:write.obj
 0004:00002928       $pdata$?write_requires_double_translation_nolock@@YA_NH@Z 0000000140053928     libucrtd:write.obj
 0004:00002934       $pdata$?write_double_translated_ansi_nolock@@YA?AUwrite_result@?A0x17268360@@HQEBDI@Z 0000000140053934     libucrtd:write.obj
 0004:00002940       $pdata$?write_double_translated_unicode_nolock@@YA?AUwrite_result@?A0x17268360@@QEBDI@Z 0000000140053940     libucrtd:write.obj
 0004:0000294c       $pdata$?write_text_ansi_nolock@@YA?AUwrite_result@?A0x17268360@@HQEBDI@Z 000000014005394c     libucrtd:write.obj
 0004:00002958       $pdata$?write_text_utf16le_nolock@@YA?AUwrite_result@?A0x17268360@@HQEBDI@Z 0000000140053958     libucrtd:write.obj
 0004:00002964       $pdata$?write_text_utf8_nolock@@YA?AUwrite_result@?A0x17268360@@HQEBDI@Z 0000000140053964     libucrtd:write.obj
 0004:00002970       $pdata$?write_binary_nolock@@YA?AUwrite_result@?A0x17268360@@HQEBDI@Z 0000000140053970     libucrtd:write.obj
 0004:0000297c       $pdata$?__wcsrtombs_utf8@__crt_mbstring@@YA_KPEADPEAPEB_W_KPEAU_Mbstatet@@@Z 000000014005397c     libucrtd:wcrtomb.obj
 0004:00002988       $pdata$?__mbrtoc32_utf8@__crt_mbstring@@YA_KPEA_UPEBD_KPEAU_Mbstatet@@@Z 0000000140053988     libucrtd:mbrtoc32.obj
 0004:00002994       $pdata$?return_illegal_sequence@__crt_mbstring@@YA_KPEAU_Mbstatet@@@Z 0000000140053994     libucrtd:mbrtoc32.obj
 0004:000029a0       $pdata$?reset_and_return@__crt_mbstring@@YA_K_KPEAU_Mbstatet@@@Z 00000001400539a0     libucrtd:mbrtoc32.obj
 0004:000029b8       $pdata$ceil                00000001400539b8     libucrtd:ceil.obj
 0004:000029c4       $pdata$fegetenv            00000001400539c4     libucrtd:fegetenv.obj
 0004:000029d0       $pdata$fesetenv            00000001400539d0     libucrtd:fesetenv.obj
 0004:000029dc       $pdata$feholdexcept        00000001400539dc     libucrtd:feholdexcept.obj
 0004:000029e8       $pdata$_lseeki64_nolock    00000001400539e8     libucrtd:lseek.obj
 0004:000029f4       $pdata$?common_lseek_do_seek_nolock@@YA_JQEAX_JH@Z 00000001400539f4     libucrtd:lseek.obj
 0004:00002a00       $pdata$??$common_lseek_nolock@_J@@YA_JH_JH@Z 0000000140053a00     libucrtd:lseek.obj
 0004:00002a0c       $pdata$fclose              0000000140053a0c     libucrtd:fclose.obj
 0004:00002a18       $pdata$fclose$fin$0        0000000140053a18     libucrtd:fclose.obj
 0004:00002a24       $pdata$_fclose_nolock      0000000140053a24     libucrtd:fclose.obj
 0004:00002a30       $pdata$_putwch_nolock      0000000140053a30     libucrtd:putwch.obj
 0004:00002a3c       $pdata$?__c16rtomb_utf8@__crt_mbstring@@YA_KPEAD_SPEAU_Mbstatet@@@Z 0000000140053a3c     libucrtd:c16rtomb.obj
 0004:00002a48       $pdata$?store_first_surrogate@?A0xc60ee810@@YAX_SPEAU_Mbstatet@@@Z 0000000140053a48     libucrtd:c16rtomb.obj
 0004:00002a54       $pdata$?has_surrogate@?A0xc60ee810@@YA_NPEAU_Mbstatet@@@Z 0000000140053a54     libucrtd:c16rtomb.obj
 0004:00002a60       $pdata$?is_first_surrogate@?A0xc60ee810@@YA_N_S@Z 0000000140053a60     libucrtd:c16rtomb.obj
 0004:00002a6c       $pdata$?is_second_surrogate@?A0xc60ee810@@YA_N_S@Z 0000000140053a6c     libucrtd:c16rtomb.obj
 0004:00002a78       $pdata$__acrt_initialize_fma3 0000000140053a78     libucrtd:fma3_available.obj
 0004:00002a84       $pdata$_log_special_common 0000000140053a84     libucrtd:log_special.obj
 0004:00002a90       $pdata$_log10_special      0000000140053a90     libucrtd:log_special.obj
 0004:00002a9c       $pdata$_call_matherr       0000000140053a9c     libucrtd:libm_error.obj
 0004:00002aa8       $pdata$_exception_enabled  0000000140053aa8     libucrtd:libm_error.obj
 0004:00002ab4       $pdata$_handle_nan         0000000140053ab4     libucrtd:libm_error.obj
 0004:00002ac0       $pdata$_handle_error       0000000140053ac0     libucrtd:libm_error.obj
 0004:00002acc       $pdata$??$__acrt_fenv_shift_bits@W4__acrt_fenv_abstract_status@@@@YA?AW4__acrt_fenv_abstract_status@@W40@0I@Z 0000000140053acc     libucrtd:_fenvutils.obj
 0004:00002acc       $pdata$??$__acrt_fenv_shift_bits@W4__acrt_fenv_abstract_control@@@@YA?AW4__acrt_fenv_abstract_control@@W40@0I@Z 0000000140053acc     libucrtd:_fenvutils.obj
 0004:00002ad8       $pdata$??$__acrt_fenv_unshift_bits@W4__acrt_fenv_abstract_status@@@@YA?AW4__acrt_fenv_abstract_status@@W40@0I@Z 0000000140053ad8     libucrtd:_fenvutils.obj
 0004:00002ad8       $pdata$??$__acrt_fenv_unshift_bits@W4__acrt_fenv_abstract_control@@@@YA?AW4__acrt_fenv_abstract_control@@W40@0I@Z 0000000140053ad8     libucrtd:_fenvutils.obj
 0004:00002ae4       $pdata$?__acrt_fenv_shift_abstract_sse_status@@YA?AW4__acrt_fenv_abstract_status@@W41@@Z 0000000140053ae4     libucrtd:_fenvutils.obj
 0004:00002af0       $pdata$?__acrt_fenv_unshift_abstract_sse_status@@YA?AW4__acrt_fenv_abstract_status@@W41@@Z 0000000140053af0     libucrtd:_fenvutils.obj
 0004:00002afc       $pdata$?__acrt_fenv_shift_abstract_sse_control@@YA?AW4__acrt_fenv_abstract_control@@W41@@Z 0000000140053afc     libucrtd:_fenvutils.obj
 0004:00002b08       $pdata$?__acrt_fenv_unshift_abstract_sse_control@@YA?AW4__acrt_fenv_abstract_control@@W41@@Z 0000000140053b08     libucrtd:_fenvutils.obj
 0004:00002b14       $pdata$__acrt_fenv_get_status 0000000140053b14     libucrtd:_fenvutils.obj
 0004:00002b20       $pdata$__acrt_fenv_set_status 0000000140053b20     libucrtd:_fenvutils.obj
 0004:00002b2c       $pdata$__acrt_fenv_get_control 0000000140053b2c     libucrtd:_fenvutils.obj
 0004:00002b38       $pdata$__acrt_fenv_set_control 0000000140053b38     libucrtd:_fenvutils.obj
 0004:00002b44       $pdata$?to_machine_sse_status@@YA?AW4__acrt_fenv_machine_sse_status@@W4__acrt_fenv_abstract_status@@@Z 0000000140053b44     libucrtd:_fenvutils.obj
 0004:00002b50       $pdata$??$translate_status@W4__acrt_fenv_machine_sse_status@@W4__acrt_fenv_abstract_status@@@@YA?AW4__acrt_fenv_machine_sse_status@@W4__acrt_fenv_abstract_status@@@Z 0000000140053b50     libucrtd:_fenvutils.obj
 0004:00002b5c       $pdata$?translate_control_denormal_control_to_sse@@YA?AW4__acrt_fenv_machine_sse_control@@W4__acrt_fenv_abstract_control@@@Z 0000000140053b5c     libucrtd:_fenvutils.obj
 0004:00002b68       $pdata$?translate_control_denormal_control_from_sse@@YA?AW4__acrt_fenv_abstract_control@@W4__acrt_fenv_machine_sse_control@@@Z 0000000140053b68     libucrtd:_fenvutils.obj
 0004:00002b74       $pdata$?to_abstract_control@@YA?AW4__acrt_fenv_abstract_control@@W4__acrt_fenv_machine_sse_control@@@Z 0000000140053b74     libucrtd:_fenvutils.obj
 0004:00002b80       $pdata$??$translate_control_exception_mask@W4__acrt_fenv_abstract_control@@W4__acrt_fenv_machine_sse_control@@@@YA?AW4__acrt_fenv_abstract_control@@W4__acrt_fenv_machine_sse_control@@@Z 0000000140053b80     libucrtd:_fenvutils.obj
 0004:00002b8c       $pdata$??$translate_control_rounding_control@W4__acrt_fenv_abstract_control@@W4__acrt_fenv_machine_sse_control@@@@YA?AW4__acrt_fenv_abstract_control@@W4__acrt_fenv_machine_sse_control@@@Z 0000000140053b8c     libucrtd:_fenvutils.obj
 0004:00002b98       $pdata$?to_machine_sse_control@@YA?AW4__acrt_fenv_machine_sse_control@@W4__acrt_fenv_abstract_control@@@Z 0000000140053b98     libucrtd:_fenvutils.obj
 0004:00002ba4       $pdata$??$translate_control_exception_mask@W4__acrt_fenv_machine_sse_control@@W4__acrt_fenv_abstract_control@@@@YA?AW4__acrt_fenv_machine_sse_control@@W4__acrt_fenv_abstract_control@@@Z 0000000140053ba4     libucrtd:_fenvutils.obj
 0004:00002bb0       $pdata$??$translate_control_rounding_control@W4__acrt_fenv_machine_sse_control@@W4__acrt_fenv_abstract_control@@@@YA?AW4__acrt_fenv_machine_sse_control@@W4__acrt_fenv_abstract_control@@@Z 0000000140053bb0     libucrtd:_fenvutils.obj
 0004:00002bbc       $pdata$?get_machine_sse_status@@YA?AW4__acrt_fenv_machine_sse_status@@XZ 0000000140053bbc     libucrtd:_fenvutils.obj
 0004:00002bc8       $pdata$?set_machine_sse_status@@YAXW4__acrt_fenv_machine_sse_status@@@Z 0000000140053bc8     libucrtd:_fenvutils.obj
 0004:00002bd4       $pdata$?get_machine_sse_control@@YA?AW4__acrt_fenv_machine_sse_control@@XZ 0000000140053bd4     libucrtd:_fenvutils.obj
 0004:00002be0       $pdata$?set_machine_sse_control@@YAXW4__acrt_fenv_machine_sse_control@@@Z 0000000140053be0     libucrtd:_fenvutils.obj
 0004:00002bec       $pdata$??$to_abstract_status@W4__acrt_fenv_machine_sse_status@@@@YA?AW4__acrt_fenv_abstract_status@@W4__acrt_fenv_machine_sse_status@@@Z 0000000140053bec     libucrtd:_fenvutils.obj
 0004:00002bf8       $pdata$??$__acrt_fenv_translate_bit@W4__acrt_fenv_abstract_status@@W4__acrt_fenv_machine_sse_status@@@@YA?AW4__acrt_fenv_abstract_status@@W4__acrt_fenv_machine_sse_status@@0W40@1@Z 0000000140053bf8     libucrtd:_fenvutils.obj
 0004:00002bf8       $pdata$??$__acrt_fenv_translate_bit@W4__acrt_fenv_machine_sse_status@@W4__acrt_fenv_abstract_status@@@@YA?AW4__acrt_fenv_machine_sse_status@@W4__acrt_fenv_abstract_status@@0W40@1@Z 0000000140053bf8     libucrtd:_fenvutils.obj
 0004:00002c04       $pdata$??$__acrt_fenv_translate_bit@W4__acrt_fenv_abstract_control@@W4__acrt_fenv_machine_sse_control@@@@YA?AW4__acrt_fenv_abstract_control@@W4__acrt_fenv_machine_sse_control@@0W40@1@Z 0000000140053c04     libucrtd:_fenvutils.obj
 0004:00002c10       $pdata$??$__acrt_fenv_translate_bit@W4__acrt_fenv_machine_sse_control@@W4__acrt_fenv_abstract_control@@@@YA?AW4__acrt_fenv_machine_sse_control@@W4__acrt_fenv_abstract_control@@0W40@1@Z 0000000140053c10     libucrtd:_fenvutils.obj
 0004:00002c1c       $pdata$??$translate_status@W4__acrt_fenv_abstract_status@@W4__acrt_fenv_machine_sse_status@@@@YA?AW4__acrt_fenv_abstract_status@@W4__acrt_fenv_machine_sse_status@@@Z 0000000140053c1c     libucrtd:_fenvutils.obj
 0004:00002c28       $pdata$_clearfp            0000000140053c28     libucrtd:ieee.obj
 0004:00002c34       $pdata$_abstract_sw        0000000140053c34     libucrtd:ieee.obj
 0004:00002c40       $pdata$_close              0000000140053c40     libucrtd:close.obj
 0004:00002c4c       $pdata$_close_nolock       0000000140053c4c     libucrtd:close.obj
 0004:00002c58       $pdata$?close_os_handle_nolock@@YAKH@Z 0000000140053c58     libucrtd:close.obj
 0004:00002c64       $pdata$??R<lambda_4e7105787b7b0e0227fbf2b2d883fa65>@@QEBAHXZ 0000000140053c64     libucrtd:close.obj
 0004:00002c70       $pdata$??$__acrt_lowio_lock_fh_and_call@V<lambda_4e7105787b7b0e0227fbf2b2d883fa65>@@@@YAHH$$QEAV<lambda_4e7105787b7b0e0227fbf2b2d883fa65>@@@Z 0000000140053c70     libucrtd:close.obj
 0004:00002c7c       $pdata$??$?RV<lambda_53fc7fc888e23d815d7080162c0aeeb2>@@AEAV<lambda_4e7105787b7b0e0227fbf2b2d883fa65>@@V<lambda_8ddc48ad9d26c778cb15812d1d88fc8a>@@@?$__crt_seh_guarded_call@H@@QEAAH$$QEAV<lambda_53fc7fc888e23d815d7080162c0aeeb2>@@AEAV<lambda_4e7105787b7b0e0227fbf2b2d883fa65>@@$$QEAV<lambda_8ddc48ad9d26c778cb15812d1d88fc8a>@@@Z 0000000140053c7c     libucrtd:close.obj
 0004:00002c88       $pdata$?__acrt_stdio_free_stream@@YAXV__crt_stdio_stream@@@Z 0000000140053c88     libucrtd:stream.obj
 0004:00002c94       $pdata$__dcrt_lowio_ensure_console_output_initialized 0000000140053c94     libucrtd:initcon.obj
 0004:00002ca0       $pdata$__dcrt_write_console 0000000140053ca0     libucrtd:initcon.obj
 0004:00002cac       $pdata$__dcrt_terminate_console_output 0000000140053cac     libucrtd:initcon.obj
 0004:00002cb8       $pdata$c32rtomb            0000000140053cb8     libucrtd:c32rtomb.obj
 0004:00002cc4       $pdata$?__c32rtomb_utf8@__crt_mbstring@@YA_KPEAD_UPEAU_Mbstatet@@@Z 0000000140053cc4     libucrtd:c32rtomb.obj
 0004:00002cd0       $pdata$_set_errno_from_matherr 0000000140053cd0     libucrtd:fpexcept.obj
 0004:00002cdc       $pdata$_raise_exc          0000000140053cdc     libucrtd:fpexcept.obj
 0004:00002ce8       $pdata$_raise_exc_ex       0000000140053ce8     libucrtd:fpexcept.obj
 0004:00002cf4       $pdata$_clrfp              0000000140053cf4     libucrtd:fpctrl.obj
 0004:00002d00       $pdata$_ctrlfp             0000000140053d00     libucrtd:fpctrl.obj
 0004:00002d0c       $pdata$_ctrlfp$filt$0      0000000140053d0c     libucrtd:fpctrl.obj
 0004:00002d18       $pdata$_statfp             0000000140053d18     libucrtd:fpctrl.obj
 0004:00002d24       $pdata$_set_statfp         0000000140053d24     libucrtd:fpctrl.obj
 0004:00002d3c       $pdata$_ValidateImageBase  0000000140053d3c     LIBCMTD:pesect.obj
 0004:00002d48       $pdata$_FindPESection      0000000140053d48     LIBCMTD:pesect.obj
 0004:00002d54       $pdata$_IsNonwritableInCurrentImage 0000000140053d54     LIBCMTD:pesect.obj
 0004:00002d60       $pdata$_IsNonwritableInCurrentImage$filt$0 0000000140053d60     LIBCMTD:pesect.obj
 0004:00002d6c       $pdata$??_Gtype_info@@UEAAPEAXI@Z 0000000140053d6c     LIBCMTD:std_type_info_static.obj
 0004:00002d78       $pdata$??3@YAXPEAX_K@Z     0000000140053d78     LIBCMTD:delete_scalar_size.obj
 0004:00002d84       $pdata$__GSHandlerCheck_SEH 0000000140053d84     LIBCMTD:_gshandlerseh_.obj
 0004:00002d90       $pdata$__GSHandlerCheck_EH 0000000140053d90     LIBCMTD:gshandlereh.obj
 0004:00002d9c       $pdata$??3@YAXPEAX@Z       0000000140053d9c     LIBCMTD:delete_scalar.obj
 0004:00002dc0       $pdata$strrchr             0000000140053dc0     libvcruntimed:strrchr.obj
