 win32_handmade

 Timestamp is 5b6f312d (Sat Aug 11 14:55:41 2018)

 Preferred load address is 0000000140000000

 Start         Length     Name                   Class
 0001:00000000 00038ea0H .text$mn                CODE
 0001:00038ea0 00000020H .text$mn$00             CODE
 0001:00038ec0 0000061dH .text$x                 CODE
 0002:00000000 00000368H .idata$5                DATA
 0002:00000368 00000010H .00cfg                  DATA
 0002:00000378 00000008H .CRT$XCA                DATA
 0002:00000380 00000008H .CRT$XCAA               DATA
 0002:00000388 00000008H .CRT$XCZ                DATA
 0002:00000390 00000008H .CRT$XIA                DATA
 0002:00000398 00000008H .CRT$XIAA               DATA
 0002:000003a0 00000008H .CRT$XIAC               DATA
 0002:000003a8 00000018H .CRT$XIC                DATA
 0002:000003c0 00000008H .CRT$XIZ                DATA
 0002:000003c8 00000008H .CRT$XPA                DATA
 0002:000003d0 00000010H .CRT$XPX                DATA
 0002:000003e0 00000008H .CRT$XPXA               DATA
 0002:000003e8 00000008H .CRT$XPZ                DATA
 0002:000003f0 00000008H .CRT$XTA                DATA
 0002:000003f8 00000008H .CRT$XTZ                DATA
 0002:00000400 00000000H .gfids$y                DATA
 0002:00000400 00010150H .rdata                  DATA
 0002:00010550 0000016cH .rdata$r                DATA
 0002:000106bc 0000033cH .rdata$zzzdbg           DATA
 0002:000109f8 00000008H .rtc$IAA                DATA
 0002:00010a00 00000008H .rtc$IZZ                DATA
 0002:00010a08 00000008H .rtc$TAA                DATA
 0002:00010a10 00000010H .rtc$TZZ                DATA
 0002:00010a20 00001140H .xdata                  DATA
 0002:00011b60 00000084H .xdata$x                DATA
 0002:00011be4 00000000H .edata                  DATA
 0002:00011be4 00000050H .idata$2                DATA
 0002:00011c34 00000014H .idata$3                DATA
 0002:00011c48 00000368H .idata$4                DATA
 0002:00011fb0 00000784H .idata$6                DATA
 0003:00000000 00000950H .data                   DATA
 0003:00000950 00000070H .data$r                 DATA
 0003:000009c0 000018c0H .bss                    DATA
 0004:00000000 00002dd8H .pdata                  DATA

  Address         Publics by Value              Rva+Base               Lib:Object

 0000:00000000       __hybrid_code_map_count    0000000000000000     <absolute>
 0000:00000000       __dynamic_value_reloc_table 0000000000000000     <absolute>
 0000:00000000       __guard_longjmp_table      0000000000000000     <absolute>
 0000:00000000       __guard_longjmp_count      0000000000000000     <absolute>
 0000:00000000       __hybrid_code_map          0000000000000000     <absolute>
 0000:00000000       __hybrid_auxiliary_iat     0000000000000000     <absolute>
 0000:00000000       __guard_fids_count         0000000000000000     <absolute>
 0000:00000000       __enclave_config           0000000000000000     <absolute>
 0000:00000000       __guard_iat_table          0000000000000000     <absolute>
 0000:00000000       __guard_iat_count          0000000000000000     <absolute>
 0000:00000000       ___safe_se_handler_table   0000000000000000     <absolute>
 0000:00000000       ___safe_se_handler_count   0000000000000000     <absolute>
 0000:00000000       __guard_fids_table         0000000000000000     <absolute>
 0000:00000100       __guard_flags              0000000000000100     <absolute>
 0000:00000000       __ImageBase                0000000140000000     <linker-defined>
 0001:00000000       ?PushSize_@@YAPEAXPEAUmemory_arena@@_K@Z 0000000140001000 f   win32_handmade.obj
 0001:00000070       WinMain                    0000000140001070 f   win32_handmade.obj
 0001:000017d0       ?XInputGetStateStub@@YAKKPEAU_XINPUT_STATE@@@Z 00000001400027d0 f   win32_handmade.obj
 0001:000017f0       ?XInputSetStateStub@@YAKKPEAU_XINPUT_VIBRATION@@@Z 00000001400027f0 f   win32_handmade.obj
 0001:00001a70       ?DEBUGPlatformFreeFileMemory@@YAXPEAUthread_context@@PEAX@Z 0000000140002a70 f   win32_handmade.obj
 0001:00001ab0       ?DEBUGPlatformReadEntireFile@@YA?AUdebug_read_file_result@@PEAUthread_context@@PEAD@Z 0000000140002ab0 f   win32_handmade.obj
 0001:00001c00       ?DEBUGPlatformWriteEntireFile@@YAHPEAUthread_context@@PEADIPEAX@Z 0000000140002c00 f   win32_handmade.obj
 0001:00003330       ?GetController@@YAPEAUgame_controller_input@@PEAUgame_input@@I@Z 0000000140004330 f i win32_handmade.obj
 0001:00003380       ?SafeTruncateUInt64@@YAI_K@Z 0000000140004380 f i win32_handmade.obj
 0001:000033b0       ?Win32GetLastWriteTime@@YA?AU_FILETIME@@PEAD@Z 00000001400043b0 f i win32_handmade.obj
 0001:00003420       ?Win32GetSecondsElapsed@@YAMT_LARGE_INTEGER@@0@Z 0000000140004420 f i win32_handmade.obj
 0001:00003460       ?Win32GetWallClock@@YA?AT_LARGE_INTEGER@@XZ 0000000140004460 f i win32_handmade.obj
 0001:00003480       __GSHandlerCheck           0000000140004480 f   LIBCMTD:_gshandler_.obj
 0001:000034c0       __GSHandlerCheckCommon     00000001400044c0 f   LIBCMTD:_gshandler_.obj
 0001:000035d0       _alloca_probe              00000001400045d0 f   LIBCMTD:_chkstk_.obj
 0001:000035d0       __chkstk                   00000001400045d0 f   LIBCMTD:_chkstk_.obj
 0001:00003640       __security_check_cookie    0000000140004640 f   LIBCMTD:_amdsecgs_.obj
 0001:00003900       ?configure_argv@__scrt_narrow_argv_policy@@SAHXZ 0000000140004900 f i LIBCMTD:exe_winmain.obj
 0001:00003920       ?initialize_environment@__scrt_narrow_environment_policy@@SAHXZ 0000000140004920 f i LIBCMTD:exe_winmain.obj
 0001:00003970       ?set_app_type@__scrt_winmain_policy@@SAXXZ 0000000140004970 f i LIBCMTD:exe_winmain.obj
 0001:00003990       ?set_commode@__scrt_file_policy@@SAXXZ 0000000140004990 f i LIBCMTD:exe_winmain.obj
 0001:000039b0       ?set_fmode@__scrt_file_policy@@SAXXZ 00000001400049b0 f i LIBCMTD:exe_winmain.obj
 0001:000039d0       WinMainCRTStartup          00000001400049d0 f   LIBCMTD:exe_winmain.obj
 0001:000039e0       __raise_securityfailure    00000001400049e0 f   LIBCMTD:gs_report.obj
 0001:00003a20       __report_gsfailure         0000000140004a20 f   LIBCMTD:gs_report.obj
 0001:00003b00       __report_rangecheckfailure 0000000140004b00 f   LIBCMTD:gs_report.obj
 0001:00003b20       __report_securityfailure   0000000140004b20 f   LIBCMTD:gs_report.obj
 0001:00003d20       ??$__crt_fast_decode_pointer@P6AXH@Z@@YAP6AXH@ZQ6AXH@Z@Z 0000000140004d20 f i libucrtd:signal.obj
 0001:00003d20       ??$__crt_fast_decode_pointer@P6AHPEAU_exception@@@Z@@YAP6AHPEAU_exception@@@ZQ6AH0@Z@Z 0000000140004d20 f i libucrtd:matherr.obj
 0001:00003d20       ??$__crt_fast_decode_pointer@PEAX@@YAPEAXQEAX@Z 0000000140004d20 f i libvcruntimed:winapi_downlevel.obj
 0001:00003d20       ??$__crt_fast_decode_pointer@P6AXPEAXK0@Z@@YAP6AXPEAXK0@ZQ6AX0K0@Z@Z 0000000140004d20 f i libucrtd:exit.obj
 0001:00003d20       ??$__crt_fast_decode_pointer@P6AXPEB_W00I_K@Z@@YAP6AXPEB_W00I_K@ZQ6AX000I1@Z@Z 0000000140004d20 f i libucrtd:invalid_parameter.obj
 0001:00003d20       ??$__crt_fast_decode_pointer@PEAP6AXXZ@@YAPEAP6AXXZQEAP6AXXZ@Z 0000000140004d20 f i LIBCMTD:utility.obj
 0001:00003d20       ??$__crt_fast_decode_pointer@P6AXXZ@@YAP6AXXZQ6AXXZ@Z 0000000140004d20 f i libvcruntimed:purevirt.obj
 0001:00003d20       ??$__crt_fast_decode_pointer@P6AH_K@Z@@YAP6AH_K@ZQ6AH0@Z@Z 0000000140004d20 f i libucrtd:new_handler.obj
 0001:00003d60       ??$__crt_fast_encode_pointer@P6AXXZ@@YAP6AXXZQ6AXXZ@Z 0000000140004d60 f i libvcruntimed:purevirt_data.obj
 0001:00003d60       ??$__crt_fast_encode_pointer@PEAP6AXXZ@@YAPEAP6AXXZQEAP6AXXZ@Z 0000000140004d60 f i LIBCMTD:utility.obj
 0001:00003d60       ??$__crt_fast_encode_pointer@PEAX@@YAPEAXQEAX@Z 0000000140004d60 f i libvcruntimed:winapi_downlevel.obj
 0001:00003d60       ??$__crt_fast_encode_pointer@P6AHPEAU_exception@@@Z@@YAP6AHPEAU_exception@@@ZQ6AH0@Z@Z 0000000140004d60 f i libucrtd:matherr.obj
 0001:00003d60       ??$__crt_fast_encode_pointer@P6AHXZ@@YAP6AHXZQ6AHXZ@Z 0000000140004d60 f i libucrtd:onexit.obj
 0001:00003d60       ??$__crt_fast_encode_pointer@P6AXPEAXK0@Z@@YAP6AXPEAXK0@ZQ6AX0K0@Z@Z 0000000140004d60 f i libucrtd:exit.obj
 0001:00003d60       ??$__crt_fast_encode_pointer@P6AXH@Z@@YAP6AXH@ZQ6AXH@Z@Z 0000000140004d60 f i libucrtd:signal.obj
 0001:00003da0       ?__crt_rotate_pointer_value@@YA_K_KH@Z 0000000140004da0 f i LIBCMTD:utility.obj
 0001:00003f20       NtCurrentTeb               0000000140004f20 f i LIBCMTD:utility.obj
 0001:00003f30       __scrt_acquire_startup_lock 0000000140004f30 f   LIBCMTD:utility.obj
 0001:00003fa0       __scrt_initialize_crt      0000000140004fa0 f   LIBCMTD:utility.obj
 0001:00003ff0       __scrt_initialize_onexit_tables 0000000140004ff0 f   LIBCMTD:utility.obj
 0001:00004100       __scrt_is_nonwritable_in_current_image 0000000140005100 f   LIBCMTD:utility.obj
 0001:00004190       __scrt_release_startup_lock 0000000140005190 f   LIBCMTD:utility.obj
 0001:000041c0       __scrt_uninitialize_crt    00000001400051c0 f   LIBCMTD:utility.obj
 0001:00004200       _onexit                    0000000140005200 f   LIBCMTD:utility.obj
 0001:00004290       atexit                     0000000140005290 f   LIBCMTD:utility.obj
 0001:00004390       __security_init_cookie     0000000140005390 f   LIBCMTD:gs_support.obj
 0001:00004410       _matherr                   0000000140005410 f   LIBCMTD:matherr.obj
 0001:00004410       ?get_current_state_index@__crt_state_management@@YA_KAEBV__crt_scoped_get_last_error_reset@@@Z 0000000140005410 f   libucrtd:per_thread_data.obj
 0001:00004420       _get_startup_argv_mode     0000000140005420 f   LIBCMTD:argv_mode.obj
 0001:00004430       _get_startup_new_mode      0000000140005430 f   LIBCMTD:new_mode.obj
 0001:00004430       __scrt_initialize_winrt    0000000140005430 f   LIBCMTD:utility_desktop.obj
 0001:00004430       ?get_invalid_value@__crt_hmodule_traits@@SAPEAUHINSTANCE__@@XZ 0000000140005430 f   libucrtd:exit.obj
 0001:00004430       ?get_current_state_index@__crt_state_management@@YA_KXZ 0000000140005430 f   libucrtd:matherr.obj
 0001:00004430       _get_startup_commit_mode   0000000140005430 f   LIBCMTD:commit_mode.obj
 0001:00004430       _get_startup_thread_locale_mode 0000000140005430 f   LIBCMTD:thread_locale.obj
 0001:00004440       _get_startup_file_mode     0000000140005440 f   LIBCMTD:file_mode.obj
 0001:00004450       ?__scrt_initialize_type_info@@YAXXZ 0000000140005450 f   LIBCMTD:tncleanup.obj
 0001:00004470       _should_initialize_environment 0000000140005470 f   LIBCMTD:env_mode.obj
 0001:00004480       _initialize_denormal_control 0000000140005480 f   LIBCMTD:denormal_control.obj
 0001:00004480       _initialize_invalid_parameter_handler 0000000140005480 f   LIBCMTD:invalid_parameter_handler.obj
 0001:00004490       __local_stdio_printf_options 0000000140005490 f i LIBCMTD:default_local_stdio_options.obj
 0001:000044a0       __local_stdio_scanf_options 00000001400054a0 f i LIBCMTD:default_local_stdio_options.obj
 0001:000044b0       __scrt_initialize_default_local_stdio_options 00000001400054b0 f   LIBCMTD:default_local_stdio_options.obj
 0001:00004500       __scrt_is_user_matherr_present 0000000140005500 f   LIBCMTD:matherr_detection.obj
 0001:00004530       __scrt_get_dyn_tls_init_callback 0000000140005530 f   LIBCMTD:dyn_tls_init.obj
 0001:00004540       __scrt_get_dyn_tls_dtor_callback 0000000140005540 f   LIBCMTD:dyn_tls_dtor.obj
 0001:00004550       __crt_debugger_hook        0000000140005550 f   LIBCMTD:utility_desktop.obj
 0001:00004560       __scrt_fastfail            0000000140005560 f   LIBCMTD:utility_desktop.obj
 0001:00004700       __scrt_get_show_window_mode 0000000140005700 f   LIBCMTD:utility_desktop.obj
 0001:00004760       __scrt_is_managed_app      0000000140005760 f   LIBCMTD:utility_desktop.obj
 0001:00004810       __scrt_set_unhandled_exception_filter 0000000140005810 f   LIBCMTD:utility_desktop.obj
 0001:00004830       __scrt_unhandled_exception_filter 0000000140005830 f   LIBCMTD:utility_desktop.obj
 0001:000048b0       _RTC_Initialize            00000001400058b0 f   LIBCMTD:_initsect_.obj
 0001:00004900       _RTC_Terminate             0000000140005900 f   LIBCMTD:_initsect_.obj
 0001:00004950       ??1scoped_global_state_reset@__crt_state_management@@QEAA@XZ 0000000140005950 f i libucrtd:onexit.obj
 0001:00004950       _guard_check_icall_nop     0000000140005950 f i LIBCMTD:guard_support.obj
 0001:00004950       ??1?$__crt_simd_cleanup_guard@$0A@@@QEAA@XZ 0000000140005950 f i libucrtd:strnlen.obj
 0001:00004960       ReadNoFence64              0000000140005960 f i LIBCMTD:guard_support.obj
 0001:00004960       ?__crt_interlocked_read_64@@YA_JPED_J@Z 0000000140005960 f i libvcruntimed:std_type_info.obj
 0001:00004980       ReadPointerNoFence         0000000140005980 f i LIBCMTD:guard_support.obj
 0001:00004980       ??$__crt_interlocked_read_pointer@UHINSTANCE__@@@@YAPEAUHINSTANCE__@@PEDSEAU0@@Z 0000000140005980 f i libvcruntimed:winapi_downlevel.obj
 0001:00004980       ??$__crt_interlocked_read_pointer@X@@YAPEAXPEDSEAX@Z 0000000140005980 f i libvcruntimed:winapi_downlevel.obj
 0001:000049a0       _guard_icall_checks_enforced 00000001400059a0 f i LIBCMTD:guard_support.obj
 0001:000049e0       __isa_available_init       00000001400059e0 f   LIBCMTD:_cpu_disp_.obj
 0001:00004d50       __scrt_is_ucrt_dll_in_use  0000000140005d50 f   LIBCMTD:ucrt_detection.obj
 0001:00004d80       IsProcessorFeaturePresent  0000000140005d80 f   kernel32:KERNEL32.dll
 0001:00004d90       __C_specific_handler       0000000140005d90 f   libvcruntimed:_riscchandler_.obj
 0001:000051d0       __vcrt_initialize          00000001400061d0 f   libvcruntimed:initialization.obj
 0001:00005210       __vcrt_uninitialize        0000000140006210 f   libvcruntimed:initialization.obj
 0001:00005240       ??$?RPEAD@__crt_internal_free_policy@@QEBAXQEBQEAD@Z 0000000140006240 f i libucrtd:argv_parsing.obj
 0001:00005240       ??$?RPEAU__crt_stdio_stream_data@@@__crt_internal_free_policy@@QEBAXQEBQEAU__crt_stdio_stream_data@@@Z 0000000140006240 f i libucrtd:_file.obj
 0001:00005240       ??$?RU__vcrt_ptd@@@__crt_internal_free_policy@@QEBAXQEBU__vcrt_ptd@@@Z 0000000140006240 f i libvcruntimed:per_thread_data.obj
 0001:00005240       ??$?RU__acrt_ptd@@@__crt_internal_free_policy@@QEBAXQEBU__acrt_ptd@@@Z 0000000140006240 f i libucrtd:per_thread_data.obj
 0001:00005240       ??$?RU__crt_lowio_handle_data@@@__crt_internal_free_policy@@QEBAXQEBU__crt_lowio_handle_data@@@Z 0000000140006240 f i libucrtd:osfinfo.obj
 0001:00005240       ??$?RE@__crt_internal_free_policy@@QEBAXQEBE@Z 0000000140006240 f i libucrtd:argv_parsing.obj
 0001:00005240       ??$?RD@__crt_internal_free_policy@@QEBAXQEBD@Z 0000000140006240 f i libvcruntimed:std_type_info.obj
 0001:00005240       ??$?RP6AXXZ@__crt_internal_free_policy@@QEBAXQEBQ6AXXZ@Z 0000000140006240 f i libucrtd:onexit.obj
 0001:00005240       ??$?RU__crt_multibyte_data@@@__crt_internal_free_policy@@QEBAXQEBU__crt_multibyte_data@@@Z 0000000140006240 f i libucrtd:wsetlocale.obj
 0001:00005270       ??0?$__crt_unique_heap_ptr@PEAU__crt_stdio_stream_data@@U__crt_internal_free_policy@@@@QEAA@QEAPEAU__crt_stdio_stream_data@@@Z 0000000140006270 f i libucrtd:_file.obj
 0001:00005270       ??0__crt_stdio_stream@@QEAA@QEAU__crt_stdio_stream_data@@@Z 0000000140006270 f i libucrtd:fflush.obj
 0001:00005270       ??0?$__crt_unique_handle_t@U__crt_findfile_traits@@@@QEAA@QEAX@Z 0000000140006270 f i libucrtd:argv_wildcards.obj
 0001:00005270       ??0?$__crt_unique_heap_ptr@U__crt_lowio_handle_data@@U__crt_internal_free_policy@@@@QEAA@QEAU__crt_lowio_handle_data@@@Z 0000000140006270 f i libucrtd:osfinfo.obj
 0001:00005270       ??0?$__crt_unique_heap_ptr@U__acrt_ptd@@U__crt_internal_free_policy@@@@QEAA@QEAU__acrt_ptd@@@Z 0000000140006270 f i libucrtd:per_thread_data.obj
 0001:00005270       ??0__crt_stdio_stream@@QEAA@QEAU_iobuf@@@Z 0000000140006270 f i libucrtd:output.obj
 0001:00005270       ??0?$__crt_unique_heap_ptr@U__crt_multibyte_data@@U__crt_internal_free_policy@@@@QEAA@QEAU__crt_multibyte_data@@@Z 0000000140006270 f i libucrtd:wsetlocale.obj
 0001:00005270       ??0?$__crt_unique_heap_ptr@DU__crt_internal_free_policy@@@@QEAA@QEAD@Z 0000000140006270 f i libvcruntimed:std_type_info.obj
 0001:00005270       ??0?$__crt_unique_heap_ptr@P6AXXZU__crt_internal_free_policy@@@@QEAA@QEAP6AXXZ@Z 0000000140006270 f i libucrtd:onexit.obj
 0001:00005270       ??0?$__crt_scoped_stack_ptr@_W@@QEAA@U?$__crt_scoped_stack_ptr_tag@_W@@@Z 0000000140006270 f i libucrtd:getstringtypea.obj
 0001:00005270       ??0?$__crt_unique_handle_t@U__crt_hmodule_traits@@@@QEAA@QEAUHINSTANCE__@@@Z 0000000140006270 f i libucrtd:exit.obj
 0001:00005270       ??0?$__crt_scoped_stack_ptr_tag@_W@@QEAA@QEA_W@Z 0000000140006270 f i libucrtd:getstringtypea.obj
 0001:00005270       ??0?$__crt_unique_heap_ptr@U__vcrt_ptd@@U__crt_internal_free_policy@@@@QEAA@QEAU__vcrt_ptd@@@Z 0000000140006270 f i libvcruntimed:per_thread_data.obj
 0001:00005270       ??0?$__crt_unique_heap_ptr@PEADU__crt_internal_free_policy@@@@QEAA@QEAPEAD@Z 0000000140006270 f i libucrtd:argv_parsing.obj
 0001:00005270       ??0?$string_output_adapter@D@__crt_stdio_output@@QEAA@QEAU?$string_output_adapter_context@D@1@@Z 0000000140006270 f i libucrtd:output.obj
 0001:00005270       ??0?$__crt_unique_heap_ptr@EU__crt_internal_free_policy@@@@QEAA@QEAE@Z 0000000140006270 f i libucrtd:argv_parsing.obj
 0001:00005270       ??0?$__crt_unique_heap_ptr@DU__crt_public_free_policy@@@@QEAA@QEAD@Z 0000000140006270 f i libvcruntimed:std_exception.obj
 0001:00005270       ??0?$string_output_adapter@_W@__crt_stdio_output@@QEAA@QEAU?$string_output_adapter_context@_W@1@@Z 0000000140006270 f i libucrtd:output.obj
 0001:00005290       ??1?$__crt_unique_heap_ptr@P6AXXZU__crt_internal_free_policy@@@@QEAA@XZ 0000000140006290 f i libucrtd:onexit.obj
 0001:00005290       ??1?$__crt_unique_heap_ptr@DU__crt_internal_free_policy@@@@QEAA@XZ 0000000140006290 f i libvcruntimed:std_type_info.obj
 0001:00005290       ??1?$__crt_unique_heap_ptr@PEADU__crt_internal_free_policy@@@@QEAA@XZ 0000000140006290 f i libucrtd:argv_parsing.obj
 0001:00005290       ??1?$__crt_unique_heap_ptr@PEAU__crt_stdio_stream_data@@U__crt_internal_free_policy@@@@QEAA@XZ 0000000140006290 f i libucrtd:_file.obj
 0001:00005290       ??1?$__crt_unique_heap_ptr@U__vcrt_ptd@@U__crt_internal_free_policy@@@@QEAA@XZ 0000000140006290 f i libvcruntimed:per_thread_data.obj
 0001:00005290       ??1?$__crt_unique_heap_ptr@U__crt_lowio_handle_data@@U__crt_internal_free_policy@@@@QEAA@XZ 0000000140006290 f i libucrtd:osfinfo.obj
 0001:00005290       ??1?$__crt_unique_heap_ptr@U__acrt_ptd@@U__crt_internal_free_policy@@@@QEAA@XZ 0000000140006290 f i libucrtd:per_thread_data.obj
 0001:00005290       ??1?$__crt_unique_heap_ptr@U__crt_multibyte_data@@U__crt_internal_free_policy@@@@QEAA@XZ 0000000140006290 f i libucrtd:wsetlocale.obj
 0001:00005290       ??1?$__crt_unique_heap_ptr@EU__crt_internal_free_policy@@@@QEAA@XZ 0000000140006290 f i libucrtd:argv_parsing.obj
 0001:000052b0       ??B?$__crt_unique_heap_ptr@DU__crt_public_free_policy@@@@QEBA_NXZ 00000001400062b0 f i libvcruntimed:std_exception.obj
 0001:000052b0       ??B?$__crt_unique_heap_ptr@DU__crt_internal_free_policy@@@@QEBA_NXZ 00000001400062b0 f i libvcruntimed:std_type_info.obj
 0001:000052b0       ??B?$__crt_unique_heap_ptr@U__crt_multibyte_data@@U__crt_internal_free_policy@@@@QEBA_NXZ 00000001400062b0 f i libucrtd:wsetlocale.obj
 0001:000052b0       ??B?$__crt_unique_heap_ptr@U__acrt_ptd@@U__crt_internal_free_policy@@@@QEBA_NXZ 00000001400062b0 f i libucrtd:per_thread_data.obj
 0001:000052b0       ??B?$__crt_unique_heap_ptr@U__crt_lowio_handle_data@@U__crt_internal_free_policy@@@@QEBA_NXZ 00000001400062b0 f i libucrtd:osfinfo.obj
 0001:000052b0       ??B?$__crt_unique_heap_ptr@EU__crt_internal_free_policy@@@@QEBA_NXZ 00000001400062b0 f i libucrtd:argv_parsing.obj
 0001:000052b0       ??B?$__crt_unique_heap_ptr@U__vcrt_ptd@@U__crt_internal_free_policy@@@@QEBA_NXZ 00000001400062b0 f i libvcruntimed:per_thread_data.obj
 0001:000052d0       ?get@?$__crt_scoped_stack_ptr@_W@@QEBAPEA_WXZ 00000001400062d0 f i libucrtd:getstringtypea.obj
 0001:000052d0       ?get@?$__crt_unique_handle_t@U__crt_findfile_traits@@@@QEBAPEAXXZ 00000001400062d0 f i libucrtd:argv_wildcards.obj
 0001:000052d0       ?get@?$__crt_unique_heap_ptr@DU__crt_public_free_policy@@@@QEBAPEADXZ 00000001400062d0 f i libvcruntimed:std_exception.obj
 0001:000052d0       ?save_state@?$c_string_character_source@D@__crt_strtox@@QEBAPEBDXZ 00000001400062d0 f i libucrtd:atox.obj
 0001:000052d0       ?get@?$__crt_unique_handle_t@U__crt_hmodule_traits@@@@QEBAPEAUHINSTANCE__@@XZ 00000001400062d0 f i libucrtd:exit.obj
 0001:000052d0       ?get@?$__crt_unique_heap_ptr@U__crt_multibyte_data@@U__crt_internal_free_policy@@@@QEBAPEAU__crt_multibyte_data@@XZ 00000001400062d0 f i libucrtd:wsetlocale.obj
 0001:000052d0       ?get@?$__crt_unique_heap_ptr@PEADU__crt_internal_free_policy@@@@QEBAPEAPEADXZ 00000001400062d0 f i libucrtd:argv_parsing.obj
 0001:000052d0       ?get@?$__crt_unique_heap_ptr@DU__crt_internal_free_policy@@@@QEBAPEADXZ 00000001400062d0 f i libvcruntimed:std_type_info.obj
 0001:000052d0       ?get@?$__crt_unique_heap_ptr@EU__crt_internal_free_policy@@@@QEBAPEAEXZ 00000001400062d0 f i libucrtd:argv_parsing.obj
 0001:000052d0       ??C__crt_stdio_stream@@QEBAPEAU__crt_stdio_stream_data@@XZ 00000001400062d0 f i libucrtd:output.obj
 0001:000052d0       ?save_state@?$c_string_character_source@_W@__crt_strtox@@QEBAPEB_WXZ 00000001400062d0 f i libucrtd:atox.obj
 0001:000052d0       ?get@?$__crt_unique_heap_ptr@U__vcrt_ptd@@U__crt_internal_free_policy@@@@QEBAPEAU__vcrt_ptd@@XZ 00000001400062d0 f i libvcruntimed:per_thread_data.obj
 0001:000052d0       ?public_stream@__crt_stdio_stream@@QEBAPEAU_iobuf@@XZ 00000001400062d0 f i libucrtd:output.obj
 0001:000052d0       ?get@?$__crt_unique_heap_ptr@U__acrt_ptd@@U__crt_internal_free_policy@@@@QEBAPEAU__acrt_ptd@@XZ 00000001400062d0 f i libucrtd:per_thread_data.obj
 0001:000052d0       ?get@?$__crt_unique_heap_ptr@U__crt_lowio_handle_data@@U__crt_internal_free_policy@@@@QEBAPEAU__crt_lowio_handle_data@@XZ 00000001400062d0 f i libucrtd:osfinfo.obj
 0001:000052e0       ??B?$__crt_scoped_stack_ptr@_W@@QEBA_NXZ 00000001400062e0 f i libucrtd:lcmapstringa.obj
 0001:000052e0       ?is_valid@?$__crt_unique_heap_ptr@U__vcrt_ptd@@U__crt_internal_free_policy@@@@QEBA_NXZ 00000001400062e0 f i libvcruntimed:per_thread_data.obj
 0001:000052e0       ?valid@__crt_stdio_stream@@QEBA_NXZ 00000001400062e0 f i libucrtd:output.obj
 0001:000052e0       ?is_valid@?$__crt_unique_heap_ptr@U__crt_lowio_handle_data@@U__crt_internal_free_policy@@@@QEBA_NXZ 00000001400062e0 f i libucrtd:osfinfo.obj
 0001:000052e0       ?is_valid@?$__crt_unique_heap_ptr@U__crt_multibyte_data@@U__crt_internal_free_policy@@@@QEBA_NXZ 00000001400062e0 f i libucrtd:wsetlocale.obj
 0001:000052e0       ?is_valid@?$__crt_unique_heap_ptr@EU__crt_internal_free_policy@@@@QEBA_NXZ 00000001400062e0 f i libucrtd:argv_parsing.obj
 0001:000052e0       ?is_valid@?$__crt_unique_heap_ptr@DU__crt_internal_free_policy@@@@QEBA_NXZ 00000001400062e0 f i libvcruntimed:std_type_info.obj
 0001:000052e0       ?is_valid@?$__crt_unique_heap_ptr@U__acrt_ptd@@U__crt_internal_free_policy@@@@QEBA_NXZ 00000001400062e0 f i libucrtd:per_thread_data.obj
 0001:000052e0       ?is_valid@?$__crt_unique_heap_ptr@DU__crt_public_free_policy@@@@QEBA_NXZ 00000001400062e0 f i libvcruntimed:std_exception.obj
 0001:00005310       ?release@?$__crt_unique_heap_ptr@U__crt_lowio_handle_data@@U__crt_internal_free_policy@@@@QEAAXXZ 0000000140006310 f i libucrtd:osfinfo.obj
 0001:00005310       ?release@?$__crt_unique_heap_ptr@DU__crt_internal_free_policy@@@@QEAAXXZ 0000000140006310 f i libvcruntimed:std_type_info.obj
 0001:00005310       ?release@?$__crt_unique_heap_ptr@P6AXXZU__crt_internal_free_policy@@@@QEAAXXZ 0000000140006310 f i libucrtd:onexit.obj
 0001:00005310       ?release@?$__crt_unique_heap_ptr@PEAU__crt_stdio_stream_data@@U__crt_internal_free_policy@@@@QEAAXXZ 0000000140006310 f i libucrtd:_file.obj
 0001:00005310       ?release@?$__crt_unique_heap_ptr@U__acrt_ptd@@U__crt_internal_free_policy@@@@QEAAXXZ 0000000140006310 f i libucrtd:per_thread_data.obj
 0001:00005310       ?release@?$__crt_unique_heap_ptr@PEADU__crt_internal_free_policy@@@@QEAAXXZ 0000000140006310 f i libucrtd:argv_parsing.obj
 0001:00005310       ?release@?$__crt_unique_heap_ptr@EU__crt_internal_free_policy@@@@QEAAXXZ 0000000140006310 f i libucrtd:argv_parsing.obj
 0001:00005310       ?release@?$__crt_unique_heap_ptr@U__vcrt_ptd@@U__crt_internal_free_policy@@@@QEAAXXZ 0000000140006310 f i libvcruntimed:per_thread_data.obj
 0001:00005310       ?release@?$__crt_unique_heap_ptr@U__crt_multibyte_data@@U__crt_internal_free_policy@@@@QEAAXXZ 0000000140006310 f i libucrtd:wsetlocale.obj
 0001:00005340       __std_type_info_compare    0000000140006340 f   libvcruntimed:std_type_info.obj
 0001:00005390       _local_unwind              0000000140006390 f   libvcruntimed:_jmpuwind_.obj
 0001:000053c0       _NLG_Notify                00000001400063c0 f   libvcruntimed:_jmpuwind_.obj
 0001:000053e0       __NLG_Dispatch2            00000001400063e0 f   libvcruntimed:_jmpuwind_.obj
 0001:000053f0       __NLG_Return2              00000001400063f0 f   libvcruntimed:_jmpuwind_.obj
 0001:00005400       __except_validate_context_record 0000000140006400 f   libvcruntimed:jbcxrval.obj
 0001:000054a0       ?detach@?$__crt_unique_heap_ptr@PEADU__crt_internal_free_policy@@@@QEAAPEAPEADXZ 00000001400064a0 f i libucrtd:argv_parsing.obj
 0001:000054a0       ?detach@?$__crt_unique_heap_ptr@P6AXXZU__crt_internal_free_policy@@@@QEAAPEAP6AXXZXZ 00000001400064a0 f i libucrtd:onexit.obj
 0001:000054a0       ?detach@?$__crt_unique_heap_ptr@PEAU__crt_stdio_stream_data@@U__crt_internal_free_policy@@@@QEAAPEAPEAU__crt_stdio_stream_data@@XZ 00000001400064a0 f i libucrtd:_file.obj
 0001:000054a0       ?detach@?$__crt_unique_heap_ptr@U__crt_multibyte_data@@U__crt_internal_free_policy@@@@QEAAPEAU__crt_multibyte_data@@XZ 00000001400064a0 f i libucrtd:wsetlocale.obj
 0001:000054a0       ?detach@?$__crt_unique_heap_ptr@EU__crt_internal_free_policy@@@@QEAAPEAEXZ 00000001400064a0 f i libucrtd:argv_parsing.obj
 0001:000054a0       ?detach@?$__crt_unique_heap_ptr@DU__crt_public_free_policy@@@@QEAAPEADXZ 00000001400064a0 f i libvcruntimed:std_exception.obj
 0001:000054a0       ?detach@?$__crt_unique_heap_ptr@U__acrt_ptd@@U__crt_internal_free_policy@@@@QEAAPEAU__acrt_ptd@@XZ 00000001400064a0 f i libucrtd:per_thread_data.obj
 0001:000054a0       ?detach@?$__crt_unique_heap_ptr@U__vcrt_ptd@@U__crt_internal_free_policy@@@@QEAAPEAU__vcrt_ptd@@XZ 00000001400064a0 f i libvcruntimed:per_thread_data.obj
 0001:000054a0       ?detach@?$__crt_unique_heap_ptr@U__crt_lowio_handle_data@@U__crt_internal_free_policy@@@@QEAAPEAU__crt_lowio_handle_data@@XZ 00000001400064a0 f i libucrtd:osfinfo.obj
 0001:00005500       __vcrt_freefls             0000000140006500 f   libvcruntimed:per_thread_data.obj
 0001:00005540       __vcrt_getptd              0000000140006540 f   libvcruntimed:per_thread_data.obj
 0001:00005570       __vcrt_getptd_noexit       0000000140006570 f   libvcruntimed:per_thread_data.obj
 0001:00005710       __vcrt_initialize_ptd      0000000140006710 f   libvcruntimed:per_thread_data.obj
 0001:00005760       __vcrt_uninitialize_ptd    0000000140006760 f   libvcruntimed:per_thread_data.obj
 0001:00005790       __vcrt_initialize_locks    0000000140006790 f   libvcruntimed:locks.obj
 0001:00005800       __vcrt_uninitialize_locks  0000000140006800 f   libvcruntimed:locks.obj
 0001:00005860       ??$?B$$A6AXXZ@__crt_fast_encoded_nullptr_t@@QEBAP6AXXZXZ 0000000140006860 f i libvcruntimed:purevirt_data.obj
 0001:00005860       ??$?BX@__crt_fast_encoded_nullptr_t@@QEBAPEAXXZ 0000000140006860 f i libvcruntimed:winapi_downlevel.obj
 0001:00005860       ??$?B$$A6AXPEAXK0@Z@__crt_fast_encoded_nullptr_t@@QEBAP6AXPEAXK0@ZXZ 0000000140006860 f i libucrtd:exit.obj
 0001:00005860       ??$?B$$A6AXH@Z@__crt_fast_encoded_nullptr_t@@QEBAP6AXH@ZXZ 0000000140006860 f i libucrtd:signal.obj
 0001:00005860       ??$?BP6AXXZ@__crt_fast_encoded_nullptr_t@@QEBAPEAP6AXXZXZ 0000000140006860 f i libucrtd:onexit.obj
 0001:00005880       ??$__crt_interlocked_exchange_pointer@UHINSTANCE__@@PEAU1@@@YAPEAUHINSTANCE__@@PEDSEAU0@QEAU0@@Z 0000000140006880 f i libvcruntimed:winapi_downlevel.obj
 0001:00005880       ??$__crt_interlocked_exchange_pointer@UHINSTANCE__@@PEAX@@YAPEAUHINSTANCE__@@PEDSEAU0@QEAX@Z 0000000140006880 f i libvcruntimed:winapi_downlevel.obj
 0001:00005880       ??$__crt_interlocked_exchange_pointer@XPEAX@@YAPEAXPEDSEAXQEAX@Z 0000000140006880 f i libvcruntimed:winapi_downlevel.obj
 0001:000058a0       ?__crt_fast_encode_pointer@@YA?AU__crt_fast_encoded_nullptr_t@@$$T@Z 00000001400068a0 f i libvcruntimed:winapi_downlevel.obj
 0001:000058c0       ?get_invalid_value@__crt_findfile_traits@@SAPEAXXZ 00000001400068c0 f   libucrtd:argv_wildcards.obj
 0001:00005e00       __vcrt_FlsAlloc            0000000140006e00 f   libvcruntimed:winapi_downlevel.obj
 0001:00005e50       __vcrt_FlsFree             0000000140006e50 f   libvcruntimed:winapi_downlevel.obj
 0001:00005ea0       __vcrt_FlsGetValue         0000000140006ea0 f   libvcruntimed:winapi_downlevel.obj
 0001:00005ef0       __vcrt_FlsSetValue         0000000140006ef0 f   libvcruntimed:winapi_downlevel.obj
 0001:00005f50       __vcrt_InitializeCriticalSectionEx 0000000140006f50 f   libvcruntimed:winapi_downlevel.obj
 0001:00005fb0       __vcrt_initialize_winapi_thunks 0000000140006fb0 f   libvcruntimed:winapi_downlevel.obj
 0001:00006030       __vcrt_uninitialize_winapi_thunks 0000000140007030 f   libvcruntimed:winapi_downlevel.obj
 0001:000060d0       __vcrt_initialize_pure_virtual_call_handler 00000001400070d0 f   libvcruntimed:purevirt_data.obj
 0001:00006100       _vsprintf_s_l              0000000140007100 f i libvcruntimed:undname.obj
 0001:00006170       sprintf_s                  0000000140007170 f i libvcruntimed:undname.obj
 0001:000061e0       memcpy                     00000001400071e0 f   libvcruntimed:memcpy.obj
 0001:000061e0       memmove                    00000001400071e0 f   libvcruntimed:memcpy.obj
 0001:000066c0       ?_ExecutionInCatch@@YAHPEAU_xDISPATCHER_CONTEXT@@PEBU_s_FuncInfo@@@Z 00000001400076c0 f   libvcruntimed:risctrnsctrl.obj
 0001:00006710       ?_GetEstablisherFrame@@YAPEA_KPEA_KPEAU_xDISPATCHER_CONTEXT@@PEBU_s_FuncInfo@@0@Z 0000000140007710 f   libvcruntimed:risctrnsctrl.obj
 0001:00006880       ?_GetRangeOfTrysToCheck@@YAPEBU_s_TryBlockMapEntry@@PEA_KPEBU_s_FuncInfo@@HHPEAI2PEAU_xDISPATCHER_CONTEXT@@@Z 0000000140007880 f   libvcruntimed:risctrnsctrl.obj
 0001:00006aa0       ?__FrameUnwindToEmptyState@@YAXPEA_KPEAU_xDISPATCHER_CONTEXT@@PEBU_s_FuncInfo@@@Z 0000000140007aa0 f   libvcruntimed:risctrnsctrl.obj
 0001:00006bf0       _CallSETranslator          0000000140007bf0 f   libvcruntimed:risctrnsctrl.obj
 0001:00006c70       _CreateFrameInfo           0000000140007c70 f   libvcruntimed:risctrnsctrl.obj
 0001:00006ce0       _FindAndUnlinkFrame        0000000140007ce0 f   libvcruntimed:risctrnsctrl.obj
 0001:00006d60       _GetImageBase              0000000140007d60 f   libvcruntimed:risctrnsctrl.obj
 0001:00006d80       _GetThrowImageBase         0000000140007d80 f   libvcruntimed:risctrnsctrl.obj
 0001:00006da0       _SetImageBase              0000000140007da0 f   libvcruntimed:risctrnsctrl.obj
 0001:00006dc0       _SetThrowImageBase         0000000140007dc0 f   libvcruntimed:risctrnsctrl.obj
 0001:00006de0       _UnwindNestedFrames        0000000140007de0 f   libvcruntimed:risctrnsctrl.obj
 0001:00006f50       __CxxFrameHandler3         0000000140007f50 f   libvcruntimed:risctrnsctrl.obj
 0001:00007010       ?__GetCurrentState@@YAHPEA_KPEAU_xDISPATCHER_CONTEXT@@PEBU_s_FuncInfo@@@Z 0000000140008010 f   libvcruntimed:riscehstate.obj
 0001:00007070       ?__GetUnwindTryBlock@@YAHPEA_KPEAU_xDISPATCHER_CONTEXT@@PEBU_s_FuncInfo@@@Z 0000000140008070 f   libvcruntimed:riscehstate.obj
 0001:000070c0       ?__SetState@@YAXPEA_KPEAU_xDISPATCHER_CONTEXT@@PEBU_s_FuncInfo@@H@Z 00000001400080c0 f   libvcruntimed:riscehstate.obj
 0001:000070f0       ?__SetUnwindTryBlock@@YAXPEA_KPEAU_xDISPATCHER_CONTEXT@@PEBU_s_FuncInfo@@H@Z 00000001400080f0 f   libvcruntimed:riscehstate.obj
 0001:00007160       ?__StateFromControlPc@@YAHPEBU_s_FuncInfo@@PEAU_xDISPATCHER_CONTEXT@@@Z 0000000140008160 f   libvcruntimed:riscehstate.obj
 0001:000071a0       ?__StateFromIp@@YAHPEBU_s_FuncInfo@@PEAU_xDISPATCHER_CONTEXT@@_K@Z 00000001400081a0 f   libvcruntimed:riscehstate.obj
 0001:00007280       ??0bad_exception@std@@QEAA@AEBV01@@Z 0000000140008280 f i libvcruntimed:frame.obj
 0001:000072c0       ??0bad_exception@std@@QEAA@XZ 00000001400082c0 f i libvcruntimed:frame.obj
 0001:00007300       ??0exception@std@@QEAA@AEBV01@@Z 0000000140008300 f i libvcruntimed:frame.obj
 0001:00007360       ??0exception@std@@QEAA@QEBDH@Z 0000000140008360 f i libvcruntimed:frame.obj
 0001:000073b0       ??1bad_exception@std@@UEAA@XZ 00000001400083b0 f i libvcruntimed:frame.obj
 0001:000073d0       ??1exception@std@@UEAA@XZ  00000001400083d0 f i libvcruntimed:frame.obj
 0001:00007400       ??8type_info@@QEBA_NAEBV0@@Z 0000000140008400 f i libvcruntimed:frame.obj
 0001:00007450       ??_Ebad_exception@std@@UEAAPEAXI@Z 0000000140008450 f i libvcruntimed:frame.obj
 0001:00007450       ??_Gbad_exception@std@@UEAAPEAXI@Z 0000000140008450 f i libvcruntimed:frame.obj
 0001:00007490       ??_Gexception@std@@UEAAPEAXI@Z 0000000140008490 f i libvcruntimed:frame.obj
 0001:00007490       ??_Eexception@std@@UEAAPEAXI@Z 0000000140008490 f i libvcruntimed:frame.obj
 0001:00008420       ?_CallMemberFunction1@@YAXQEAX00@Z 0000000140009420 f i libvcruntimed:frame.obj
 0001:00008450       ?_CallMemberFunction2@@YAXQEAX00H@Z 0000000140009450 f i libvcruntimed:frame.obj
 0001:00008490       ?_ValidateExecute@@YA_NP6A_JXZ@Z 0000000140009490 f i libvcruntimed:frame.obj
 0001:000084b0       ?_ValidateWrite@@YA_NPEAXI@Z 00000001400094b0 f i libvcruntimed:frame.obj
 0001:000084b0       ?_ValidateRead@@YA_NPEBXI@Z 00000001400094b0 f i libvcruntimed:frame.obj
 0001:00008510       ?what@exception@std@@UEBAPEBDXZ 0000000140009510 f i libvcruntimed:frame.obj
 0001:00008550       __BuildCatchObject         0000000140009550 f   libvcruntimed:frame.obj
 0001:00008690       __BuildCatchObjectHelper   0000000140009690 f   libvcruntimed:frame.obj
 0001:00008b10       __CxxCallCatchBlock        0000000140009b10 f   libvcruntimed:frame.obj
 0001:00008d70       __FrameUnwindToState       0000000140009d70 f   libvcruntimed:frame.obj
 0001:00008fc0       __InternalCxxFrameHandler  0000000140009fc0 f   libvcruntimed:frame.obj
 0001:00009430       __TypeMatch                000000014000a430 f   libvcruntimed:frame.obj
 0001:00009620       __vcrt_EncodePointer       000000014000a620 f i libvcruntimed:frame.obj
 0001:00009650       _CallSettingFrame          000000014000a650 f   libvcruntimed:handlers.obj
 0001:00009690       __DestructExceptionObject  000000014000a690 f   libvcruntimed:ehhelpers.obj
 0001:00009790       ?_CallMemberFunction0@@YAXQEAX0@Z 000000014000a790 f i libvcruntimed:ehhelpers.obj
 0001:000097c0       _IsExceptionObjectToBeDestroyed 000000014000a7c0 f   libvcruntimed:ehhelpers.obj
 0001:00009810       __AdjustPointer            000000014000a810 f   libvcruntimed:ehhelpers.obj
 0001:00009890       __FrameUnwindFilter        000000014000a890 f   libvcruntimed:ehhelpers.obj
 0001:00009920       ??$?RD@__crt_public_free_policy@@QEBAXQEBD@Z 000000014000a920 f i libvcruntimed:std_exception.obj
 0001:00009940       ??1?$__crt_unique_heap_ptr@DU__crt_public_free_policy@@@@QEAA@XZ 000000014000a940 f i libvcruntimed:std_exception.obj
 0001:00009960       ?release@?$__crt_unique_heap_ptr@DU__crt_public_free_policy@@@@QEAAXXZ 000000014000a960 f i libvcruntimed:std_exception.obj
 0001:00009990       __std_exception_copy       000000014000a990 f   libvcruntimed:std_exception.obj
 0001:00009ac0       __std_exception_destroy    000000014000aac0 f   libvcruntimed:std_exception.obj
 0001:00009b00       _CxxThrowException         000000014000ab00 f   libvcruntimed:throw.obj
 0001:00009cb0       _seh_filter_exe            000000014000acb0 f   libucrtd:exception_filter.obj
 0001:0000a120       __acrt_report_runtime_error 000000014000b120 f   libucrtd:report_runtime_error.obj
 0001:0000a3a0       _invoke_watson_if_error    000000014000b3a0 f i libucrtd:report_runtime_error.obj
 0001:0000a3f0       _query_app_type            000000014000b3f0 f   libucrtd:report_runtime_error.obj
 0001:0000a400       _set_app_type              000000014000b400 f   libucrtd:report_runtime_error.obj
 0001:0000a410       ?initialize@?$dual_state_global@PEAU__crt_multibyte_data@@@__crt_state_management@@QEAAXQEAU__crt_multibyte_data@@@Z 000000014000b410 f i libucrtd:mbctype.obj
 0001:0000a410       ?initialize@?$dual_state_global@P6AXH@Z@__crt_state_management@@QEAAXQ6AXH@Z@Z 000000014000b410 f i libucrtd:signal.obj
 0001:0000a410       ?initialize@?$dual_state_global@P6AHPEAU_exception@@@Z@__crt_state_management@@QEAAXQ6AHPEAU_exception@@@Z@Z 000000014000b410 f i libucrtd:matherr.obj
 0001:0000a410       ?initialize@?$dual_state_global@P6AH_K@Z@__crt_state_management@@QEAAXQ6AH_K@Z@Z 000000014000b410 f i libucrtd:new_handler.obj
 0001:0000a410       ?initialize@?$dual_state_global@PEAU__crt_locale_data@@@__crt_state_management@@QEAAXQEAU__crt_locale_data@@@Z 000000014000b410 f i libucrtd:initialization.obj
 0001:0000a460       ?value@?$dual_state_global@P6AH_K@Z@__crt_state_management@@QEAAAEAP6AH_K@ZXZ 000000014000b460 f i libucrtd:new_handler.obj
 0001:0000a460       ?value@?$dual_state_global@PEAU__crt_locale_data@@@__crt_state_management@@QEAAAEAPEAU__crt_locale_data@@XZ 000000014000b460 f i libucrtd:wsetlocale.obj
 0001:0000a460       ?value@?$dual_state_global@PEAU__crt_multibyte_data@@@__crt_state_management@@QEAAAEAPEAU__crt_multibyte_data@@XZ 000000014000b460 f i libucrtd:mbctype.obj
 0001:0000a460       ?value@?$dual_state_global@PEAE@__crt_state_management@@QEAAAEAPEAEXZ 000000014000b460 f i libucrtd:mbctype.obj
 0001:0000a460       ?value@?$dual_state_global@P6AHPEAU_exception@@@Z@__crt_state_management@@QEAAAEAP6AHPEAU_exception@@@ZXZ 000000014000b460 f i libucrtd:matherr.obj
 0001:0000a460       ?value@?$dual_state_global@P6AXPEB_W00I_K@Z@__crt_state_management@@QEAAAEAP6AXPEB_W00I_K@ZXZ 000000014000b460 f i libucrtd:invalid_parameter.obj
 0001:0000a460       ?value@?$dual_state_global@P6AXH@Z@__crt_state_management@@QEAAAEAP6AXH@ZXZ 000000014000b460 f i libucrtd:signal.obj
 0001:0000a480       __acrt_has_user_matherr    000000014000b480 f   libucrtd:matherr.obj
 0001:0000a4c0       __acrt_initialize_user_matherr 000000014000b4c0 f   libucrtd:matherr.obj
 0001:0000a4e0       __acrt_invoke_user_matherr 000000014000b4e0 f   libucrtd:matherr.obj
 0001:0000a530       __setusermatherr           000000014000b530 f   libucrtd:matherr.obj
 0001:0000a900       ??$get_module_file_name@AEAPEAUHINSTANCE__@@AEAY0BAF@DK@?$__crt_char_traits@D@@SAKAEAPEAUHINSTANCE__@@AEAY0BAF@D$$QEAK@Z 000000014000b900 f i libucrtd:dbgrpt.obj
 0001:0000a900       ??$get_module_file_name@$$TAEAY0BAF@DH@?$__crt_char_traits@D@@SAK$$QEA$$TAEAY0BAF@D$$QEAH@Z 000000014000b900 f i libucrtd:argv_parsing.obj
 0001:0000add0       ??$set_program_name@PEAD@?$__crt_char_traits@D@@SAX$$QEAPEAD@Z 000000014000bdd0 f i libucrtd:argv_parsing.obj
 0001:0000aea0       ?debug_info@?$__crt_win32_buffer@_WU__crt_win32_buffer_internal_dynamic_resizing@@@@QEBAAEBV__crt_win32_buffer_empty_debug_info@@XZ 000000014000bea0 f i libucrtd:findfirstfileexa.obj
 0001:0000aea0       ?dangerous_get_state_array@?$dual_state_global@P6AXPEB_W00I_K@Z@__crt_state_management@@QEAAPEAP6AXPEB_W00I_K@ZXZ 000000014000bea0 f i libucrtd:invalid_parameter.obj
 0001:0000aea0       ?get_address_of@?$__crt_unique_handle_t@U__crt_hmodule_traits@@@@QEAAPEAPEAUHINSTANCE__@@XZ 000000014000bea0 f i libucrtd:exit.obj
 0001:0000aea0       ?get_address_of@?$__crt_unique_heap_ptr@PEADU__crt_internal_free_policy@@@@QEAAPEAPEAPEADXZ 000000014000bea0 f i libucrtd:argv_parsing.obj
 0001:0000aea0       ?dangerous_get_state_array@?$dual_state_global@PEAU__crt_multibyte_data@@@__crt_state_management@@QEAAPEAPEAU__crt_multibyte_data@@XZ 000000014000bea0 f i libucrtd:mbctype.obj
 0001:0000aea0       ?debug_info@?$__crt_win32_buffer@DU__crt_win32_buffer_no_resizing@@@@QEBAAEBV__crt_win32_buffer_empty_debug_info@@XZ 000000014000bea0 f i libucrtd:findnextfilea.obj
 0001:0000aea0       ?dangerous_get_state_array@?$dual_state_global@PEAE@__crt_state_management@@QEAAPEAPEAEXZ 000000014000bea0 f i libucrtd:mbctype.obj
 0001:0000aea0       ?dangerous_get_state_array@?$dual_state_global@PEAU__crt_locale_data@@@__crt_state_management@@QEAAPEAPEAU__crt_locale_data@@XZ 000000014000bea0 f i libucrtd:per_thread_data.obj
 0001:0000af10       __acrt_allocate_buffer_for_argv 000000014000bf10 f   libucrtd:argv_parsing.obj
 0001:0000b030       _configure_narrow_argv     000000014000c030 f   libucrtd:argv_parsing.obj
 0001:0000b050       _set_pgmptr                000000014000c050 f i libucrtd:argv_parsing.obj
 0001:0000b280       ??$tcslen@AEAPEAD@?$__crt_char_traits@D@@SA_KAEAPEAD@Z 000000014000c280 f i libucrtd:environment_initialization.obj
 0001:0000b2cc       ??B?$__crt_unique_heap_ptr@PEADU__crt_internal_free_policy@@@@QEBA_NXZ 000000014000c2cc f i libucrtd:environment_initialization.obj
 0001:0000b2d4       ?detach@?$__crt_unique_heap_ptr@DU__crt_internal_free_policy@@@@QEAAPEADXZ 000000014000c2d4 f i libucrtd:environment_initialization.obj
 0001:0000b2dc       __dcrt_uninitialize_environments_nolock 000000014000c2dc f   libucrtd:environment_initialization.obj
 0001:0000b314       _initialize_narrow_environment 000000014000c314 f   libucrtd:environment_initialization.obj
 0001:0000b460       _get_narrow_winmain_command_line 000000014000c460 f   libucrtd:argv_winmain.obj
 0001:0000b470       _initterm                  000000014000c470 f   libucrtd:initterm.obj
 0001:0000b4d0       _initterm_e                000000014000c4d0 f   libucrtd:initterm.obj
 0001:0000b5e0       ??$__crt_get_proc_address@P6AXI@Z@@YAP6AXI@ZQEAUHINSTANCE__@@QEBD@Z 000000014000c5e0 f i libucrtd:exit.obj
 0001:0000b610       ??$__crt_interlocked_read@J@@YAJPEDJ@Z 000000014000c610 f i libucrtd:exit.obj
 0001:0000b6a0       ??1?$__crt_unique_handle_t@U__crt_hmodule_traits@@@@QEAA@XZ 000000014000c6a0 f i libucrtd:exit.obj
 0001:0000b800       ?__acrt_select_exit_lock@@YA?AW4__acrt_lock_id@@XZ 000000014000c800 f i libucrtd:exit.obj
 0001:0000b810       ?__crt_interlocked_read_32@@YAHPEDH@Z 000000014000c810 f i libucrtd:exit.obj
 0001:0000b850       ?close@?$__crt_unique_handle_t@U__crt_hmodule_traits@@@@QEAAXXZ 000000014000c850 f i libucrtd:exit.obj
 0001:0000b890       ?close@__crt_hmodule_traits@@SA_NPEAUHINSTANCE__@@@Z 000000014000c890 f i libucrtd:exit.obj
 0001:0000bb50       __acrt_initialize_thread_local_exit_callback 000000014000cb50 f   libucrtd:exit.obj
 0001:0000bb70       _c_exit                    000000014000cb70 f   libucrtd:exit.obj
 0001:0000bb90       _cexit                     000000014000cb90 f   libucrtd:exit.obj
 0001:0000bbb0       _exit                      000000014000cbb0 f   libucrtd:exit.obj
 0001:0000bbd0       _register_thread_local_exe_atexit_callback 000000014000cbd0 f   libucrtd:exit.obj
 0001:0000bc20       exit                       000000014000cc20 f   libucrtd:exit.obj
 0001:0000bc40       ?value@?$dual_state_global@J@__crt_state_management@@QEAAAEAJXZ 000000014000cc40 f i libucrtd:new_mode.obj
 0001:0000bc40       ?value@?$dual_state_global@H@__crt_state_management@@QEAAAEAHXZ 000000014000cc40 f i libucrtd:setmode.obj
 0001:0000bc60       _set_fmode                 000000014000cc60 f   libucrtd:setmode.obj
 0001:0000bea0       __acrt_set_locale_changed  000000014000cea0 f   libucrtd:wsetlocale.obj
 0001:0000beb0       __acrt_uninitialize_locale 000000014000ceb0 f   libucrtd:wsetlocale.obj
 0001:0000bee0       _configthreadlocale        000000014000cee0 f   libucrtd:wsetlocale.obj
 0001:0000c040       _query_new_mode            000000014000d040 f   libucrtd:new_mode.obj
 0001:0000c060       _set_new_mode              000000014000d060 f   libucrtd:new_mode.obj
 0001:0000c130       __p__commode               000000014000d130 f   libucrtd:ncommode.obj
 0001:0000c7f0       _crt_atexit                000000014000d7f0 f   libucrtd:onexit.obj
 0001:0000c810       _execute_onexit_table      000000014000d810 f   libucrtd:onexit.obj
 0001:0000c850       _initialize_onexit_table   000000014000d850 f   libucrtd:onexit.obj
 0001:0000c8d0       _register_onexit_function  000000014000d8d0 f   libucrtd:onexit.obj
 0001:0000c960       __acrt_uninitialize_command_line 000000014000d960 f   libucrtd:argv_data.obj
 0001:0000cbc0       __acrt_initialize          000000014000dbc0 f   libucrtd:initialization.obj
 0001:0000cbf0       __acrt_uninitialize        000000014000dbf0 f   libucrtd:initialization.obj
 0001:0000cc20       terminate                  000000014000dc20 f   libucrtd:terminate.obj
 0001:0000cc60       ??$__vcrt_va_start_verify_argument_type@QEBD@@YAXXZ 000000014000dc60 f i libucrtd:debug_heap.obj
 0001:0000cc60       ??$__vcrt_va_start_verify_argument_type@QEB_W@@YAXXZ 000000014000dc60 f i libucrtd:dbgrpt.obj
 0001:0000cc70       ??0_LocaleUpdate@@QEAA@QEAU__crt_locale_pointers@@@Z 000000014000dc70 f i libucrtd:debug_heap.obj
 0001:0000cd90       ??1_LocaleUpdate@@QEAA@XZ  000000014000dd90 f i libucrtd:debug_heap.obj
 0001:0000cdd0       ?GetLocaleT@_LocaleUpdate@@QEAAPEAU__crt_locale_pointers@@XZ 000000014000ddd0 f i libucrtd:debug_heap.obj
 0001:0000eda0       _CrtCheckMemory            000000014000fda0 f   libucrtd:debug_heap.obj
 0001:0000ef30       _CrtDumpMemoryLeaks        000000014000ff30 f   libucrtd:debug_heap.obj
 0001:0000eff0       _CrtIsValidHeapPointer     000000014000fff0 f   libucrtd:debug_heap.obj
 0001:0000f030       _CrtIsValidPointer         0000000140010030 f   libucrtd:debug_heap.obj
 0001:0000f070       _CrtMemCheckpoint          0000000140010070 f   libucrtd:debug_heap.obj
 0001:0000f2f0       _CrtMemDumpAllObjectsSince 00000001400102f0 f   libucrtd:debug_heap.obj
 0001:0000f350       _CrtSetDbgFlag             0000000140010350 f   libucrtd:debug_heap.obj
 0001:0000f4b0       _CrtSetDumpClient          00000001400104b0 f   libucrtd:debug_heap.obj
 0001:0000f4e0       __acrt_get_locale_data_prefix 00000001400104e0 f i libucrtd:debug_heap.obj
 0001:0000f500       __acrt_locale_changed      0000000140010500 f i libucrtd:debug_heap.obj
 0001:0000f530       _calloc_dbg                0000000140010530 f   libucrtd:debug_heap.obj
 0001:0000f5d0       _chvalidchk_l              00000001400105d0 f i libucrtd:debug_heap.obj
 0001:0000f600       _free_dbg                  0000000140010600 f   libucrtd:debug_heap.obj
 0001:0000f670       _invoke_watson_if_oneof    0000000140010670 f i libucrtd:debug_heap.obj
 0001:0000f6d0       _ischartype_l              00000001400106d0 f i libucrtd:debug_heap.obj
 0001:0000f730       _malloc_dbg                0000000140010730 f   libucrtd:debug_heap.obj
 0001:0000f770       _msize_dbg                 0000000140010770 f   libucrtd:debug_heap.obj
 0001:0000f910       _realloc_dbg               0000000140010910 f   libucrtd:debug_heap.obj
 0001:0000f980       _recalloc_dbg              0000000140010980 f   libucrtd:debug_heap.obj
 0001:0000ff50       strcpy_s                   0000000140010f50 f   libucrtd:strcpy_s.obj
 0001:0000ff90       strcmp                     0000000140010f90 f   libucrtd:strcmp.obj
 0001:00010010       strlen                     0000000140011010 f   libucrtd:strlen.obj
 0001:000100c0       abort                      00000001400110c0 f   libucrtd:abort.obj
 0001:00010ef0       ??$get_module_file_name@AEAPEAUHINSTANCE__@@AEAY0BAF@_WK@?$__crt_char_traits@_W@@SAKAEAPEAUHINSTANCE__@@AEAY0BAF@_W$$QEAK@Z 0000000140011ef0 f i libucrtd:dbgrpt.obj
 0001:00010f30       ??$tcscpy_s@AEAY0BAF@D_KPEBD@?$__crt_char_traits@D@@SAHAEAY0BAF@D$$QEA_K$$QEAPEBD@Z 0000000140011f30 f i libucrtd:dbgrpt.obj
 0001:00010f70       ??$tcscpy_s@AEAY0BAF@_W_KPEB_W@?$__crt_char_traits@_W@@SAHAEAY0BAF@_W$$QEA_K$$QEAPEB_W@Z 0000000140011f70 f i libucrtd:dbgrpt.obj
 0001:00010fb0       ??$tcslen@AEAY0BAF@D@?$__crt_char_traits@D@@SA_KAEAY0BAF@D@Z 0000000140011fb0 f i libucrtd:dbgrpt.obj
 0001:00010fd0       ??$tcslen@AEAY0BAF@_W@?$__crt_char_traits@_W@@SA_KAEAY0BAF@_W@Z 0000000140011fd0 f i libucrtd:dbgrpt.obj
 0001:00010ff0       ??$tcslen@AEBQEBD@?$__crt_char_traits@D@@SA_KAEBQEBD@Z 0000000140011ff0 f i libucrtd:dbgrpt.obj
 0001:00011010       ??$tcslen@AEBQEB_W@?$__crt_char_traits@_W@@SA_KAEBQEB_W@Z 0000000140012010 f i libucrtd:dbgrpt.obj
 0001:00011070       _CrtDbgReport              0000000140012070 f   libucrtd:dbgrpt.obj
 0001:000110f0       _CrtDbgReportW             00000001400120f0 f   libucrtd:dbgrpt.obj
 0001:00011170       __acrt_MessageWindowA      0000000140012170 f   libucrtd:dbgrpt.obj
 0001:000111c0       __acrt_MessageWindowW      00000001400121c0 f   libucrtd:dbgrpt.obj
 0001:00011210       _snwprintf_s               0000000140012210 f i libucrtd:dbgrpt.obj
 0001:00011280       _vsnwprintf_s_l            0000000140012280 f i libucrtd:dbgrpt.obj
 0001:00011300       wcsncmp                    0000000140012300 f   libucrtd:wcsncmp.obj
 0001:00011390       ??$?0AEBV?$string_output_adapter@D@__crt_stdio_output@@AEB_KAEBQEBDAEBQEAU__crt_locale_pointers@@AEBQEAD@?$format_validation_base@DV?$string_output_adapter@D@__crt_stdio_output@@@__crt_stdio_output@@IEAA@AEBV?$string_output_adapter@D@1@AEB_KAEBQEBDAEBQEAU__crt_locale_pointers@@AEBQEAD@Z 0000000140012390 f i libucrtd:output.obj
 0001:000113e0       ??$?0AEBV?$string_output_adapter@D@__crt_stdio_output@@AEB_KAEBQEBDAEBQEAU__crt_locale_pointers@@AEBQEAD@?$standard_base@DV?$string_output_adapter@D@__crt_stdio_output@@@__crt_stdio_output@@IEAA@AEBV?$string_output_adapter@D@1@AEB_KAEBQEBDAEBQEAU__crt_locale_pointers@@AEBQEAD@Z 00000001400123e0 f i libucrtd:output.obj
 0001:00011450       ??$?0AEBV?$string_output_adapter@_W@__crt_stdio_output@@AEB_KAEBQEB_WAEBQEAU__crt_locale_pointers@@AEBQEAD@?$format_validation_base@_WV?$string_output_adapter@_W@__crt_stdio_output@@@__crt_stdio_output@@IEAA@AEBV?$string_output_adapter@_W@1@AEB_KAEBQEB_WAEBQEAU__crt_locale_pointers@@AEBQEAD@Z 0000000140012450 f i libucrtd:output.obj
 0001:000114a0       ??$?0AEBV?$string_output_adapter@_W@__crt_stdio_output@@AEB_KAEBQEB_WAEBQEAU__crt_locale_pointers@@AEBQEAD@?$standard_base@_WV?$string_output_adapter@_W@__crt_stdio_output@@@__crt_stdio_output@@IEAA@AEBV?$string_output_adapter@_W@1@AEB_KAEBQEB_WAEBQEAU__crt_locale_pointers@@AEBQEAD@Z 00000001400124a0 f i libucrtd:output.obj
 0001:00012e20       ??$count@D@formatting_buffer@__crt_stdio_output@@QEBA_KXZ 0000000140013e20 f i libucrtd:output.obj
 0001:00012e70       ??$count@_W@formatting_buffer@__crt_stdio_output@@QEBA_KXZ 0000000140013e70 f i libucrtd:output.obj
 0001:00012ec0       ??$data@D@formatting_buffer@__crt_stdio_output@@QEAAPEADXZ 0000000140013ec0 f i libucrtd:output.obj
 0001:00012ec0       ??$data@_W@formatting_buffer@__crt_stdio_output@@QEAAPEA_WXZ 0000000140013ec0 f i libucrtd:output.obj
 0001:00012f10       ??$ensure_buffer_is_big_enough@D@formatting_buffer@__crt_stdio_output@@QEAA_N_K@Z 0000000140013f10 f i libucrtd:output.obj
 0001:00013040       ??$ensure_buffer_is_big_enough@_W@formatting_buffer@__crt_stdio_output@@QEAA_N_K@Z 0000000140014040 f i libucrtd:output.obj
 0001:00013170       ??$extract_argument_from_va_list@C_J@?$standard_base@DV?$string_output_adapter@D@__crt_stdio_output@@@__crt_stdio_output@@IEAA_NAEA_J@Z 0000000140014170 f i libucrtd:output.obj
 0001:00013170       ??$extract_argument_from_va_list@C_J@?$standard_base@_WV?$string_output_adapter@_W@__crt_stdio_output@@@__crt_stdio_output@@IEAA_NAEA_J@Z 0000000140014170 f i libucrtd:output.obj
 0001:000131b0       ??$extract_argument_from_va_list@E_J@?$standard_base@DV?$string_output_adapter@D@__crt_stdio_output@@@__crt_stdio_output@@IEAA_NAEA_J@Z 00000001400141b0 f i libucrtd:output.obj
 0001:000131b0       ??$extract_argument_from_va_list@E_J@?$standard_base@_WV?$string_output_adapter@_W@__crt_stdio_output@@@__crt_stdio_output@@IEAA_NAEA_J@Z 00000001400141b0 f i libucrtd:output.obj
 0001:000131f0       ??$extract_argument_from_va_list@F_J@?$standard_base@_WV?$string_output_adapter@_W@__crt_stdio_output@@@__crt_stdio_output@@IEAA_NAEA_J@Z 00000001400141f0 f i libucrtd:output.obj
 0001:000131f0       ??$extract_argument_from_va_list@F_J@?$standard_base@DV?$string_output_adapter@D@__crt_stdio_output@@@__crt_stdio_output@@IEAA_NAEA_J@Z 00000001400141f0 f i libucrtd:output.obj
 0001:00013230       ??$extract_argument_from_va_list@GD@?$standard_base@DV?$string_output_adapter@D@__crt_stdio_output@@@__crt_stdio_output@@IEAA_NAEAD@Z 0000000140014230 f i libucrtd:output.obj
 0001:00013260       ??$extract_argument_from_va_list@G_J@?$standard_base@DV?$string_output_adapter@D@__crt_stdio_output@@@__crt_stdio_output@@IEAA_NAEA_J@Z 0000000140014260 f i libucrtd:output.obj
 0001:00013260       ??$extract_argument_from_va_list@G_J@?$standard_base@_WV?$string_output_adapter@_W@__crt_stdio_output@@@__crt_stdio_output@@IEAA_NAEA_J@Z 0000000140014260 f i libucrtd:output.obj
 0001:000132a0       ??$extract_argument_from_va_list@H_J@?$standard_base@DV?$string_output_adapter@D@__crt_stdio_output@@@__crt_stdio_output@@IEAA_NAEA_J@Z 00000001400142a0 f i libucrtd:output.obj
 0001:000132a0       ??$extract_argument_from_va_list@H_J@?$standard_base@_WV?$string_output_adapter@_W@__crt_stdio_output@@@__crt_stdio_output@@IEAA_NAEA_J@Z 00000001400142a0 f i libucrtd:output.obj
 0001:000132d0       ??$extract_argument_from_va_list@I_J@?$standard_base@_WV?$string_output_adapter@_W@__crt_stdio_output@@@__crt_stdio_output@@IEAA_NAEA_J@Z 00000001400142d0 f i libucrtd:output.obj
 0001:000132d0       ??$extract_argument_from_va_list@I_J@?$standard_base@DV?$string_output_adapter@D@__crt_stdio_output@@@__crt_stdio_output@@IEAA_NAEA_J@Z 00000001400142d0 f i libucrtd:output.obj
 0001:00013300       ??$extract_argument_from_va_list@PEAXPEAX@?$standard_base@_WV?$string_output_adapter@_W@__crt_stdio_output@@@__crt_stdio_output@@IEAA_NAEAPEAX@Z 0000000140014300 f i libucrtd:output.obj
 0001:00013300       ??$extract_argument_from_va_list@_K_J@?$standard_base@DV?$string_output_adapter@D@__crt_stdio_output@@@__crt_stdio_output@@IEAA_NAEA_J@Z 0000000140014300 f i libucrtd:output.obj
 0001:00013300       ??$extract_argument_from_va_list@PEADPEAD@?$standard_base@_WV?$string_output_adapter@_W@__crt_stdio_output@@@__crt_stdio_output@@IEAA_NAEAPEAD@Z 0000000140014300 f i libucrtd:output.obj
 0001:00013300       ??$extract_argument_from_va_list@PEADPEAD@?$standard_base@DV?$string_output_adapter@D@__crt_stdio_output@@@__crt_stdio_output@@IEAA_NAEAPEAD@Z 0000000140014300 f i libucrtd:output.obj
 0001:00013300       ??$extract_argument_from_va_list@PEAXPEAX@?$standard_base@DV?$string_output_adapter@D@__crt_stdio_output@@@__crt_stdio_output@@IEAA_NAEAPEAX@Z 0000000140014300 f i libucrtd:output.obj
 0001:00013300       ??$extract_argument_from_va_list@_J_J@?$standard_base@_WV?$string_output_adapter@_W@__crt_stdio_output@@@__crt_stdio_output@@IEAA_NAEA_J@Z 0000000140014300 f i libucrtd:output.obj
 0001:00013300       ??$extract_argument_from_va_list@_J_J@?$standard_base@DV?$string_output_adapter@D@__crt_stdio_output@@@__crt_stdio_output@@IEAA_NAEA_J@Z 0000000140014300 f i libucrtd:output.obj
 0001:00013300       ??$extract_argument_from_va_list@_K_J@?$standard_base@_WV?$string_output_adapter@_W@__crt_stdio_output@@@__crt_stdio_output@@IEAA_NAEA_J@Z 0000000140014300 f i libucrtd:output.obj
 0001:00013360       ??$extract_argument_from_va_list@U_CRT_DOUBLE@@U1@@?$standard_base@DV?$string_output_adapter@D@__crt_stdio_output@@@__crt_stdio_output@@IEAA_NAEAU_CRT_DOUBLE@@@Z 0000000140014360 f i libucrtd:output.obj
 0001:00013360       ??$extract_argument_from_va_list@U_CRT_DOUBLE@@U1@@?$standard_base@_WV?$string_output_adapter@_W@__crt_stdio_output@@@__crt_stdio_output@@IEAA_NAEAU_CRT_DOUBLE@@@Z 0000000140014360 f i libucrtd:output.obj
 0001:000133b0       ??$extract_argument_from_va_list@_W_W@?$standard_base@_WV?$string_output_adapter@_W@__crt_stdio_output@@@__crt_stdio_output@@IEAA_NAEA_W@Z 00000001400143b0 f i libucrtd:output.obj
 0001:000133b0       ??$extract_argument_from_va_list@_W_W@?$standard_base@DV?$string_output_adapter@D@__crt_stdio_output@@@__crt_stdio_output@@IEAA_NAEA_W@Z 00000001400143b0 f i libucrtd:output.obj
 0001:000133e0       ??$is_wide_character_specifier@D@__crt_stdio_output@@YA_N_KDW4length_modifier@0@@Z 00000001400143e0 f i libucrtd:output.obj
 0001:00013480       ??$is_wide_character_specifier@_W@__crt_stdio_output@@YA_N_K_WW4length_modifier@0@@Z 0000000140014480 f i libucrtd:output.obj
 0001:00013550       ??$read_va_arg@E@__crt_stdio_output@@YAEAEAPEAD@Z 0000000140014550 f i libucrtd:output.obj
 0001:00013550       ??$read_va_arg@C@__crt_stdio_output@@YACAEAPEAD@Z 0000000140014550 f i libucrtd:output.obj
 0001:000135c0       ??$read_va_arg@G@__crt_stdio_output@@YAGAEAPEAD@Z 00000001400145c0 f i libucrtd:output.obj
 0001:000135c0       ??$read_va_arg@F@__crt_stdio_output@@YAFAEAPEAD@Z 00000001400145c0 f i libucrtd:output.obj
 0001:000135c0       ??$read_va_arg@_W@__crt_stdio_output@@YA_WAEAPEAD@Z 00000001400145c0 f i libucrtd:output.obj
 0001:00013630       ??$read_va_arg@H@__crt_stdio_output@@YAHAEAPEAD@Z 0000000140014630 f i libucrtd:output.obj
 0001:00013630       ??$read_va_arg@I@__crt_stdio_output@@YAIAEAPEAD@Z 0000000140014630 f i libucrtd:output.obj
 0001:00013690       ??$read_va_arg@_J@__crt_stdio_output@@YA_JAEAPEAD@Z 0000000140014690 f i libucrtd:output.obj
 0001:00013690       ??$read_va_arg@U_CRT_DOUBLE@@@__crt_stdio_output@@YA?AU_CRT_DOUBLE@@AEAPEAD@Z 0000000140014690 f i libucrtd:output.obj
 0001:00013690       ??$read_va_arg@PEAX@__crt_stdio_output@@YAPEAXAEAPEAD@Z 0000000140014690 f i libucrtd:output.obj
 0001:00013690       ??$read_va_arg@_K@__crt_stdio_output@@YA_KAEAPEAD@Z 0000000140014690 f i libucrtd:output.obj
 0001:00013690       ??$read_va_arg@PEAD@__crt_stdio_output@@YAPEADAEAPEAD@Z 0000000140014690 f i libucrtd:output.obj
 0001:00013770       ??$scratch_count@D@formatting_buffer@__crt_stdio_output@@QEBA_KXZ 0000000140014770 f i libucrtd:output.obj
 0001:00013790       ??$scratch_data@D@formatting_buffer@__crt_stdio_output@@QEAAPEADXZ 0000000140014790 f i libucrtd:output.obj
 0001:00013800       ??$tcstol@PEBDPEAPEADH@?$__crt_char_traits@D@@SAJ$$QEAPEBD$$QEAPEAPEAD$$QEAH@Z 0000000140014800 f i libucrtd:output.obj
 0001:00013840       ??$tcstol@PEB_WPEAPEA_WH@?$__crt_char_traits@_W@@SAJ$$QEAPEB_W$$QEAPEAPEA_W$$QEAH@Z 0000000140014840 f i libucrtd:output.obj
 0001:00013880       ??$type_case_integer_parse_into_buffer@I@?$output_processor@DV?$string_output_adapter@D@__crt_stdio_output@@V?$format_validation_base@DV?$string_output_adapter@D@__crt_stdio_output@@@2@@__crt_stdio_output@@AEAAXII_N@Z 0000000140014880 f i libucrtd:output.obj
 0001:000139b0       ??$type_case_integer_parse_into_buffer@I@?$output_processor@_WV?$string_output_adapter@_W@__crt_stdio_output@@V?$format_validation_base@_WV?$string_output_adapter@_W@__crt_stdio_output@@@2@@__crt_stdio_output@@AEAAXII_N@Z 00000001400149b0 f i libucrtd:output.obj
 0001:00013af0       ??$type_case_integer_parse_into_buffer@_K@?$output_processor@DV?$string_output_adapter@D@__crt_stdio_output@@V?$format_validation_base@DV?$string_output_adapter@D@__crt_stdio_output@@@2@@__crt_stdio_output@@AEAAX_KI_N@Z 0000000140014af0 f i libucrtd:output.obj
 0001:00013c40       ??$type_case_integer_parse_into_buffer@_K@?$output_processor@_WV?$string_output_adapter@_W@__crt_stdio_output@@V?$format_validation_base@_WV?$string_output_adapter@_W@__crt_stdio_output@@@2@@__crt_stdio_output@@AEAAX_KI_N@Z 0000000140014c40 f i libucrtd:output.obj
 0001:00013da0       ??$write_multiple_characters@V?$string_output_adapter@D@__crt_stdio_output@@D@__crt_stdio_output@@YAXAEBV?$string_output_adapter@D@0@DHQEAH@Z 0000000140014da0 f i libucrtd:output.obj
 0001:00013e00       ??$write_multiple_characters@V?$string_output_adapter@_W@__crt_stdio_output@@D@__crt_stdio_output@@YAXAEBV?$string_output_adapter@_W@0@DHQEAH@Z 0000000140014e00 f i libucrtd:output.obj
 0001:00013e60       ??0?$common_data@D@__crt_stdio_output@@IEAA@XZ 0000000140014e60 f i libucrtd:output.obj
 0001:00013f30       ??0?$common_data@_W@__crt_stdio_output@@IEAA@XZ 0000000140014f30 f i libucrtd:output.obj
 0001:00014000       ??0?$output_adapter_data@DV?$string_output_adapter@D@__crt_stdio_output@@@__crt_stdio_output@@IEAA@AEBV?$string_output_adapter@D@1@_KQEBDQEAU__crt_locale_pointers@@QEAD@Z 0000000140015000 f i libucrtd:output.obj
 0001:00014080       ??0?$output_adapter_data@_WV?$string_output_adapter@_W@__crt_stdio_output@@@__crt_stdio_output@@IEAA@AEBV?$string_output_adapter@_W@1@_KQEB_WQEAU__crt_locale_pointers@@QEAD@Z 0000000140015080 f i libucrtd:output.obj
 0001:00014100       ??0?$output_processor@DV?$string_output_adapter@D@__crt_stdio_output@@V?$format_validation_base@DV?$string_output_adapter@D@__crt_stdio_output@@@2@@__crt_stdio_output@@QEAA@AEBV?$string_output_adapter@D@1@_KQEBDQEAU__crt_locale_pointers@@QEAD@Z 0000000140015100 f i libucrtd:output.obj
 0001:00014150       ??0?$output_processor@_WV?$string_output_adapter@_W@__crt_stdio_output@@V?$format_validation_base@_WV?$string_output_adapter@_W@__crt_stdio_output@@@2@@__crt_stdio_output@@QEAA@AEBV?$string_output_adapter@_W@1@_KQEB_WQEAU__crt_locale_pointers@@QEAD@Z 0000000140015150 f i libucrtd:output.obj
 0001:000141a0       ??0__crt_deferred_errno_cache@@QEAA@XZ 00000001400151a0 f i libucrtd:output.obj
 0001:000141c0       ??0__crt_errno_guard@@QEAA@QEAH@Z 00000001400151c0 f i libucrtd:output.obj
 0001:00014200       ??0formatting_buffer@__crt_stdio_output@@QEAA@XZ 0000000140015200 f i libucrtd:output.obj
 0001:00014240       ??1?$common_data@_W@__crt_stdio_output@@QEAA@XZ 0000000140015240 f i libucrtd:output.obj
 0001:00014240       ??1?$common_data@D@__crt_stdio_output@@QEAA@XZ 0000000140015240 f i libucrtd:output.obj
 0001:00014260       ??1?$format_validation_base@_WV?$string_output_adapter@_W@__crt_stdio_output@@@__crt_stdio_output@@QEAA@XZ 0000000140015260 f i libucrtd:output.obj
 0001:00014260       ??1?$format_validation_base@DV?$string_output_adapter@D@__crt_stdio_output@@@__crt_stdio_output@@QEAA@XZ 0000000140015260 f i libucrtd:output.obj
 0001:00014280       ??1?$output_adapter_data@DV?$string_output_adapter@D@__crt_stdio_output@@@__crt_stdio_output@@QEAA@XZ 0000000140015280 f i libucrtd:output.obj
 0001:00014280       ??1?$output_adapter_data@_WV?$string_output_adapter@_W@__crt_stdio_output@@@__crt_stdio_output@@QEAA@XZ 0000000140015280 f i libucrtd:output.obj
 0001:000142a0       ??1?$output_processor@DV?$string_output_adapter@D@__crt_stdio_output@@V?$format_validation_base@DV?$string_output_adapter@D@__crt_stdio_output@@@2@@__crt_stdio_output@@QEAA@XZ 00000001400152a0 f i libucrtd:output.obj
 0001:000142a0       ??1?$output_processor@_WV?$string_output_adapter@_W@__crt_stdio_output@@V?$format_validation_base@_WV?$string_output_adapter@_W@__crt_stdio_output@@@2@@__crt_stdio_output@@QEAA@XZ 00000001400152a0 f i libucrtd:output.obj
 0001:000142c0       ??1?$standard_base@DV?$string_output_adapter@D@__crt_stdio_output@@@__crt_stdio_output@@QEAA@XZ 00000001400152c0 f i libucrtd:output.obj
 0001:000142c0       ??1?$standard_base@_WV?$string_output_adapter@_W@__crt_stdio_output@@@__crt_stdio_output@@QEAA@XZ 00000001400152c0 f i libucrtd:output.obj
 0001:000142e0       ??1__crt_errno_guard@@QEAA@XZ 00000001400152e0 f i libucrtd:output.obj
 0001:00014310       ??1formatting_buffer@__crt_stdio_output@@QEAA@XZ 0000000140015310 f i libucrtd:output.obj
 0001:00014340       ??4?$__crt_unique_heap_ptr@DU__crt_internal_free_policy@@@@QEAAAEAV0@$$QEAV0@@Z 0000000140015340 f i libucrtd:output.obj
 0001:00014380       ?adjust_hexit@?$output_processor@_WV?$string_output_adapter@_W@__crt_stdio_output@@V?$format_validation_base@_WV?$string_output_adapter@_W@__crt_stdio_output@@@2@@__crt_stdio_output@@CADH_N@Z 0000000140015380 f i libucrtd:output.obj
 0001:00014380       ?adjust_hexit@?$output_processor@DV?$string_output_adapter@D@__crt_stdio_output@@V?$format_validation_base@DV?$string_output_adapter@D@__crt_stdio_output@@@2@@__crt_stdio_output@@CADH_N@Z 0000000140015380 f i libucrtd:output.obj
 0001:000143d0       ?advance_to_next_pass@?$standard_base@_WV?$string_output_adapter@_W@__crt_stdio_output@@@__crt_stdio_output@@IEAA_NXZ 00000001400153d0 f i libucrtd:output.obj
 0001:000143d0       ?advance_to_next_pass@?$standard_base@DV?$string_output_adapter@D@__crt_stdio_output@@@__crt_stdio_output@@IEAA_NXZ 00000001400153d0 f i libucrtd:output.obj
 0001:00014420       ?crop_zeroes@__crt_stdio_output@@YAXPEADQEAU__crt_locale_pointers@@@Z 0000000140015420 f i libucrtd:output.obj
 0001:00014560       ?find_next_state@?$output_processor@DV?$string_output_adapter@D@__crt_stdio_output@@V?$format_validation_base@DV?$string_output_adapter@D@__crt_stdio_output@@@2@@__crt_stdio_output@@AEBA?AW4state@2@DW432@@Z 0000000140015560 f i libucrtd:output.obj
 0001:00014600       ?find_next_state@?$output_processor@_WV?$string_output_adapter@_W@__crt_stdio_output@@V?$format_validation_base@_WV?$string_output_adapter@_W@__crt_stdio_output@@@2@@__crt_stdio_output@@AEBA?AW4state@2@_WW432@@Z 0000000140015600 f i libucrtd:output.obj
 0001:000146a0       ?force_decimal_point@__crt_stdio_output@@YAXPEADQEAU__crt_locale_pointers@@@Z 00000001400156a0 f i libucrtd:output.obj
 0001:00014780       ?get@__crt_deferred_errno_cache@@QEAAAEAHXZ 0000000140015780 f i libucrtd:output.obj
 0001:000147b0       ?get_flags@__crt_stdio_stream@@QEBAJXZ 00000001400157b0 f i libucrtd:output.obj
 0001:000147e0       ?has_flag@?$output_processor@DV?$string_output_adapter@D@__crt_stdio_output@@V?$format_validation_base@DV?$string_output_adapter@D@__crt_stdio_output@@@2@@__crt_stdio_output@@AEBA_NI@Z 00000001400157e0 f i libucrtd:output.obj
 0001:000147e0       ?has_flag@?$output_processor@_WV?$string_output_adapter@_W@__crt_stdio_output@@V?$format_validation_base@_WV?$string_output_adapter@_W@__crt_stdio_output@@@2@@__crt_stdio_output@@AEBA_NI@Z 00000001400157e0 f i libucrtd:output.obj
 0001:00014820       ?is_string_backed@__crt_stdio_stream@@QEBA_NXZ 0000000140015820 f i libucrtd:output.obj
 0001:00014860       ?narrow_null_string@?$output_processor@DV?$string_output_adapter@D@__crt_stdio_output@@V?$format_validation_base@DV?$string_output_adapter@D@__crt_stdio_output@@@2@@__crt_stdio_output@@CAPEADXZ 0000000140015860 f i libucrtd:output.obj
 0001:00014860       ?narrow_null_string@?$output_processor@_WV?$string_output_adapter@_W@__crt_stdio_output@@V?$format_validation_base@_WV?$string_output_adapter@_W@__crt_stdio_output@@@2@@__crt_stdio_output@@CAPEADXZ 0000000140015860 f i libucrtd:output.obj
 0001:00014870       ?parse_int_from_format_string@?$output_processor@DV?$string_output_adapter@D@__crt_stdio_output@@V?$format_validation_base@DV?$string_output_adapter@D@__crt_stdio_output@@@2@@__crt_stdio_output@@AEAA_NQEAH@Z 0000000140015870 f i libucrtd:output.obj
 0001:00014960       ?parse_int_from_format_string@?$output_processor@_WV?$string_output_adapter@_W@__crt_stdio_output@@V?$format_validation_base@_WV?$string_output_adapter@_W@__crt_stdio_output@@@2@@__crt_stdio_output@@AEAA_NQEAH@Z 0000000140015960 f i libucrtd:output.obj
 0001:00014a50       ?process@?$output_processor@DV?$string_output_adapter@D@__crt_stdio_output@@V?$format_validation_base@DV?$string_output_adapter@D@__crt_stdio_output@@@2@@__crt_stdio_output@@QEAAHXZ 0000000140015a50 f i libucrtd:output.obj
 0001:00014db0       ?process@?$output_processor@_WV?$string_output_adapter@_W@__crt_stdio_output@@V?$format_validation_base@_WV?$string_output_adapter@_W@__crt_stdio_output@@@2@@__crt_stdio_output@@QEAAHXZ 0000000140015db0 f i libucrtd:output.obj
 0001:00015110       ?set_flag@?$output_processor@DV?$string_output_adapter@D@__crt_stdio_output@@V?$format_validation_base@DV?$string_output_adapter@D@__crt_stdio_output@@@2@@__crt_stdio_output@@AEAAXI@Z 0000000140016110 f i libucrtd:output.obj
 0001:00015110       ?set_flag@?$output_processor@_WV?$string_output_adapter@_W@__crt_stdio_output@@V?$format_validation_base@_WV?$string_output_adapter@_W@__crt_stdio_output@@@2@@__crt_stdio_output@@AEAAXI@Z 0000000140016110 f i libucrtd:output.obj
 0001:00015130       ?validate_and_update_state_at_beginning_of_format_character@?$standard_base@DV?$string_output_adapter@D@__crt_stdio_output@@@__crt_stdio_output@@IEAA_NXZ 0000000140016130 f i libucrtd:output.obj
 0001:00015130       ?validate_state_for_type_case_a@?$standard_base@_WV?$string_output_adapter@_W@__crt_stdio_output@@@__crt_stdio_output@@IEBA_NXZ 0000000140016130 f i libucrtd:output.obj
 0001:00015130       ?validate_state_for_type_case_a@?$standard_base@DV?$string_output_adapter@D@__crt_stdio_output@@@__crt_stdio_output@@IEBA_NXZ 0000000140016130 f i libucrtd:output.obj
 0001:00015130       ?validate_and_update_state_at_beginning_of_format_character@?$standard_base@_WV?$string_output_adapter@_W@__crt_stdio_output@@@__crt_stdio_output@@IEAA_NXZ 0000000140016130 f i libucrtd:output.obj
 0001:00015130       ?should_format@?$standard_base@DV?$string_output_adapter@D@__crt_stdio_output@@@__crt_stdio_output@@IEAA_NXZ 0000000140016130 f i libucrtd:output.obj
 0001:00015130       ?should_format@?$standard_base@_WV?$string_output_adapter@_W@__crt_stdio_output@@@__crt_stdio_output@@IEAA_NXZ 0000000140016130 f i libucrtd:output.obj
 0001:00015140       ?should_skip_type_state_output@?$standard_base@DV?$string_output_adapter@D@__crt_stdio_output@@@__crt_stdio_output@@IEBA_NXZ 0000000140016140 f i libucrtd:output.obj
 0001:00015140       ?should_skip_type_state_output@?$standard_base@_WV?$string_output_adapter@_W@__crt_stdio_output@@@__crt_stdio_output@@IEBA_NXZ 0000000140016140 f i libucrtd:output.obj
 0001:00015140       ?should_skip_normal_state_processing@?$standard_base@DV?$string_output_adapter@D@__crt_stdio_output@@@__crt_stdio_output@@IEAA_NXZ 0000000140016140 f i libucrtd:output.obj
 0001:00015140       ?should_skip_normal_state_processing@?$standard_base@_WV?$string_output_adapter@_W@__crt_stdio_output@@@__crt_stdio_output@@IEAA_NXZ 0000000140016140 f i libucrtd:output.obj
 0001:00015150       ?state_case_dot@?$output_processor@_WV?$string_output_adapter@_W@__crt_stdio_output@@V?$format_validation_base@_WV?$string_output_adapter@_W@__crt_stdio_output@@@2@@__crt_stdio_output@@AEAA_NXZ 0000000140016150 f i libucrtd:output.obj
 0001:00015150       ?state_case_dot@?$output_processor@DV?$string_output_adapter@D@__crt_stdio_output@@V?$format_validation_base@DV?$string_output_adapter@D@__crt_stdio_output@@@2@@__crt_stdio_output@@AEAA_NXZ 0000000140016150 f i libucrtd:output.obj
 0001:00015170       ?state_case_flag@?$output_processor@DV?$string_output_adapter@D@__crt_stdio_output@@V?$format_validation_base@DV?$string_output_adapter@D@__crt_stdio_output@@@2@@__crt_stdio_output@@AEAA_NXZ 0000000140016170 f i libucrtd:output.obj
 0001:00015210       ?state_case_flag@?$output_processor@_WV?$string_output_adapter@_W@__crt_stdio_output@@V?$format_validation_base@_WV?$string_output_adapter@_W@__crt_stdio_output@@@2@@__crt_stdio_output@@AEAA_NXZ 0000000140016210 f i libucrtd:output.obj
 0001:000152b0       ?state_case_normal@?$output_processor@DV?$string_output_adapter@D@__crt_stdio_output@@V?$format_validation_base@DV?$string_output_adapter@D@__crt_stdio_output@@@2@@__crt_stdio_output@@AEAA_NXZ 00000001400162b0 f i libucrtd:output.obj
 0001:00015390       ?state_case_normal@?$output_processor@_WV?$string_output_adapter@_W@__crt_stdio_output@@V?$format_validation_base@_WV?$string_output_adapter@_W@__crt_stdio_output@@@2@@__crt_stdio_output@@AEAA_NXZ 0000000140016390 f i libucrtd:output.obj
 0001:00015470       ?state_case_normal_common@?$output_processor@DV?$string_output_adapter@D@__crt_stdio_output@@V?$format_validation_base@DV?$string_output_adapter@D@__crt_stdio_output@@@2@@__crt_stdio_output@@AEAA_NXZ 0000000140016470 f i libucrtd:output.obj
 0001:000154c0       ?state_case_normal_common@?$output_processor@_WV?$string_output_adapter@_W@__crt_stdio_output@@V?$format_validation_base@_WV?$string_output_adapter@_W@__crt_stdio_output@@@2@@__crt_stdio_output@@AEAA_NXZ 00000001400164c0 f i libucrtd:output.obj
 0001:00015510       ?state_case_normal_tchar@?$output_processor@DV?$string_output_adapter@D@__crt_stdio_output@@V?$format_validation_base@DV?$string_output_adapter@D@__crt_stdio_output@@@2@@__crt_stdio_output@@AEAA_ND@Z 0000000140016510 f i libucrtd:output.obj
 0001:00015650       ?state_case_normal_tchar@?$output_processor@_WV?$string_output_adapter@_W@__crt_stdio_output@@V?$format_validation_base@_WV?$string_output_adapter@_W@__crt_stdio_output@@@2@@__crt_stdio_output@@AEAA_N_W@Z 0000000140016650 f i libucrtd:output.obj
 0001:00015670       ?state_case_percent@?$output_processor@_WV?$string_output_adapter@_W@__crt_stdio_output@@V?$format_validation_base@_WV?$string_output_adapter@_W@__crt_stdio_output@@@2@@__crt_stdio_output@@AEAA_NXZ 0000000140016670 f i libucrtd:output.obj
 0001:00015670       ?state_case_percent@?$output_processor@DV?$string_output_adapter@D@__crt_stdio_output@@V?$format_validation_base@DV?$string_output_adapter@D@__crt_stdio_output@@@2@@__crt_stdio_output@@AEAA_NXZ 0000000140016670 f i libucrtd:output.obj
 0001:000156c0       ?state_case_precision@?$output_processor@DV?$string_output_adapter@D@__crt_stdio_output@@V?$format_validation_base@DV?$string_output_adapter@D@__crt_stdio_output@@@2@@__crt_stdio_output@@AEAA_NXZ 00000001400166c0 f i libucrtd:output.obj
 0001:00015740       ?state_case_precision@?$output_processor@_WV?$string_output_adapter@_W@__crt_stdio_output@@V?$format_validation_base@_WV?$string_output_adapter@_W@__crt_stdio_output@@@2@@__crt_stdio_output@@AEAA_NXZ 0000000140016740 f i libucrtd:output.obj
 0001:000157c0       ?state_case_size@?$output_processor@DV?$string_output_adapter@D@__crt_stdio_output@@V?$format_validation_base@DV?$string_output_adapter@D@__crt_stdio_output@@@2@@__crt_stdio_output@@AEAA_NXZ 00000001400167c0 f i libucrtd:output.obj
 0001:00015c40       ?state_case_size@?$output_processor@_WV?$string_output_adapter@_W@__crt_stdio_output@@V?$format_validation_base@_WV?$string_output_adapter@_W@__crt_stdio_output@@@2@@__crt_stdio_output@@AEAA_NXZ 0000000140016c40 f i libucrtd:output.obj
 0001:000160c0       ?state_case_type@?$output_processor@DV?$string_output_adapter@D@__crt_stdio_output@@V?$format_validation_base@DV?$string_output_adapter@D@__crt_stdio_output@@@2@@__crt_stdio_output@@AEAA_NXZ 00000001400170c0 f i libucrtd:output.obj
 0001:00016560       ?state_case_type@?$output_processor@_WV?$string_output_adapter@_W@__crt_stdio_output@@V?$format_validation_base@_WV?$string_output_adapter@_W@__crt_stdio_output@@@2@@__crt_stdio_output@@AEAA_NXZ 0000000140017560 f i libucrtd:output.obj
 0001:00016ac0       ?state_case_width@?$output_processor@DV?$string_output_adapter@D@__crt_stdio_output@@V?$format_validation_base@DV?$string_output_adapter@D@__crt_stdio_output@@@2@@__crt_stdio_output@@AEAA_NXZ 0000000140017ac0 f i libucrtd:output.obj
 0001:00016b50       ?state_case_width@?$output_processor@_WV?$string_output_adapter@_W@__crt_stdio_output@@V?$format_validation_base@_WV?$string_output_adapter@_W@__crt_stdio_output@@@2@@__crt_stdio_output@@AEAA_NXZ 0000000140017b50 f i libucrtd:output.obj
 0001:00016be0       ?state_count@?$format_validation_base@_WV?$string_output_adapter@_W@__crt_stdio_output@@@__crt_stdio_output@@KAIXZ 0000000140017be0 f i libucrtd:output.obj
 0001:00016be0       ?state_count@?$format_validation_base@DV?$string_output_adapter@D@__crt_stdio_output@@@__crt_stdio_output@@KAIXZ 0000000140017be0 f i libucrtd:output.obj
 0001:00016bf0       ?state_transition_table@?$format_validation_base@DV?$string_output_adapter@D@__crt_stdio_output@@@__crt_stdio_output@@KAPEBEXZ 0000000140017bf0 f i libucrtd:output.obj
 0001:00016bf0       ?state_transition_table@?$format_validation_base@_WV?$string_output_adapter@_W@__crt_stdio_output@@@__crt_stdio_output@@KAPEBEXZ 0000000140017bf0 f i libucrtd:output.obj
 0001:00016c00       ?tchar_string@?$common_data@D@__crt_stdio_output@@IEAAAEAPEADD@Z 0000000140017c00 f i libucrtd:output.obj
 0001:00016c20       ?tchar_string@?$common_data@D@__crt_stdio_output@@IEAAAEAPEADXZ 0000000140017c20 f i libucrtd:output.obj
 0001:00016c40       ?tchar_string@?$common_data@_W@__crt_stdio_output@@IEAAAEAPEA_WXZ 0000000140017c40 f i libucrtd:output.obj
 0001:00016c60       ?tchar_string@?$common_data@_W@__crt_stdio_output@@IEAAAEAPEA_W_W@Z 0000000140017c60 f i libucrtd:output.obj
 0001:00016c80       ?to_integer_size@__crt_stdio_output@@YA_KW4length_modifier@1@@Z 0000000140017c80 f i libucrtd:output.obj
 0001:00016d30       ?type_case_X@?$output_processor@DV?$string_output_adapter@D@__crt_stdio_output@@V?$format_validation_base@DV?$string_output_adapter@D@__crt_stdio_output@@@2@@__crt_stdio_output@@AEAA_NXZ 0000000140017d30 f i libucrtd:output.obj
 0001:00016d50       ?type_case_X@?$output_processor@_WV?$string_output_adapter@_W@__crt_stdio_output@@V?$format_validation_base@_WV?$string_output_adapter@_W@__crt_stdio_output@@@2@@__crt_stdio_output@@AEAA_NXZ 0000000140017d50 f i libucrtd:output.obj
 0001:00016d70       ?type_case_Z@?$output_processor@DV?$string_output_adapter@D@__crt_stdio_output@@V?$format_validation_base@DV?$string_output_adapter@D@__crt_stdio_output@@@2@@__crt_stdio_output@@AEAA_NXZ 0000000140017d70 f i libucrtd:output.obj
 0001:00016e90       ?type_case_Z@?$output_processor@_WV?$string_output_adapter@_W@__crt_stdio_output@@V?$format_validation_base@_WV?$string_output_adapter@_W@__crt_stdio_output@@@2@@__crt_stdio_output@@AEAA_NXZ 0000000140017e90 f i libucrtd:output.obj
 0001:00016fb0       ?type_case_a@?$output_processor@DV?$string_output_adapter@D@__crt_stdio_output@@V?$format_validation_base@DV?$string_output_adapter@D@__crt_stdio_output@@@2@@__crt_stdio_output@@AEAA_NXZ 0000000140017fb0 f i libucrtd:output.obj
 0001:00017370       ?type_case_a@?$output_processor@_WV?$string_output_adapter@_W@__crt_stdio_output@@V?$format_validation_base@_WV?$string_output_adapter@_W@__crt_stdio_output@@@2@@__crt_stdio_output@@AEAA_NXZ 0000000140018370 f i libucrtd:output.obj
 0001:00017740       ?type_case_c@?$output_processor@DV?$string_output_adapter@D@__crt_stdio_output@@V?$format_validation_base@DV?$string_output_adapter@D@__crt_stdio_output@@@2@@__crt_stdio_output@@AEAA_NXZ 0000000140018740 f i libucrtd:output.obj
 0001:00017760       ?type_case_c@?$output_processor@_WV?$string_output_adapter@_W@__crt_stdio_output@@V?$format_validation_base@_WV?$string_output_adapter@_W@__crt_stdio_output@@@2@@__crt_stdio_output@@AEAA_NXZ 0000000140018760 f i libucrtd:output.obj
[...]
 0004:00002700       $pdata$_wcstombs_l         0000000140053700     libucrtd:wcstombs.obj
 0004:0000270c       $pdata$?wcsncnt@@YA_KPEB_W_K@Z 000000014005370c     libucrtd:wcstombs.obj
 0004:00002718       $pdata$?_wcstombs_l_helper@@YA_KPEADPEB_W_KPEAU__crt_locale_pointers@@@Z 0000000140053718     libucrtd:wcstombs.obj
 0004:00002724       $pdata$?dtor$0@?0??_wcstombs_l_helper@@YA_KPEADPEB_W_KPEAU__crt_locale_pointers@@@Z@4HA 0000000140053724     libucrtd:wcstombs.obj
 0004:00002730       $pdata$strcat_s            0000000140053730     libucrtd:strcat_s.obj
 0004:0000273c       $pdata$??$common_tcscat_s@D@@YAHQEAD_KQEBD@Z 000000014005373c     libucrtd:strcat_s.obj
 0004:00002748       $pdata$?__mbrtowc_utf8@__crt_mbstring@@YA_KPEA_WPEBD_KPEAU_Mbstatet@@@Z 0000000140053748     libucrtd:mbrtowc.obj
 0004:00002754       $pdata$?__mbsrtowcs_utf8@__crt_mbstring@@YA_KPEA_WPEAPEBD_KPEAU_Mbstatet@@@Z 0000000140053754     libucrtd:mbrtowc.obj
 0004:00002760       $pdata$__acrt_fp_strflt_to_string 0000000140053760     libucrtd:_fptostr.obj
 0004:0000276c       $pdata$__acrt_fltout       000000014005376c     libucrtd:cfout.obj
 0004:00002778       $pdata$??0big_integer@__crt_strtox@@QEAA@XZ 0000000140053778     libucrtd:cfout.obj
 0004:00002784       $pdata$??0big_integer@__crt_strtox@@QEAA@AEBU01@@Z 0000000140053784     libucrtd:cfout.obj
 0004:00002784       $pdata$??4big_integer@__crt_strtox@@QEAAAEAU01@AEBU01@@Z 0000000140053784     libucrtd:cfout.obj
 0004:00002790       $pdata$??8__crt_strtox@@YA_NAEBUbig_integer@0@0@Z 0000000140053790     libucrtd:cfout.obj
 0004:0000279c       $pdata$??9__crt_strtox@@YA_NAEBUbig_integer@0@0@Z 000000014005379c     libucrtd:cfout.obj
 0004:000027a8       $pdata$?make_big_integer@__crt_strtox@@YA?AUbig_integer@1@_K@Z 00000001400537a8     libucrtd:cfout.obj
 0004:000027b4       $pdata$?make_big_integer_power_of_two@__crt_strtox@@YA?AUbig_integer@1@I@Z 00000001400537b4     libucrtd:cfout.obj
 0004:000027c0       $pdata$?is_zero@__crt_strtox@@YA_NAEBUbig_integer@1@@Z 00000001400537c0     libucrtd:cfout.obj
 0004:000027cc       $pdata$?bit_scan_reverse@__crt_strtox@@YAII@Z 00000001400537cc     libucrtd:cfout.obj
 0004:000027d8       $pdata$?shift_left@__crt_strtox@@YA_NAEAUbig_integer@1@I@Z 00000001400537d8     libucrtd:cfout.obj
 0004:000027e4       $pdata$?add_carry@__crt_strtox@@YAIAEAIII@Z 00000001400537e4     libucrtd:cfout.obj
 0004:000027f0       $pdata$?add_multiply_carry@__crt_strtox@@YAIAEAIIII@Z 00000001400537f0     libucrtd:cfout.obj
 0004:000027fc       $pdata$?multiply_core@__crt_strtox@@YAIQEAIII@Z 00000001400537fc     libucrtd:cfout.obj
 0004:00002808       $pdata$?multiply@__crt_strtox@@YA_NAEAUbig_integer@1@I@Z 0000000140053808     libucrtd:cfout.obj
 0004:00002814       $pdata$?multiply@__crt_strtox@@YA_NAEAUbig_integer@1@AEBU21@@Z 0000000140053814     libucrtd:cfout.obj
 0004:00002820       $pdata$?multiply_by_power_of_ten@__crt_strtox@@YA_NAEAUbig_integer@1@I@Z 0000000140053820     libucrtd:cfout.obj
 0004:0000282c       $pdata$?count_sequential_high_zeroes@__crt_strtox@@YAII@Z 000000014005382c     libucrtd:cfout.obj
 0004:00002838       $pdata$?divide@__crt_strtox@@YA_KAEAUbig_integer@1@AEBU21@@Z 0000000140053838     libucrtd:cfout.obj
 0004:00002844       $pdata$??0scoped_fp_state_reset@?A0x71ca7cfb@@QEAA@XZ 0000000140053844     libucrtd:cfout.obj
 0004:00002850       $pdata$??1scoped_fp_state_reset@?A0x71ca7cfb@@QEAA@XZ 0000000140053850     libucrtd:cfout.obj
 0004:0000285c       $pdata$??$convert_to_fos_high_precision@N@@YAXNIQEAHQEAD_K@Z 000000014005385c     libucrtd:cfout.obj
 0004:00002868       $pdata$_fcloseall          0000000140053868     libucrtd:closeall.obj
 0004:00002874       $pdata$_fcloseall$fin$0    0000000140053874     libucrtd:closeall.obj
 0004:00002880       $pdata$?is_in_use@__crt_stdio_stream@@QEBA_NXZ 0000000140053880     libucrtd:closeall.obj
 0004:0000288c       $pdata$?has_crt_buffer@__crt_stdio_stream@@QEBA_NXZ 000000014005388c     libucrtd:_freebuf.obj
 0004:00002898       $pdata$__acrt_stdio_free_buffer_nolock 0000000140053898     libucrtd:_freebuf.obj
 0004:000028a4       $pdata$__acrt_GetStringTypeW 00000001400538a4     libucrtd:getstringtypew.obj
 0004:000028b0       $pdata$__strncnt           00000001400538b0     libucrtd:strncnt.obj
 0004:000028bc       $pdata$_commit             00000001400538bc     libucrtd:commit.obj
 0004:000028c8       $pdata$??R<lambda_5533cddd4bda0037814beee657757329>@@QEBAHXZ 00000001400538c8     libucrtd:commit.obj
 0004:000028d4       $pdata$??$__acrt_lowio_lock_fh_and_call@V<lambda_5533cddd4bda0037814beee657757329>@@@@YAHH$$QEAV<lambda_5533cddd4bda0037814beee657757329>@@@Z 00000001400538d4     libucrtd:commit.obj
 0004:000028e0       $pdata$??R<lambda_53fc7fc888e23d815d7080162c0aeeb2>@@QEBAXXZ 00000001400538e0     libucrtd:close.obj
 0004:000028e0       $pdata$??R<lambda_4e3dbe6921bc0b5a1a6bc6573fdc859e>@@QEBAXXZ 00000001400538e0     libucrtd:commit.obj
 0004:000028ec       $pdata$??R<lambda_8ddc48ad9d26c778cb15812d1d88fc8a>@@QEBAXXZ 00000001400538ec     libucrtd:close.obj
 0004:000028ec       $pdata$??R<lambda_47cffbaa968af5c721c38a4a6f8da44d>@@QEBAXXZ 00000001400538ec     libucrtd:commit.obj
 0004:000028f8       $pdata$??$?RV<lambda_4e3dbe6921bc0b5a1a6bc6573fdc859e>@@AEAV<lambda_5533cddd4bda0037814beee657757329>@@V<lambda_47cffbaa968af5c721c38a4a6f8da44d>@@@?$__crt_seh_guarded_call@H@@QEAAH$$QEAV<lambda_4e3dbe6921bc0b5a1a6bc6573fdc859e>@@AEAV<lambda_5533cddd4bda0037814beee657757329>@@$$QEAV<lambda_47cffbaa968af5c721c38a4a6f8da44d>@@@Z 00000001400538f8     libucrtd:commit.obj
 0004:00002904       $pdata$?fin$0@?0???$?RV<lambda_4e3dbe6921bc0b5a1a6bc6573fdc859e>@@AEAV<lambda_5533cddd4bda0037814beee657757329>@@V<lambda_47cffbaa968af5c721c38a4a6f8da44d>@@@?$__crt_seh_guarded_call@H@@QEAAH$$QEAV<lambda_4e3dbe6921bc0b5a1a6bc6573fdc859e>@@AEAV<lambda_5533cddd4bda0037814beee657757329>@@$$QEAV<lambda_47cffbaa968af5c721c38a4a6f8da44d>@@@Z@4HA 0000000140053904     libucrtd:commit.obj
 0004:00002904       $pdata$?fin$0@?0???$?RV<lambda_53fc7fc888e23d815d7080162c0aeeb2>@@AEAV<lambda_4e7105787b7b0e0227fbf2b2d883fa65>@@V<lambda_8ddc48ad9d26c778cb15812d1d88fc8a>@@@?$__crt_seh_guarded_call@H@@QEAAH$$QEAV<lambda_53fc7fc888e23d815d7080162c0aeeb2>@@AEAV<lambda_4e7105787b7b0e0227fbf2b2d883fa65>@@$$QEAV<lambda_8ddc48ad9d26c778cb15812d1d88fc8a>@@@Z@4HA 0000000140053904     libucrtd:close.obj
 0004:00002910       $pdata$_write              0000000140053910     libucrtd:write.obj
 0004:0000291c       $pdata$_write$fin$0        000000014005391c     libucrtd:write.obj
 0004:00002928       $pdata$_write_nolock       0000000140053928     libucrtd:write.obj
 0004:00002934       $pdata$?write_requires_double_translation_nolock@@YA_NH@Z 0000000140053934     libucrtd:write.obj
 0004:00002940       $pdata$?write_double_translated_ansi_nolock@@YA?AUwrite_result@?A0x17268360@@HQEBDI@Z 0000000140053940     libucrtd:write.obj
 0004:0000294c       $pdata$?write_double_translated_unicode_nolock@@YA?AUwrite_result@?A0x17268360@@QEBDI@Z 000000014005394c     libucrtd:write.obj
 0004:00002958       $pdata$?write_text_ansi_nolock@@YA?AUwrite_result@?A0x17268360@@HQEBDI@Z 0000000140053958     libucrtd:write.obj
 0004:00002964       $pdata$?write_text_utf16le_nolock@@YA?AUwrite_result@?A0x17268360@@HQEBDI@Z 0000000140053964     libucrtd:write.obj
 0004:00002970       $pdata$?write_text_utf8_nolock@@YA?AUwrite_result@?A0x17268360@@HQEBDI@Z 0000000140053970     libucrtd:write.obj
 0004:0000297c       $pdata$?write_binary_nolock@@YA?AUwrite_result@?A0x17268360@@HQEBDI@Z 000000014005397c     libucrtd:write.obj
 0004:00002988       $pdata$?__wcsrtombs_utf8@__crt_mbstring@@YA_KPEADPEAPEB_W_KPEAU_Mbstatet@@@Z 0000000140053988     libucrtd:wcrtomb.obj
 0004:00002994       $pdata$?__mbrtoc32_utf8@__crt_mbstring@@YA_KPEA_UPEBD_KPEAU_Mbstatet@@@Z 0000000140053994     libucrtd:mbrtoc32.obj
 0004:000029a0       $pdata$?return_illegal_sequence@__crt_mbstring@@YA_KPEAU_Mbstatet@@@Z 00000001400539a0     libucrtd:mbrtoc32.obj
 0004:000029ac       $pdata$?reset_and_return@__crt_mbstring@@YA_K_KPEAU_Mbstatet@@@Z 00000001400539ac     libucrtd:mbrtoc32.obj
 0004:000029c4       $pdata$ceil                00000001400539c4     libucrtd:ceil.obj
 0004:000029d0       $pdata$fegetenv            00000001400539d0     libucrtd:fegetenv.obj
 0004:000029dc       $pdata$fesetenv            00000001400539dc     libucrtd:fesetenv.obj
 0004:000029e8       $pdata$feholdexcept        00000001400539e8     libucrtd:feholdexcept.obj
 0004:000029f4       $pdata$_lseeki64_nolock    00000001400539f4     libucrtd:lseek.obj
 0004:00002a00       $pdata$?common_lseek_do_seek_nolock@@YA_JQEAX_JH@Z 0000000140053a00     libucrtd:lseek.obj
 0004:00002a0c       $pdata$??$common_lseek_nolock@_J@@YA_JH_JH@Z 0000000140053a0c     libucrtd:lseek.obj
 0004:00002a18       $pdata$fclose              0000000140053a18     libucrtd:fclose.obj
 0004:00002a24       $pdata$fclose$fin$0        0000000140053a24     libucrtd:fclose.obj
 0004:00002a30       $pdata$_fclose_nolock      0000000140053a30     libucrtd:fclose.obj
 0004:00002a3c       $pdata$_putwch_nolock      0000000140053a3c     libucrtd:putwch.obj
 0004:00002a48       $pdata$?__c16rtomb_utf8@__crt_mbstring@@YA_KPEAD_SPEAU_Mbstatet@@@Z 0000000140053a48     libucrtd:c16rtomb.obj
 0004:00002a54       $pdata$?store_first_surrogate@?A0xc60ee810@@YAX_SPEAU_Mbstatet@@@Z 0000000140053a54     libucrtd:c16rtomb.obj
 0004:00002a60       $pdata$?has_surrogate@?A0xc60ee810@@YA_NPEAU_Mbstatet@@@Z 0000000140053a60     libucrtd:c16rtomb.obj
 0004:00002a6c       $pdata$?is_first_surrogate@?A0xc60ee810@@YA_N_S@Z 0000000140053a6c     libucrtd:c16rtomb.obj
 0004:00002a78       $pdata$?is_second_surrogate@?A0xc60ee810@@YA_N_S@Z 0000000140053a78     libucrtd:c16rtomb.obj
 0004:00002a84       $pdata$__acrt_initialize_fma3 0000000140053a84     libucrtd:fma3_available.obj
 0004:00002a90       $pdata$_log_special_common 0000000140053a90     libucrtd:log_special.obj
 0004:00002a9c       $pdata$_log10_special      0000000140053a9c     libucrtd:log_special.obj
 0004:00002aa8       $pdata$_call_matherr       0000000140053aa8     libucrtd:libm_error.obj
 0004:00002ab4       $pdata$_exception_enabled  0000000140053ab4     libucrtd:libm_error.obj
 0004:00002ac0       $pdata$_handle_nan         0000000140053ac0     libucrtd:libm_error.obj
 0004:00002acc       $pdata$_handle_error       0000000140053acc     libucrtd:libm_error.obj
 0004:00002ad8       $pdata$??$__acrt_fenv_shift_bits@W4__acrt_fenv_abstract_status@@@@YA?AW4__acrt_fenv_abstract_status@@W40@0I@Z 0000000140053ad8     libucrtd:_fenvutils.obj
 0004:00002ad8       $pdata$??$__acrt_fenv_shift_bits@W4__acrt_fenv_abstract_control@@@@YA?AW4__acrt_fenv_abstract_control@@W40@0I@Z 0000000140053ad8     libucrtd:_fenvutils.obj
 0004:00002ae4       $pdata$??$__acrt_fenv_unshift_bits@W4__acrt_fenv_abstract_control@@@@YA?AW4__acrt_fenv_abstract_control@@W40@0I@Z 0000000140053ae4     libucrtd:_fenvutils.obj
 0004:00002ae4       $pdata$??$__acrt_fenv_unshift_bits@W4__acrt_fenv_abstract_status@@@@YA?AW4__acrt_fenv_abstract_status@@W40@0I@Z 0000000140053ae4     libucrtd:_fenvutils.obj
 0004:00002af0       $pdata$?__acrt_fenv_shift_abstract_sse_status@@YA?AW4__acrt_fenv_abstract_status@@W41@@Z 0000000140053af0     libucrtd:_fenvutils.obj
 0004:00002afc       $pdata$?__acrt_fenv_unshift_abstract_sse_status@@YA?AW4__acrt_fenv_abstract_status@@W41@@Z 0000000140053afc     libucrtd:_fenvutils.obj
 0004:00002b08       $pdata$?__acrt_fenv_shift_abstract_sse_control@@YA?AW4__acrt_fenv_abstract_control@@W41@@Z 0000000140053b08     libucrtd:_fenvutils.obj
 0004:00002b14       $pdata$?__acrt_fenv_unshift_abstract_sse_control@@YA?AW4__acrt_fenv_abstract_control@@W41@@Z 0000000140053b14     libucrtd:_fenvutils.obj
 0004:00002b20       $pdata$__acrt_fenv_get_status 0000000140053b20     libucrtd:_fenvutils.obj
 0004:00002b2c       $pdata$__acrt_fenv_set_status 0000000140053b2c     libucrtd:_fenvutils.obj
 0004:00002b38       $pdata$__acrt_fenv_get_control 0000000140053b38     libucrtd:_fenvutils.obj
 0004:00002b44       $pdata$__acrt_fenv_set_control 0000000140053b44     libucrtd:_fenvutils.obj
 0004:00002b50       $pdata$?to_machine_sse_status@@YA?AW4__acrt_fenv_machine_sse_status@@W4__acrt_fenv_abstract_status@@@Z 0000000140053b50     libucrtd:_fenvutils.obj
 0004:00002b5c       $pdata$??$translate_status@W4__acrt_fenv_machine_sse_status@@W4__acrt_fenv_abstract_status@@@@YA?AW4__acrt_fenv_machine_sse_status@@W4__acrt_fenv_abstract_status@@@Z 0000000140053b5c     libucrtd:_fenvutils.obj
 0004:00002b68       $pdata$?translate_control_denormal_control_to_sse@@YA?AW4__acrt_fenv_machine_sse_control@@W4__acrt_fenv_abstract_control@@@Z 0000000140053b68     libucrtd:_fenvutils.obj
 0004:00002b74       $pdata$?translate_control_denormal_control_from_sse@@YA?AW4__acrt_fenv_abstract_control@@W4__acrt_fenv_machine_sse_control@@@Z 0000000140053b74     libucrtd:_fenvutils.obj
 0004:00002b80       $pdata$?to_abstract_control@@YA?AW4__acrt_fenv_abstract_control@@W4__acrt_fenv_machine_sse_control@@@Z 0000000140053b80     libucrtd:_fenvutils.obj
 0004:00002b8c       $pdata$??$translate_control_exception_mask@W4__acrt_fenv_abstract_control@@W4__acrt_fenv_machine_sse_control@@@@YA?AW4__acrt_fenv_abstract_control@@W4__acrt_fenv_machine_sse_control@@@Z 0000000140053b8c     libucrtd:_fenvutils.obj
 0004:00002b98       $pdata$??$translate_control_rounding_control@W4__acrt_fenv_abstract_control@@W4__acrt_fenv_machine_sse_control@@@@YA?AW4__acrt_fenv_abstract_control@@W4__acrt_fenv_machine_sse_control@@@Z 0000000140053b98     libucrtd:_fenvutils.obj
 0004:00002ba4       $pdata$?to_machine_sse_control@@YA?AW4__acrt_fenv_machine_sse_control@@W4__acrt_fenv_abstract_control@@@Z 0000000140053ba4     libucrtd:_fenvutils.obj
 0004:00002bb0       $pdata$??$translate_control_exception_mask@W4__acrt_fenv_machine_sse_control@@W4__acrt_fenv_abstract_control@@@@YA?AW4__acrt_fenv_machine_sse_control@@W4__acrt_fenv_abstract_control@@@Z 0000000140053bb0     libucrtd:_fenvutils.obj
 0004:00002bbc       $pdata$??$translate_control_rounding_control@W4__acrt_fenv_machine_sse_control@@W4__acrt_fenv_abstract_control@@@@YA?AW4__acrt_fenv_machine_sse_control@@W4__acrt_fenv_abstract_control@@@Z 0000000140053bbc     libucrtd:_fenvutils.obj
 0004:00002bc8       $pdata$?get_machine_sse_status@@YA?AW4__acrt_fenv_machine_sse_status@@XZ 0000000140053bc8     libucrtd:_fenvutils.obj
 0004:00002bd4       $pdata$?set_machine_sse_status@@YAXW4__acrt_fenv_machine_sse_status@@@Z 0000000140053bd4     libucrtd:_fenvutils.obj
 0004:00002be0       $pdata$?get_machine_sse_control@@YA?AW4__acrt_fenv_machine_sse_control@@XZ 0000000140053be0     libucrtd:_fenvutils.obj
 0004:00002bec       $pdata$?set_machine_sse_control@@YAXW4__acrt_fenv_machine_sse_control@@@Z 0000000140053bec     libucrtd:_fenvutils.obj
 0004:00002bf8       $pdata$??$to_abstract_status@W4__acrt_fenv_machine_sse_status@@@@YA?AW4__acrt_fenv_abstract_status@@W4__acrt_fenv_machine_sse_status@@@Z 0000000140053bf8     libucrtd:_fenvutils.obj
 0004:00002c04       $pdata$??$__acrt_fenv_translate_bit@W4__acrt_fenv_abstract_status@@W4__acrt_fenv_machine_sse_status@@@@YA?AW4__acrt_fenv_abstract_status@@W4__acrt_fenv_machine_sse_status@@0W40@1@Z 0000000140053c04     libucrtd:_fenvutils.obj
 0004:00002c04       $pdata$??$__acrt_fenv_translate_bit@W4__acrt_fenv_machine_sse_status@@W4__acrt_fenv_abstract_status@@@@YA?AW4__acrt_fenv_machine_sse_status@@W4__acrt_fenv_abstract_status@@0W40@1@Z 0000000140053c04     libucrtd:_fenvutils.obj
 0004:00002c10       $pdata$??$__acrt_fenv_translate_bit@W4__acrt_fenv_abstract_control@@W4__acrt_fenv_machine_sse_control@@@@YA?AW4__acrt_fenv_abstract_control@@W4__acrt_fenv_machine_sse_control@@0W40@1@Z 0000000140053c10     libucrtd:_fenvutils.obj
 0004:00002c1c       $pdata$??$__acrt_fenv_translate_bit@W4__acrt_fenv_machine_sse_control@@W4__acrt_fenv_abstract_control@@@@YA?AW4__acrt_fenv_machine_sse_control@@W4__acrt_fenv_abstract_control@@0W40@1@Z 0000000140053c1c     libucrtd:_fenvutils.obj
 0004:00002c28       $pdata$??$translate_status@W4__acrt_fenv_abstract_status@@W4__acrt_fenv_machine_sse_status@@@@YA?AW4__acrt_fenv_abstract_status@@W4__acrt_fenv_machine_sse_status@@@Z 0000000140053c28     libucrtd:_fenvutils.obj
 0004:00002c34       $pdata$_clearfp            0000000140053c34     libucrtd:ieee.obj
 0004:00002c40       $pdata$_abstract_sw        0000000140053c40     libucrtd:ieee.obj
 0004:00002c4c       $pdata$_close              0000000140053c4c     libucrtd:close.obj
 0004:00002c58       $pdata$_close_nolock       0000000140053c58     libucrtd:close.obj
 0004:00002c64       $pdata$?close_os_handle_nolock@@YAKH@Z 0000000140053c64     libucrtd:close.obj
 0004:00002c70       $pdata$??R<lambda_4e7105787b7b0e0227fbf2b2d883fa65>@@QEBAHXZ 0000000140053c70     libucrtd:close.obj
 0004:00002c7c       $pdata$??$__acrt_lowio_lock_fh_and_call@V<lambda_4e7105787b7b0e0227fbf2b2d883fa65>@@@@YAHH$$QEAV<lambda_4e7105787b7b0e0227fbf2b2d883fa65>@@@Z 0000000140053c7c     libucrtd:close.obj
 0004:00002c88       $pdata$??$?RV<lambda_53fc7fc888e23d815d7080162c0aeeb2>@@AEAV<lambda_4e7105787b7b0e0227fbf2b2d883fa65>@@V<lambda_8ddc48ad9d26c778cb15812d1d88fc8a>@@@?$__crt_seh_guarded_call@H@@QEAAH$$QEAV<lambda_53fc7fc888e23d815d7080162c0aeeb2>@@AEAV<lambda_4e7105787b7b0e0227fbf2b2d883fa65>@@$$QEAV<lambda_8ddc48ad9d26c778cb15812d1d88fc8a>@@@Z 0000000140053c88     libucrtd:close.obj
 0004:00002c94       $pdata$?__acrt_stdio_free_stream@@YAXV__crt_stdio_stream@@@Z 0000000140053c94     libucrtd:stream.obj
 0004:00002ca0       $pdata$__dcrt_lowio_ensure_console_output_initialized 0000000140053ca0     libucrtd:initcon.obj
 0004:00002cac       $pdata$__dcrt_write_console 0000000140053cac     libucrtd:initcon.obj
 0004:00002cb8       $pdata$__dcrt_terminate_console_output 0000000140053cb8     libucrtd:initcon.obj
 0004:00002cc4       $pdata$c32rtomb            0000000140053cc4     libucrtd:c32rtomb.obj
 0004:00002cd0       $pdata$?__c32rtomb_utf8@__crt_mbstring@@YA_KPEAD_UPEAU_Mbstatet@@@Z 0000000140053cd0     libucrtd:c32rtomb.obj
 0004:00002cdc       $pdata$_set_errno_from_matherr 0000000140053cdc     libucrtd:fpexcept.obj
 0004:00002ce8       $pdata$_raise_exc          0000000140053ce8     libucrtd:fpexcept.obj
 0004:00002cf4       $pdata$_raise_exc_ex       0000000140053cf4     libucrtd:fpexcept.obj
 0004:00002d00       $pdata$_clrfp              0000000140053d00     libucrtd:fpctrl.obj
 0004:00002d0c       $pdata$_ctrlfp             0000000140053d0c     libucrtd:fpctrl.obj
 0004:00002d18       $pdata$_ctrlfp$filt$0      0000000140053d18     libucrtd:fpctrl.obj
 0004:00002d24       $pdata$_statfp             0000000140053d24     libucrtd:fpctrl.obj
 0004:00002d30       $pdata$_set_statfp         0000000140053d30     libucrtd:fpctrl.obj
 0004:00002d48       $pdata$_ValidateImageBase  0000000140053d48     LIBCMTD:pesect.obj
 0004:00002d54       $pdata$_FindPESection      0000000140053d54     LIBCMTD:pesect.obj
 0004:00002d60       $pdata$_IsNonwritableInCurrentImage 0000000140053d60     LIBCMTD:pesect.obj
 0004:00002d6c       $pdata$_IsNonwritableInCurrentImage$filt$0 0000000140053d6c     LIBCMTD:pesect.obj
 0004:00002d78       $pdata$??_Gtype_info@@UEAAPEAXI@Z 0000000140053d78     LIBCMTD:std_type_info_static.obj
 0004:00002d84       $pdata$??3@YAXPEAX_K@Z     0000000140053d84     LIBCMTD:delete_scalar_size.obj
 0004:00002d90       $pdata$__GSHandlerCheck_SEH 0000000140053d90     LIBCMTD:_gshandlerseh_.obj
 0004:00002d9c       $pdata$__GSHandlerCheck_EH 0000000140053d9c     LIBCMTD:gshandlereh.obj
 0004:00002da8       $pdata$??3@YAXPEAX@Z       0000000140053da8     LIBCMTD:delete_scalar.obj
 0004:00002dcc       $pdata$strrchr             0000000140053dcc     libvcruntimed:strrchr.obj
